192.168.74.78 - - [17/Feb/2013:06:48:29 +0600] "GET /pause/ajaxPause?pauseConfigId=&admin=0 HTTP/1.1" 200 986 "http://callider/pause/index" "Mozilla/4.0 (compatible; MSIE 7.0; Windows NT 6.1; WOW64; Trident/5.0; SLCC2; .NET CLR 2.0.50727; .NET CLR 3.5.30729; .NET CLR 3.0.30729; Media Center PC 6.0; InfoPath.3; .NET4.0C; MS-RTC LM 8; .NET4.0E)" 18725
192.168.12.204 - - [17/Feb/2013:06:48:29 +0600] "GET /pause/ajaxPause?pauseConfigId=&admin=0 HTTP/1.1" 200 986 "http://callider/pause/index" "Mozilla/4.0 (compatible; MSIE 7.0; Windows NT 6.1; WOW64; Trident/4.0; SLCC2; .NET CLR 2.0.50727; .NET CLR 3.5.30729; .NET CLR 3.0.30729; Media Center PC 6.0; InfoPath.3; .NET4.0C; .NET4.0E; .NET CLR 1.1.4322)" 18208
192.168.12.69 - - [17/Feb/2013:06:48:30 +0600] "GET /pause/ajaxPause?pauseConfigId=&admin=0 HTTP/1.1" 200 986 "http://callider/pause/index" "Mozilla/4.0 (compatible; MSIE 7.0; Windows NT 6.1; Trident/5.0; SLCC2; .NET CLR 2.0.50727; .NET CLR 3.5.30729; .NET CLR 3.0.30729; Media Center PC 6.0; InfoPath.3; .NET4.0C; .NET4.0E; Tablet PC 2.0; AskTbFXTV5/5.14.1.20007)" 26946
192.168.74.91 - - [17/Feb/2013:06:48:30 +0600] "GET /pause/ajaxPause?pauseConfigId=&admin=0 HTTP/1.1" 200 986 "http://callider/pause/index" "Mozilla/4.0 (compatible; MSIE 7.0; Windows NT 6.1; WOW64; Trident/5.0; SLCC2; .NET CLR 2.0.50727; .NET CLR 3.5.30729; .NET CLR 3.0.30729; Media Center PC 6.0; InfoPath.3; .NET4.0C; MS-RTC LM 8; .NET4.0E)" 18983
192.168.74.151 - - [17/Feb/2013:06:48:30 +0600] "GET /pause/ajaxPause?pauseConfigId=&admin=0 HTTP/1.1" 200 987 "http://callider.kontur/pause/index" "Mozilla/5.0 (Windows NT 6.1; WOW64; rv:18.0) Gecko/20100101 Firefox/18.0" 17748
192.168.12.210 - - [17/Feb/2013:06:48:30 +0600] "GET /pause/ajaxPause?pauseConfigId=all&admin=1 HTTP/1.1" 200 1047 "http://callider/pause/index" "Mozilla/4.0 (compatible; MSIE 7.0; Windows NT 6.1; WOW64; Trident/5.0; SLCC2; .NET CLR 2.0.50727; .NET CLR 3.5.30729; .NET CLR 3.0.30729; Media Center PC 6.0; InfoPath.3; .NET4.0C; .NET4.0E)" 20162
192.168.65.56 - - [17/Feb/2013:06:48:31 +0600] "GET /pause/ajaxPause?pauseConfigId=all&admin=1 HTTP/1.1" 200 1046 "http://192.168.65.101/pause/index" "Mozilla/5.0 (Windows NT 5.1; rv:15.0) Gecko/20100101 Firefox/15.0" 171312
192.168.12.61 - - [17/Feb/2013:06:48:32 +0600] "GET /pause/ajaxPause?pauseConfigId=&admin=0 HTTP/1.1" 200 985 "http://callider/pause/index" "Mozilla/4.0 (compatible; MSIE 7.0; Windows NT 6.1; Trident/5.0; SLCC2; .NET CLR 2.0.50727; .NET CLR 3.5.30729; .NET CLR 3.0.30729; Media Center PC 6.0; InfoPath.3; .NET4.0C; .NET4.0E)" 68102
192.168.12.237 - - [17/Feb/2013:06:48:34 +0600] "GET /pause/ajaxPause?pauseConfigId=&admin=0 HTTP/1.1" 200 987 "http://callider/pause/index" "Mozilla/4.0 (compatible; MSIE 7.0; Windows NT 6.1; Trident/5.0; SLCC2; .NET CLR 2.0.50727; .NET CLR 3.5.30729; .NET CLR 3.0.30729; Media Center PC 6.0; InfoPath.3; .NET4.0C; .NET4.0E)" 19208
192.168.12.60 - - [17/Feb/2013:06:48:34 +0600] "GET /pause/ajaxPause?pauseConfigId=&admin=0 HTTP/1.1" 200 986 "http://callider/pause/index" "Mozilla/4.0 (compatible; MSIE 8.0; Windows NT 6.1; Trident/4.0; InfoPath.3; .NET4.0C; MS-RTC LM 8; .NET4.0E)" 20030
192.168.74.78 - - [17/Feb/2013:06:48:34 +0600] "GET /pause/ajaxPause?pauseConfigId=&admin=0 HTTP/1.1" 200 986 "http://callider/pause/index" "Mozilla/4.0 (compatible; MSIE 7.0; Windows NT 6.1; WOW64; Trident/5.0; SLCC2; .NET CLR 2.0.50727; .NET CLR 3.5.30729; .NET CLR 3.0.30729; Media Center PC 6.0; InfoPath.3; .NET4.0C; MS-RTC LM 8; .NET4.0E)" 25823
192.168.12.204 - - [17/Feb/2013:06:48:34 +0600] "GET /pause/ajaxPause?pauseConfigId=&admin=0 HTTP/1.1" 200 986 "http://callider/pause/index" "Mozilla/4.0 (compatible; MSIE 7.0; Windows NT 6.1; WOW64; Trident/4.0; SLCC2; .NET CLR 2.0.50727; .NET CLR 3.5.30729; .NET CLR 3.0.30729; Media Center PC 6.0; InfoPath.3; .NET4.0C; .NET4.0E; .NET CLR 1.1.4322)" 17590
192.168.12.67 - - [17/Feb/2013:06:48:34 +0600] "GET /tv/useUser HTTP/1.1" 200 432 "http://callider/graph/personal" "Mozilla/4.0 (compatible; MSIE 7.0; Windows NT 6.1; Trident/5.0; SLCC2; .NET CLR 2.0.50727; .NET CLR 3.5.30729; .NET CLR 3.0.30729; Media Center PC 6.0; .NET4.0C; .NET4.0E; InfoPath.3; Tablet PC 2.0; MS-RTC LM 8)" 21693
192.168.12.69 - - [17/Feb/2013:06:48:35 +0600] "GET /pause/ajaxPause?pauseConfigId=&admin=0 HTTP/1.1" 200 986 "http://callider/pause/index" "Mozilla/4.0 (compatible; MSIE 7.0; Windows NT 6.1; Trident/5.0; SLCC2; .NET CLR 2.0.50727; .NET CLR 3.5.30729; .NET CLR 3.0.30729; Media Center PC 6.0; InfoPath.3; .NET4.0C; .NET4.0E; Tablet PC 2.0; AskTbFXTV5/5.14.1.20007)" 18651
192.168.74.91 - - [17/Feb/2013:06:48:35 +0600] "GET /pause/ajaxPause?pauseConfigId=&admin=0 HTTP/1.1" 200 986 "http://callider/pause/index" "Mozilla/4.0 (compatible; MSIE 7.0; Windows NT 6.1; WOW64; Trident/5.0; SLCC2; .NET CLR 2.0.50727; .NET CLR 3.5.30729; .NET CLR 3.0.30729; Media Center PC 6.0; InfoPath.3; .NET4.0C; MS-RTC LM 8; .NET4.0E)" 19988
192.168.74.151 - - [17/Feb/2013:06:48:35 +0600] "GET /pause/ajaxPause?pauseConfigId=&admin=0 HTTP/1.1" 200 987 "http://callider.kontur/pause/index" "Mozilla/5.0 (Windows NT 6.1; WOW64; rv:18.0) Gecko/20100101 Firefox/18.0" 25296
192.168.12.210 - - [17/Feb/2013:06:48:35 +0600] "GET /pause/ajaxPause?pauseConfigId=all&admin=1 HTTP/1.1" 200 1047 "http://callider/pause/index" "Mozilla/4.0 (compatible; MSIE 7.0; Windows NT 6.1; WOW64; Trident/5.0; SLCC2; .NET CLR 2.0.50727; .NET CLR 3.5.30729; .NET CLR 3.0.30729; Media Center PC 6.0; InfoPath.3; .NET4.0C; .NET4.0E)" 22819
192.168.65.56 - - [17/Feb/2013:06:48:36 +0600] "GET /pause/ajaxPause?pauseConfigId=all&admin=1 HTTP/1.1" 200 1046 "http://192.168.65.101/pause/index" "Mozilla/5.0 (Windows NT 5.1; rv:15.0) Gecko/20100101 Firefox/15.0" 28573
192.168.12.61 - - [17/Feb/2013:06:48:37 +0600] "GET /pause/ajaxPause?pauseConfigId=&admin=0 HTTP/1.1" 200 985 "http://callider/pause/index" "Mozilla/4.0 (compatible; MSIE 7.0; Windows NT 6.1; Trident/5.0; SLCC2; .NET CLR 2.0.50727; .NET CLR 3.5.30729; .NET CLR 3.0.30729; Media Center PC 6.0; InfoPath.3; .NET4.0C; .NET4.0E)" 18414
192.168.74.93 - - [17/Feb/2013:06:48:38 +0600] "GET /tv/useUser HTTP/1.1" 200 432 "http://callider/graph/personal" "Mozilla/4.0 (compatible; MSIE 7.0; Windows NT 6.1; WOW64; Trident/5.0; SLCC2; .NET CLR 2.0.50727; .NET CLR 3.5.30729; .NET CLR 3.0.30729; Media Center PC 6.0; InfoPath.3; .NET4.0C; .NET4.0E)" 16633
192.168.12.237 - - [17/Feb/2013:06:48:39 +0600] "GET /pause/ajaxPause?pauseConfigId=&admin=0 HTTP/1.1" 200 987 "http://callider/pause/index" "Mozilla/4.0 (compatible; MSIE 7.0; Windows NT 6.1; Trident/5.0; SLCC2; .NET CLR 2.0.50727; .NET CLR 3.5.30729; .NET CLR 3.0.30729; Media Center PC 6.0; InfoPath.3; .NET4.0C; .NET4.0E)" 23691
192.168.12.60 - - [17/Feb/2013:06:48:39 +0600] "GET /pause/ajaxPause?pauseConfigId=&admin=0 HTTP/1.1" 200 986 "http://callider/pause/index" "Mozilla/4.0 (compatible; MSIE 8.0; Windows NT 6.1; Trident/4.0; InfoPath.3; .NET4.0C; MS-RTC LM 8; .NET4.0E)" 35848
192.168.12.210 - - [17/Feb/2013:06:48:39 +0600] "GET /tv/useUser HTTP/1.1" 200 431 "http://callider/graph/general" "Mozilla/4.0 (compatible; MSIE 7.0; Windows NT 6.1; WOW64; Trident/5.0; SLCC2; .NET CLR 2.0.50727; .NET CLR 3.5.30729; .NET CLR 3.0.30729; Media Center PC 6.0; InfoPath.3; .NET4.0C; .NET4.0E)" 13180
192.168.74.78 - - [17/Feb/2013:06:48:39 +0600] "GET /pause/ajaxPause?pauseConfigId=&admin=0 HTTP/1.1" 200 986 "http://callider/pause/index" "Mozilla/4.0 (compatible; MSIE 7.0; Windows NT 6.1; WOW64; Trident/5.0; SLCC2; .NET CLR 2.0.50727; .NET CLR 3.5.30729; .NET CLR 3.0.30729; Media Center PC 6.0; InfoPath.3; .NET4.0C; MS-RTC LM 8; .NET4.0E)" 22238
192.168.12.204 - - [17/Feb/2013:06:48:39 +0600] "GET /pause/ajaxPause?pauseConfigId=&admin=0 HTTP/1.1" 200 986 "http://callider/pause/index" "Mozilla/4.0 (compatible; MSIE 7.0; Windows NT 6.1; WOW64; Trident/4.0; SLCC2; .NET CLR 2.0.50727; .NET CLR 3.5.30729; .NET CLR 3.0.30729; Media Center PC 6.0; InfoPath.3; .NET4.0C; .NET4.0E; .NET CLR 1.1.4322)" 18833
192.168.12.69 - - [17/Feb/2013:06:48:40 +0600] "GET /pause/ajaxPause?pauseConfigId=&admin=0 HTTP/1.1" 200 986 "http://callider/pause/index" "Mozilla/4.0 (compatible; MSIE 7.0; Windows NT 6.1; Trident/5.0; SLCC2; .NET CLR 2.0.50727; .NET CLR 3.5.30729; .NET CLR 3.0.30729; Media Center PC 6.0; InfoPath.3; .NET4.0C; .NET4.0E; Tablet PC 2.0; AskTbFXTV5/5.14.1.20007)" 33495
192.168.74.91 - - [17/Feb/2013:06:48:40 +0600] "GET /pause/ajaxPause?pauseConfigId=&admin=0 HTTP/1.1" 200 986 "http://callider/pause/index" "Mozilla/4.0 (compatible; MSIE 7.0; Windows NT 6.1; WOW64; Trident/5.0; SLCC2; .NET CLR 2.0.50727; .NET CLR 3.5.30729; .NET CLR 3.0.30729; Media Center PC 6.0; InfoPath.3; .NET4.0C; MS-RTC LM 8; .NET4.0E)" 22598
192.168.74.151 - - [17/Feb/2013:06:48:40 +0600] "GET /pause/ajaxPause?pauseConfigId=&admin=0 HTTP/1.1" 200 987 "http://callider.kontur/pause/index" "Mozilla/5.0 (Windows NT 6.1; WOW64; rv:18.0) Gecko/20100101 Firefox/18.0" 18169
192.168.12.210 - - [17/Feb/2013:06:48:40 +0600] "GET /pause/ajaxPause?pauseConfigId=all&admin=1 HTTP/1.1" 200 1047 "http://callider/pause/index" "Mozilla/4.0 (compatible; MSIE 7.0; Windows NT 6.1; WOW64; Trident/5.0; SLCC2; .NET CLR 2.0.50727; .NET CLR 3.5.30729; .NET CLR 3.0.30729; Media Center PC 6.0; InfoPath.3; .NET4.0C; .NET4.0E)" 30794
192.168.12.9 - - [17/Feb/2013:06:48:41 +0600] "GET /tv/useUser HTTP/1.1" 200 432 "http://callider.kontur/site/index" "Mozilla/5.0 (Windows NT 6.1; WOW64) AppleWebKit/537.17 (KHTML, like Gecko) Chrome/24.0.1312.57 Safari/537.17" 16296
192.168.65.56 - - [17/Feb/2013:06:48:41 +0600] "GET /pause/ajaxPause?pauseConfigId=all&admin=1 HTTP/1.1" 200 1046 "http://192.168.65.101/pause/index" "Mozilla/5.0 (Windows NT 5.1; rv:15.0) Gecko/20100101 Firefox/15.0" 28179
192.168.12.61 - - [17/Feb/2013:06:48:42 +0600] "GET /pause/ajaxPause?pauseConfigId=&admin=0 HTTP/1.1" 200 985 "http://callider/pause/index" "Mozilla/4.0 (compatible; MSIE 7.0; Windows NT 6.1; Trident/5.0; SLCC2; .NET CLR 2.0.50727; .NET CLR 3.5.30729; .NET CLR 3.0.30729; Media Center PC 6.0; InfoPath.3; .NET4.0C; .NET4.0E)" 19431
192.168.12.237 - - [17/Feb/2013:06:48:44 +0600] "GET /pause/ajaxPause?pauseConfigId=&admin=0 HTTP/1.1" 200 987 "http://callider/pause/index" "Mozilla/4.0 (compatible; MSIE 7.0; Windows NT 6.1; Trident/5.0; SLCC2; .NET CLR 2.0.50727; .NET CLR 3.5.30729; .NET CLR 3.0.30729; Media Center PC 6.0; InfoPath.3; .NET4.0C; .NET4.0E)" 18437
192.168.12.60 - - [17/Feb/2013:06:48:44 +0600] "GET /pause/ajaxPause?pauseConfigId=&admin=0 HTTP/1.1" 200 986 "http://callider/pause/index" "Mozilla/4.0 (compatible; MSIE 8.0; Windows NT 6.1; Trident/4.0; InfoPath.3; .NET4.0C; MS-RTC LM 8; .NET4.0E)" 18483
192.168.74.78 - - [17/Feb/2013:06:48:44 +0600] "GET /pause/ajaxPause?pauseConfigId=&admin=0 HTTP/1.1" 200 986 "http://callider/pause/index" "Mozilla/4.0 (compatible; MSIE 7.0; Windows NT 6.1; WOW64; Trident/5.0; SLCC2; .NET CLR 2.0.50727; .NET CLR 3.5.30729; .NET CLR 3.0.30729; Media Center PC 6.0; InfoPath.3; .NET4.0C; MS-RTC LM 8; .NET4.0E)" 19115
192.168.12.204 - - [17/Feb/2013:06:48:44 +0600] "GET /pause/ajaxPause?pauseConfigId=&admin=0 HTTP/1.1" 200 986 "http://callider/pause/index" "Mozilla/4.0 (compatible; MSIE 7.0; Windows NT 6.1; WOW64; Trident/4.0; SLCC2; .NET CLR 2.0.50727; .NET CLR 3.5.30729; .NET CLR 3.0.30729; Media Center PC 6.0; InfoPath.3; .NET4.0C; .NET4.0E; .NET CLR 1.1.4322)" 17453
192.168.12.69 - - [17/Feb/2013:06:48:45 +0600] "GET /pause/ajaxPause?pauseConfigId=&admin=0 HTTP/1.1" 200 986 "http://callider/pause/index" "Mozilla/4.0 (compatible; MSIE 7.0; Windows NT 6.1; Trident/5.0; SLCC2; .NET CLR 2.0.50727; .NET CLR 3.5.30729; .NET CLR 3.0.30729; Media Center PC 6.0; InfoPath.3; .NET4.0C; .NET4.0E; Tablet PC 2.0; AskTbFXTV5/5.14.1.20007)" 19305
192.168.74.91 - - [17/Feb/2013:06:48:45 +0600] "GET /pause/ajaxPause?pauseConfigId=&admin=0 HTTP/1.1" 200 986 "http://callider/pause/index" "Mozilla/4.0 (compatible; MSIE 7.0; Windows NT 6.1; WOW64; Trident/5.0; SLCC2; .NET CLR 2.0.50727; .NET CLR 3.5.30729; .NET CLR 3.0.30729; Media Center PC 6.0; InfoPath.3; .NET4.0C; MS-RTC LM 8; .NET4.0E)" 20027
192.168.74.151 - - [17/Feb/2013:06:48:45 +0600] "GET /pause/ajaxPause?pauseConfigId=&admin=0 HTTP/1.1" 200 987 "http://callider.kontur/pause/index" "Mozilla/5.0 (Windows NT 6.1; WOW64; rv:18.0) Gecko/20100101 Firefox/18.0" 21024
192.168.12.210 - - [17/Feb/2013:06:48:45 +0600] "GET /pause/ajaxPause?pauseConfigId=all&admin=1 HTTP/1.1" 200 1047 "http://callider/pause/index" "Mozilla/4.0 (compatible; MSIE 7.0; Windows NT 6.1; WOW64; Trident/5.0; SLCC2; .NET CLR 2.0.50727; .NET CLR 3.5.30729; .NET CLR 3.0.30729; Media Center PC 6.0; InfoPath.3; .NET4.0C; .NET4.0E)" 21394
192.168.65.56 - - [17/Feb/2013:06:48:46 +0600] "GET /pause/ajaxPause?pauseConfigId=all&admin=1 HTTP/1.1" 200 1046 "http://192.168.65.101/pause/index" "Mozilla/5.0 (Windows NT 5.1; rv:15.0) Gecko/20100101 Firefox/15.0" 38439
192.168.12.61 - - [17/Feb/2013:06:48:47 +0600] "GET /pause/ajaxPause?pauseConfigId=&admin=0 HTTP/1.1" 200 986 "http://callider/pause/index" "Mozilla/4.0 (compatible; MSIE 7.0; Windows NT 6.1; Trident/5.0; SLCC2; .NET CLR 2.0.50727; .NET CLR 3.5.30729; .NET CLR 3.0.30729; Media Center PC 6.0; InfoPath.3; .NET4.0C; .NET4.0E)" 27501
192.168.12.210 - - [17/Feb/2013:06:48:49 +0600] "GET /tv/useUser HTTP/1.1" 200 431 "http://callider/pause/index" "Mozilla/4.0 (compatible; MSIE 7.0; Windows NT 6.1; WOW64; Trident/5.0; SLCC2; .NET CLR 2.0.50727; .NET CLR 3.5.30729; .NET CLR 3.0.30729; Media Center PC 6.0; InfoPath.3; .NET4.0C; .NET4.0E)" 12967
192.168.12.237 - - [17/Feb/2013:06:48:49 +0600] "GET /pause/ajaxPause?pauseConfigId=&admin=0 HTTP/1.1" 200 987 "http://callider/pause/index" "Mozilla/4.0 (compatible; MSIE 7.0; Windows NT 6.1; Trident/5.0; SLCC2; .NET CLR 2.0.50727; .NET CLR 3.5.30729; .NET CLR 3.0.30729; Media Center PC 6.0; InfoPath.3; .NET4.0C; .NET4.0E)" 24128
192.168.12.60 - - [17/Feb/2013:06:48:49 +0600] "GET /pause/ajaxPause?pauseConfigId=&admin=0 HTTP/1.1" 200 986 "http://callider/pause/index" "Mozilla/4.0 (compatible; MSIE 8.0; Windows NT 6.1; Trident/4.0; InfoPath.3; .NET4.0C; MS-RTC LM 8; .NET4.0E)" 22823
192.168.74.78 - - [17/Feb/2013:06:48:49 +0600] "GET /pause/ajaxPause?pauseConfigId=&admin=0 HTTP/1.1" 200 986 "http://callider/pause/index" "Mozilla/4.0 (compatible; MSIE 7.0; Windows NT 6.1; WOW64; Trident/5.0; SLCC2; .NET CLR 2.0.50727; .NET CLR 3.5.30729; .NET CLR 3.0.30729; Media Center PC 6.0; InfoPath.3; .NET4.0C; MS-RTC LM 8; .NET4.0E)" 18349
192.168.12.204 - - [17/Feb/2013:06:48:49 +0600] "GET /pause/ajaxPause?pauseConfigId=&admin=0 HTTP/1.1" 200 986 "http://callider/pause/index" "Mozilla/4.0 (compatible; MSIE 7.0; Windows NT 6.1; WOW64; Trident/4.0; SLCC2; .NET CLR 2.0.50727; .NET CLR 3.5.30729; .NET CLR 3.0.30729; Media Center PC 6.0; InfoPath.3; .NET4.0C; .NET4.0E; .NET CLR 1.1.4322)" 18619
192.168.12.69 - - [17/Feb/2013:06:48:50 +0600] "GET /pause/ajaxPause?pauseConfigId=&admin=0 HTTP/1.1" 200 986 "http://callider/pause/index" "Mozilla/4.0 (compatible; MSIE 7.0; Windows NT 6.1; Trident/5.0; SLCC2; .NET CLR 2.0.50727; .NET CLR 3.5.30729; .NET CLR 3.0.30729; Media Center PC 6.0; InfoPath.3; .NET4.0C; .NET4.0E; Tablet PC 2.0; AskTbFXTV5/5.14.1.20007)" 19989
192.168.74.91 - - [17/Feb/2013:06:48:50 +0600] "GET /pause/ajaxPause?pauseConfigId=&admin=0 HTTP/1.1" 200 986 "http://callider/pause/index" "Mozilla/4.0 (compatible; MSIE 7.0; Windows NT 6.1; WOW64; Trident/5.0; SLCC2; .NET CLR 2.0.50727; .NET CLR 3.5.30729; .NET CLR 3.0.30729; Media Center PC 6.0; InfoPath.3; .NET4.0C; MS-RTC LM 8; .NET4.0E)" 24861
192.168.74.151 - - [17/Feb/2013:06:48:50 +0600] "GET /pause/ajaxPause?pauseConfigId=&admin=0 HTTP/1.1" 200 987 "http://callider.kontur/pause/index" "Mozilla/5.0 (Windows NT 6.1; WOW64; rv:18.0) Gecko/20100101 Firefox/18.0" 18004
192.168.12.210 - - [17/Feb/2013:06:48:50 +0600] "GET /pause/ajaxPause?pauseConfigId=all&admin=1 HTTP/1.1" 200 1047 "http://callider/pause/index" "Mozilla/4.0 (compatible; MSIE 7.0; Windows NT 6.1; WOW64; Trident/5.0; SLCC2; .NET CLR 2.0.50727; .NET CLR 3.5.30729; .NET CLR 3.0.30729; Media Center PC 6.0; InfoPath.3; .NET4.0C; .NET4.0E)" 21246
192.168.65.56 - - [17/Feb/2013:06:48:51 +0600] "GET /pause/ajaxPause?pauseConfigId=all&admin=1 HTTP/1.1" 200 1046 "http://192.168.65.101/pause/index" "Mozilla/5.0 (Windows NT 5.1; rv:15.0) Gecko/20100101 Firefox/15.0" 30452
192.168.65.56 - - [17/Feb/2013:06:48:51 +0600] "GET /tv/useUser HTTP/1.1" 200 431 "http://192.168.65.101/pause/index" "Mozilla/5.0 (Windows NT 5.1; rv:15.0) Gecko/20100101 Firefox/15.0" 9857
192.168.12.61 - - [17/Feb/2013:06:48:52 +0600] "GET /pause/ajaxPause?pauseConfigId=&admin=0 HTTP/1.1" 200 985 "http://callider/pause/index" "Mozilla/4.0 (compatible; MSIE 7.0; Windows NT 6.1; Trident/5.0; SLCC2; .NET CLR 2.0.50727; .NET CLR 3.5.30729; .NET CLR 3.0.30729; Media Center PC 6.0; InfoPath.3; .NET4.0C; .NET4.0E)" 17876
192.168.12.237 - - [17/Feb/2013:06:48:54 +0600] "GET /pause/ajaxPause?pauseConfigId=&admin=0 HTTP/1.1" 200 987 "http://callider/pause/index" "Mozilla/4.0 (compatible; MSIE 7.0; Windows NT 6.1; Trident/5.0; SLCC2; .NET CLR 2.0.50727; .NET CLR 3.5.30729; .NET CLR 3.0.30729; Media Center PC 6.0; InfoPath.3; .NET4.0C; .NET4.0E)" 21299
192.168.12.60 - - [17/Feb/2013:06:48:54 +0600] "GET /pause/ajaxPause?pauseConfigId=&admin=0 HTTP/1.1" 200 986 "http://callider/pause/index" "Mozilla/4.0 (compatible; MSIE 8.0; Windows NT 6.1; Trident/4.0; InfoPath.3; .NET4.0C; MS-RTC LM 8; .NET4.0E)" 18270
192.168.74.78 - - [17/Feb/2013:06:48:54 +0600] "GET /pause/ajaxPause?pauseConfigId=&admin=0 HTTP/1.1" 200 986 "http://callider/pause/index" "Mozilla/4.0 (compatible; MSIE 7.0; Windows NT 6.1; WOW64; Trident/5.0; SLCC2; .NET CLR 2.0.50727; .NET CLR 3.5.30729; .NET CLR 3.0.30729; Media Center PC 6.0; InfoPath.3; .NET4.0C; MS-RTC LM 8; .NET4.0E)" 18475
192.168.12.204 - - [17/Feb/2013:06:48:54 +0600] "GET /pause/ajaxPause?pauseConfigId=&admin=0 HTTP/1.1" 200 986 "http://callider/pause/index" "Mozilla/4.0 (compatible; MSIE 7.0; Windows NT 6.1; WOW64; Trident/4.0; SLCC2; .NET CLR 2.0.50727; .NET CLR 3.5.30729; .NET CLR 3.0.30729; Media Center PC 6.0; InfoPath.3; .NET4.0C; .NET4.0E; .NET CLR 1.1.4322)" 17143
192.168.12.69 - - [17/Feb/2013:06:48:55 +0600] "GET /pause/ajaxPause?pauseConfigId=&admin=0 HTTP/1.1" 200 986 "http://callider/pause/index" "Mozilla/4.0 (compatible; MSIE 7.0; Windows NT 6.1; Trident/5.0; SLCC2; .NET CLR 2.0.50727; .NET CLR 3.5.30729; .NET CLR 3.0.30729; Media Center PC 6.0; InfoPath.3; .NET4.0C; .NET4.0E; Tablet PC 2.0; AskTbFXTV5/5.14.1.20007)" 21649
192.168.74.91 - - [17/Feb/2013:06:48:55 +0600] "GET /pause/ajaxPause?pauseConfigId=&admin=0 HTTP/1.1" 200 986 "http://callider/pause/index" "Mozilla/4.0 (compatible; MSIE 7.0; Windows NT 6.1; WOW64; Trident/5.0; SLCC2; .NET CLR 2.0.50727; .NET CLR 3.5.30729; .NET CLR 3.0.30729; Media Center PC 6.0; InfoPath.3; .NET4.0C; MS-RTC LM 8; .NET4.0E)" 19428
192.168.74.151 - - [17/Feb/2013:06:48:55 +0600] "GET /pause/ajaxPause?pauseConfigId=&admin=0 HTTP/1.1" 200 987 "http://callider.kontur/pause/index" "Mozilla/5.0 (Windows NT 6.1; WOW64; rv:18.0) Gecko/20100101 Firefox/18.0" 22187
192.168.12.210 - - [17/Feb/2013:06:48:55 +0600] "GET /pause/ajaxPause?pauseConfigId=all&admin=1 HTTP/1.1" 200 1047 "http://callider/pause/index" "Mozilla/4.0 (compatible; MSIE 7.0; Windows NT 6.1; WOW64; Trident/5.0; SLCC2; .NET CLR 2.0.50727; .NET CLR 3.5.30729; .NET CLR 3.0.30729; Media Center PC 6.0; InfoPath.3; .NET4.0C; .NET4.0E)" 20817
192.168.65.56 - - [17/Feb/2013:06:48:56 +0600] "GET /pause/ajaxPause?pauseConfigId=all&admin=1 HTTP/1.1" 200 1046 "http://192.168.65.101/pause/index" "Mozilla/5.0 (Windows NT 5.1; rv:15.0) Gecko/20100101 Firefox/15.0" 38646
192.168.12.61 - - [17/Feb/2013:06:48:57 +0600] "GET /pause/ajaxPause?pauseConfigId=&admin=0 HTTP/1.1" 200 985 "http://callider/pause/index" "Mozilla/4.0 (compatible; MSIE 7.0; Windows NT 6.1; Trident/5.0; SLCC2; .NET CLR 2.0.50727; .NET CLR 3.5.30729; .NET CLR 3.0.30729; Media Center PC 6.0; InfoPath.3; .NET4.0C; .NET4.0E)" 20070
192.168.12.237 - - [17/Feb/2013:06:48:59 +0600] "GET /pause/ajaxPause?pauseConfigId=&admin=0 HTTP/1.1" 200 987 "http://callider/pause/index" "Mozilla/4.0 (compatible; MSIE 7.0; Windows NT 6.1; Trident/5.0; SLCC2; .NET CLR 2.0.50727; .NET CLR 3.5.30729; .NET CLR 3.0.30729; Media Center PC 6.0; InfoPath.3; .NET4.0C; .NET4.0E)" 21216
192.168.12.60 - - [17/Feb/2013:06:48:59 +0600] "GET /pause/ajaxPause?pauseConfigId=&admin=0 HTTP/1.1" 200 986 "http://callider/pause/index" "Mozilla/4.0 (compatible; MSIE 8.0; Windows NT 6.1; Trident/4.0; InfoPath.3; .NET4.0C; MS-RTC LM 8; .NET4.0E)" 19996
192.168.74.78 - - [17/Feb/2013:06:48:59 +0600] "GET /pause/ajaxPause?pauseConfigId=&admin=0 HTTP/1.1" 200 986 "http://callider/pause/index" "Mozilla/4.0 (compatible; MSIE 7.0; Windows NT 6.1; WOW64; Trident/5.0; SLCC2; .NET CLR 2.0.50727; .NET CLR 3.5.30729; .NET CLR 3.0.30729; Media Center PC 6.0; InfoPath.3; .NET4.0C; MS-RTC LM 8; .NET4.0E)" 21053
192.168.12.204 - - [17/Feb/2013:06:48:59 +0600] "GET /pause/ajaxPause?pauseConfigId=&admin=0 HTTP/1.1" 200 986 "http://callider/pause/index" "Mozilla/4.0 (compatible; MSIE 7.0; Windows NT 6.1; WOW64; Trident/4.0; SLCC2; .NET CLR 2.0.50727; .NET CLR 3.5.30729; .NET CLR 3.0.30729; Media Center PC 6.0; InfoPath.3; .NET4.0C; .NET4.0E; .NET CLR 1.1.4322)" 20270
192.168.64.119 - - [17/Feb/2013:06:49:00 +0600] "HEAD / HTTP/1.0" 302 435 "-" "WhatsUp/1.0" 13398
192.168.64.119 - - [17/Feb/2013:06:49:00 +0600] "GET / HTTP/1.1" 302 454 "-" "Mozilla/4.0 (compatible; MSIE 8.0; Windows NT 5.2; Trident/4.0)" 20429
192.168.12.69 - - [17/Feb/2013:06:49:00 +0600] "GET /pause/ajaxPause?pauseConfigId=&admin=0 HTTP/1.1" 200 986 "http://callider/pause/index" "Mozilla/4.0 (compatible; MSIE 7.0; Windows NT 6.1; Trident/5.0; SLCC2; .NET CLR 2.0.50727; .NET CLR 3.5.30729; .NET CLR 3.0.30729; Media Center PC 6.0; InfoPath.3; .NET4.0C; .NET4.0E; Tablet PC 2.0; AskTbFXTV5/5.14.1.20007)" 21321
192.168.74.91 - - [17/Feb/2013:06:49:00 +0600] "GET /pause/ajaxPause?pauseConfigId=&admin=0 HTTP/1.1" 200 986 "http://callider/pause/index" "Mozilla/4.0 (compatible; MSIE 7.0; Windows NT 6.1; WOW64; Trident/5.0; SLCC2; .NET CLR 2.0.50727; .NET CLR 3.5.30729; .NET CLR 3.0.30729; Media Center PC 6.0; InfoPath.3; .NET4.0C; MS-RTC LM 8; .NET4.0E)" 25299
192.168.74.151 - - [17/Feb/2013:06:49:00 +0600] "GET /pause/ajaxPause?pauseConfigId=&admin=0 HTTP/1.1" 200 987 "http://callider.kontur/pause/index" "Mozilla/5.0 (Windows NT 6.1; WOW64; rv:18.0) Gecko/20100101 Firefox/18.0" 32289
192.168.12.210 - - [17/Feb/2013:06:49:00 +0600] "GET /pause/ajaxPause?pauseConfigId=all&admin=1 HTTP/1.1" 200 1047 "http://callider/pause/index" "Mozilla/4.0 (compatible; MSIE 7.0; Windows NT 6.1; WOW64; Trident/5.0; SLCC2; .NET CLR 2.0.50727; .NET CLR 3.5.30729; .NET CLR 3.0.30729; Media Center PC 6.0; InfoPath.3; .NET4.0C; .NET4.0E)" 20497
192.168.65.56 - - [17/Feb/2013:06:49:01 +0600] "GET /pause/ajaxPause?pauseConfigId=all&admin=1 HTTP/1.1" 200 1046 "http://192.168.65.101/pause/index" "Mozilla/5.0 (Windows NT 5.1; rv:15.0) Gecko/20100101 Firefox/15.0" 30963
192.168.12.61 - - [17/Feb/2013:06:49:02 +0600] "GET /pause/ajaxPause?pauseConfigId=&admin=0 HTTP/1.1" 200 985 "http://callider/pause/index" "Mozilla/4.0 (compatible; MSIE 7.0; Windows NT 6.1; Trident/5.0; SLCC2; .NET CLR 2.0.50727; .NET CLR 3.5.30729; .NET CLR 3.0.30729; Media Center PC 6.0; InfoPath.3; .NET4.0C; .NET4.0E)" 20709
192.168.64.119 - - [17/Feb/2013:06:49:03 +0600] "GET /site/login HTTP/1.1" 200 7423 "-" "Mozilla/4.0 (compatible; MSIE 8.0; Windows NT 5.2; Trident/4.0)" 47926
192.168.12.237 - - [17/Feb/2013:06:49:04 +0600] "GET /pause/ajaxPause?pauseConfigId=&admin=0 HTTP/1.1" 200 987 "http://callider/pause/index" "Mozilla/4.0 (compatible; MSIE 7.0; Windows NT 6.1; Trident/5.0; SLCC2; .NET CLR 2.0.50727; .NET CLR 3.5.30729; .NET CLR 3.0.30729; Media Center PC 6.0; InfoPath.3; .NET4.0C; .NET4.0E)" 28068
192.168.12.60 - - [17/Feb/2013:06:49:04 +0600] "GET /pause/ajaxPause?pauseConfigId=&admin=0 HTTP/1.1" 200 986 "http://callider/pause/index" "Mozilla/4.0 (compatible; MSIE 8.0; Windows NT 6.1; Trident/4.0; InfoPath.3; .NET4.0C; MS-RTC LM 8; .NET4.0E)" 29044
192.168.74.78 - - [17/Feb/2013:06:49:04 +0600] "GET /pause/ajaxPause?pauseConfigId=&admin=0 HTTP/1.1" 200 986 "http://callider/pause/index" "Mozilla/4.0 (compatible; MSIE 7.0; Windows NT 6.1; WOW64; Trident/5.0; SLCC2; .NET CLR 2.0.50727; .NET CLR 3.5.30729; .NET CLR 3.0.30729; Media Center PC 6.0; InfoPath.3; .NET4.0C; MS-RTC LM 8; .NET4.0E)" 31690
192.168.12.204 - - [17/Feb/2013:06:49:04 +0600] "GET /pause/ajaxPause?pauseConfigId=&admin=0 HTTP/1.1" 200 986 "http://callider/pause/index" "Mozilla/4.0 (compatible; MSIE 7.0; Windows NT 6.1; WOW64; Trident/4.0; SLCC2; .NET CLR 2.0.50727; .NET CLR 3.5.30729; .NET CLR 3.0.30729; Media Center PC 6.0; InfoPath.3; .NET4.0C; .NET4.0E; .NET CLR 1.1.4322)" 25375
192.168.12.69 - - [17/Feb/2013:06:49:05 +0600] "GET /pause/ajaxPause?pauseConfigId=&admin=0 HTTP/1.1" 200 986 "http://callider/pause/index" "Mozilla/4.0 (compatible; MSIE 7.0; Windows NT 6.1; Trident/5.0; SLCC2; .NET CLR 2.0.50727; .NET CLR 3.5.30729; .NET CLR 3.0.30729; Media Center PC 6.0; InfoPath.3; .NET4.0C; .NET4.0E; Tablet PC 2.0; AskTbFXTV5/5.14.1.20007)" 27588
192.168.12.61 - - [17/Feb/2013:06:49:05 +0600] "GET /tv/useUser HTTP/1.1" 200 431 "http://callider/pause/index" "Mozilla/4.0 (compatible; MSIE 7.0; Windows NT 6.1; Trident/5.0; SLCC2; .NET CLR 2.0.50727; .NET CLR 3.5.30729; .NET CLR 3.0.30729; Media Center PC 6.0; InfoPath.3; .NET4.0C; .NET4.0E)" 16448
192.168.74.91 - - [17/Feb/2013:06:49:05 +0600] "GET /pause/ajaxPause?pauseConfigId=&admin=0 HTTP/1.1" 200 986 "http://callider/pause/index" "Mozilla/4.0 (compatible; MSIE 7.0; Windows NT 6.1; WOW64; Trident/5.0; SLCC2; .NET CLR 2.0.50727; .NET CLR 3.5.30729; .NET CLR 3.0.30729; Media Center PC 6.0; InfoPath.3; .NET4.0C; MS-RTC LM 8; .NET4.0E)" 25992
192.168.74.151 - - [17/Feb/2013:06:49:05 +0600] "GET /pause/ajaxPause?pauseConfigId=&admin=0 HTTP/1.1" 200 987 "http://callider.kontur/pause/index" "Mozilla/5.0 (Windows NT 6.1; WOW64; rv:18.0) Gecko/20100101 Firefox/18.0" 26330
192.168.12.210 - - [17/Feb/2013:06:49:05 +0600] "GET /pause/ajaxPause?pauseConfigId=all&admin=1 HTTP/1.1" 200 1047 "http://callider/pause/index" "Mozilla/4.0 (compatible; MSIE 7.0; Windows NT 6.1; WOW64; Trident/5.0; SLCC2; .NET CLR 2.0.50727; .NET CLR 3.5.30729; .NET CLR 3.0.30729; Media Center PC 6.0; InfoPath.3; .NET4.0C; .NET4.0E)" 33796
192.168.65.56 - - [17/Feb/2013:06:49:06 +0600] "GET /pause/ajaxPause?pauseConfigId=all&admin=1 HTTP/1.1" 200 1046 "http://192.168.65.101/pause/index" "Mozilla/5.0 (Windows NT 5.1; rv:15.0) Gecko/20100101 Firefox/15.0" 34713
192.168.12.61 - - [17/Feb/2013:06:49:07 +0600] "GET /pause/ajaxPause?pauseConfigId=&admin=0 HTTP/1.1" 200 985 "http://callider/pause/index" "Mozilla/4.0 (compatible; MSIE 7.0; Windows NT 6.1; Trident/5.0; SLCC2; .NET CLR 2.0.50727; .NET CLR 3.5.30729; .NET CLR 3.0.30729; Media Center PC 6.0; InfoPath.3; .NET4.0C; .NET4.0E)" 39036
192.168.12.237 - - [17/Feb/2013:06:49:09 +0600] "GET /pause/ajaxPause?pauseConfigId=&admin=0 HTTP/1.1" 200 987 "http://callider/pause/index" "Mozilla/4.0 (compatible; MSIE 7.0; Windows NT 6.1; Trident/5.0; SLCC2; .NET CLR 2.0.50727; .NET CLR 3.5.30729; .NET CLR 3.0.30729; Media Center PC 6.0; InfoPath.3; .NET4.0C; .NET4.0E)" 25897
192.168.12.60 - - [17/Feb/2013:06:49:09 +0600] "GET /pause/ajaxPause?pauseConfigId=&admin=0 HTTP/1.1" 200 986 "http://callider/pause/index" "Mozilla/4.0 (compatible; MSIE 8.0; Windows NT 6.1; Trident/4.0; InfoPath.3; .NET4.0C; MS-RTC LM 8; .NET4.0E)" 17958
192.168.74.78 - - [17/Feb/2013:06:49:09 +0600] "GET /pause/ajaxPause?pauseConfigId=&admin=0 HTTP/1.1" 200 986 "http://callider/pause/index" "Mozilla/4.0 (compatible; MSIE 7.0; Windows NT 6.1; WOW64; Trident/5.0; SLCC2; .NET CLR 2.0.50727; .NET CLR 3.5.30729; .NET CLR 3.0.30729; Media Center PC 6.0; InfoPath.3; .NET4.0C; MS-RTC LM 8; .NET4.0E)" 18701
192.168.12.204 - - [17/Feb/2013:06:49:09 +0600] "GET /pause/ajaxPause?pauseConfigId=&admin=0 HTTP/1.1" 200 986 "http://callider/pause/index" "Mozilla/4.0 (compatible; MSIE 7.0; Windows NT 6.1; WOW64; Trident/4.0; SLCC2; .NET CLR 2.0.50727; .NET CLR 3.5.30729; .NET CLR 3.0.30729; Media Center PC 6.0; InfoPath.3; .NET4.0C; .NET4.0E; .NET CLR 1.1.4322)" 20547
192.168.12.69 - - [17/Feb/2013:06:49:10 +0600] "GET /pause/ajaxPause?pauseConfigId=&admin=0 HTTP/1.1" 200 986 "http://callider/pause/index" "Mozilla/4.0 (compatible; MSIE 7.0; Windows NT 6.1; Trident/5.0; SLCC2; .NET CLR 2.0.50727; .NET CLR 3.5.30729; .NET CLR 3.0.30729; Media Center PC 6.0; InfoPath.3; .NET4.0C; .NET4.0E; Tablet PC 2.0; AskTbFXTV5/5.14.1.20007)" 17558
192.168.74.91 - - [17/Feb/2013:06:49:10 +0600] "GET /pause/ajaxPause?pauseConfigId=&admin=0 HTTP/1.1" 200 986 "http://callider/pause/index" "Mozilla/4.0 (compatible; MSIE 7.0; Windows NT 6.1; WOW64; Trident/5.0; SLCC2; .NET CLR 2.0.50727; .NET CLR 3.5.30729; .NET CLR 3.0.30729; Media Center PC 6.0; InfoPath.3; .NET4.0C; MS-RTC LM 8; .NET4.0E)" 19475
192.168.74.151 - - [17/Feb/2013:06:49:10 +0600] "GET /pause/ajaxPause?pauseConfigId=&admin=0 HTTP/1.1" 200 987 "http://callider.kontur/pause/index" "Mozilla/5.0 (Windows NT 6.1; WOW64; rv:18.0) Gecko/20100101 Firefox/18.0" 18431
192.168.12.210 - - [17/Feb/2013:06:49:10 +0600] "GET /pause/ajaxPause?pauseConfigId=all&admin=1 HTTP/1.1" 200 1047 "http://callider/pause/index" "Mozilla/4.0 (compatible; MSIE 7.0; Windows NT 6.1; WOW64; Trident/5.0; SLCC2; .NET CLR 2.0.50727; .NET CLR 3.5.30729; .NET CLR 3.0.30729; Media Center PC 6.0; InfoPath.3; .NET4.0C; .NET4.0E)" 20790
192.168.12.42 - - [17/Feb/2013:06:49:11 +0600] "GET /tv/useUser HTTP/1.1" 200 432 "http://callider/graph/personal" "Mozilla/4.0 (compatible; MSIE 7.0; Windows NT 6.1; WOW64; Trident/5.0; SLCC2; .NET CLR 2.0.50727; .NET CLR 3.5.30729; .NET CLR 3.0.30729; Media Center PC 6.0; InfoPath.3; .NET4.0C; .NET4.0E)" 20565
192.168.65.56 - - [17/Feb/2013:06:49:11 +0600] "GET /pause/ajaxPause?pauseConfigId=all&admin=1 HTTP/1.1" 200 1046 "http://192.168.65.101/pause/index" "Mozilla/5.0 (Windows NT 5.1; rv:15.0) Gecko/20100101 Firefox/15.0" 34449
192.168.12.61 - - [17/Feb/2013:06:49:12 +0600] "GET /pause/ajaxPause?pauseConfigId=&admin=0 HTTP/1.1" 200 985 "http://callider/pause/index" "Mozilla/4.0 (compatible; MSIE 7.0; Windows NT 6.1; Trident/5.0; SLCC2; .NET CLR 2.0.50727; .NET CLR 3.5.30729; .NET CLR 3.0.30729; Media Center PC 6.0; InfoPath.3; .NET4.0C; .NET4.0E)" 31495
192.168.74.151 - - [17/Feb/2013:06:49:13 +0600] "GET /tv/useUser HTTP/1.1" 200 431 "http://callider.kontur/graph/general" "Mozilla/5.0 (Windows NT 6.1; WOW64; rv:18.0) Gecko/20100101 Firefox/18.0" 17184
192.168.12.237 - - [17/Feb/2013:06:49:14 +0600] "GET /pause/ajaxPause?pauseConfigId=&admin=0 HTTP/1.1" 200 987 "http://callider/pause/index" "Mozilla/4.0 (compatible; MSIE 7.0; Windows NT 6.1; Trident/5.0; SLCC2; .NET CLR 2.0.50727; .NET CLR 3.5.30729; .NET CLR 3.0.30729; Media Center PC 6.0; InfoPath.3; .NET4.0C; .NET4.0E)" 21238
192.168.12.60 - - [17/Feb/2013:06:49:14 +0600] "GET /pause/ajaxPause?pauseConfigId=&admin=0 HTTP/1.1" 200 986 "http://callider/pause/index" "Mozilla/4.0 (compatible; MSIE 8.0; Windows NT 6.1; Trident/4.0; InfoPath.3; .NET4.0C; MS-RTC LM 8; .NET4.0E)" 19031
192.168.74.78 - - [17/Feb/2013:06:49:14 +0600] "GET /pause/ajaxPause?pauseConfigId=&admin=0 HTTP/1.1" 200 986 "http://callider/pause/index" "Mozilla/4.0 (compatible; MSIE 7.0; Windows NT 6.1; WOW64; Trident/5.0; SLCC2; .NET CLR 2.0.50727; .NET CLR 3.5.30729; .NET CLR 3.0.30729; Media Center PC 6.0; InfoPath.3; .NET4.0C; MS-RTC LM 8; .NET4.0E)" 17102
192.168.12.204 - - [17/Feb/2013:06:49:14 +0600] "GET /pause/ajaxPause?pauseConfigId=&admin=0 HTTP/1.1" 200 986 "http://callider/pause/index" "Mozilla/4.0 (compatible; MSIE 7.0; Windows NT 6.1; WOW64; Trident/4.0; SLCC2; .NET CLR 2.0.50727; .NET CLR 3.5.30729; .NET CLR 3.0.30729; Media Center PC 6.0; InfoPath.3; .NET4.0C; .NET4.0E; .NET CLR 1.1.4322)" 22047
192.168.12.69 - - [17/Feb/2013:06:49:15 +0600] "GET /pause/ajaxPause?pauseConfigId=&admin=0 HTTP/1.1" 200 986 "http://callider/pause/index" "Mozilla/4.0 (compatible; MSIE 7.0; Windows NT 6.1; Trident/5.0; SLCC2; .NET CLR 2.0.50727; .NET CLR 3.5.30729; .NET CLR 3.0.30729; Media Center PC 6.0; InfoPath.3; .NET4.0C; .NET4.0E; Tablet PC 2.0; AskTbFXTV5/5.14.1.20007)" 19317
192.168.74.91 - - [17/Feb/2013:06:49:15 +0600] "GET /pause/ajaxPause?pauseConfigId=&admin=0 HTTP/1.1" 200 986 "http://callider/pause/index" "Mozilla/4.0 (compatible; MSIE 7.0; Windows NT 6.1; WOW64; Trident/5.0; SLCC2; .NET CLR 2.0.50727; .NET CLR 3.5.30729; .NET CLR 3.0.30729; Media Center PC 6.0; InfoPath.3; .NET4.0C; MS-RTC LM 8; .NET4.0E)" 27167
192.168.74.151 - - [17/Feb/2013:06:49:15 +0600] "GET /pause/ajaxPause?pauseConfigId=&admin=0 HTTP/1.1" 200 987 "http://callider.kontur/pause/index" "Mozilla/5.0 (Windows NT 6.1; WOW64; rv:18.0) Gecko/20100101 Firefox/18.0" 22634
192.168.74.151 - - [17/Feb/2013:06:49:15 +0600] "GET /tv/useUser HTTP/1.1" 200 432 "http://callider.kontur/pause/index" "Mozilla/5.0 (Windows NT 6.1; WOW64; rv:18.0) Gecko/20100101 Firefox/18.0" 14872
192.168.12.210 - - [17/Feb/2013:06:49:15 +0600] "GET /pause/ajaxPause?pauseConfigId=all&admin=1 HTTP/1.1" 200 1047 "http://callider/pause/index" "Mozilla/4.0 (compatible; MSIE 7.0; Windows NT 6.1; WOW64; Trident/5.0; SLCC2; .NET CLR 2.0.50727; .NET CLR 3.5.30729; .NET CLR 3.0.30729; Media Center PC 6.0; InfoPath.3; .NET4.0C; .NET4.0E)" 22275
192.168.65.56 - - [17/Feb/2013:06:49:16 +0600] "GET /pause/ajaxPause?pauseConfigId=all&admin=1 HTTP/1.1" 200 1046 "http://192.168.65.101/pause/index" "Mozilla/5.0 (Windows NT 5.1; rv:15.0) Gecko/20100101 Firefox/15.0" 28087
192.168.12.61 - - [17/Feb/2013:06:49:17 +0600] "GET /pause/ajaxPause?pauseConfigId=&admin=0 HTTP/1.1" 200 986 "http://callider/pause/index" "Mozilla/4.0 (compatible; MSIE 7.0; Windows NT 6.1; Trident/5.0; SLCC2; .NET CLR 2.0.50727; .NET CLR 3.5.30729; .NET CLR 3.0.30729; Media Center PC 6.0; InfoPath.3; .NET4.0C; .NET4.0E)" 32355
192.168.12.237 - - [17/Feb/2013:06:49:19 +0600] "GET /pause/ajaxPause?pauseConfigId=&admin=0 HTTP/1.1" 200 987 "http://callider/pause/index" "Mozilla/4.0 (compatible; MSIE 7.0; Windows NT 6.1; Trident/5.0; SLCC2; .NET CLR 2.0.50727; .NET CLR 3.5.30729; .NET CLR 3.0.30729; Media Center PC 6.0; InfoPath.3; .NET4.0C; .NET4.0E)" 26188
192.168.12.60 - - [17/Feb/2013:06:49:19 +0600] "GET /pause/ajaxPause?pauseConfigId=&admin=0 HTTP/1.1" 200 986 "http://callider/pause/index" "Mozilla/4.0 (compatible; MSIE 8.0; Windows NT 6.1; Trident/4.0; InfoPath.3; .NET4.0C; MS-RTC LM 8; .NET4.0E)" 18051
192.168.74.78 - - [17/Feb/2013:06:49:19 +0600] "GET /pause/ajaxPause?pauseConfigId=&admin=0 HTTP/1.1" 200 986 "http://callider/pause/index" "Mozilla/4.0 (compatible; MSIE 7.0; Windows NT 6.1; WOW64; Trident/5.0; SLCC2; .NET CLR 2.0.50727; .NET CLR 3.5.30729; .NET CLR 3.0.30729; Media Center PC 6.0; InfoPath.3; .NET4.0C; MS-RTC LM 8; .NET4.0E)" 86191
192.168.12.204 - - [17/Feb/2013:06:49:19 +0600] "GET /pause/ajaxPause?pauseConfigId=&admin=0 HTTP/1.1" 200 986 "http://callider/pause/index" "Mozilla/4.0 (compatible; MSIE 7.0; Windows NT 6.1; WOW64; Trident/4.0; SLCC2; .NET CLR 2.0.50727; .NET CLR 3.5.30729; .NET CLR 3.0.30729; Media Center PC 6.0; InfoPath.3; .NET4.0C; .NET4.0E; .NET CLR 1.1.4322)" 17951
192.168.12.10 - - [17/Feb/2013:06:49:19 +0600] "GET /tv/useUser HTTP/1.1" 200 432 "http://callider/graph/personal" "Mozilla/4.0 (compatible; MSIE 7.0; Windows NT 6.1; Trident/5.0; SLCC2; .NET CLR 2.0.50727; .NET CLR 3.5.30729; .NET CLR 3.0.30729; Media Center PC 6.0; InfoPath.3; .NET4.0C; .NET4.0E; Tablet PC 2.0; MS-RTC LM 8)" 16469
192.168.12.108 - - [17/Feb/2013:06:49:19 +0600] "GET /tv/useUser HTTP/1.1" 200 432 "http://callider/index.php" "Mozilla/4.0 (compatible; MSIE 7.0; Windows NT 6.2; WOW64; Trident/6.0; .NET4.0E; .NET4.0C; InfoPath.3; .NET CLR 3.5.30729; .NET CLR 2.0.50727; .NET CLR 3.0.30729)" 19693
192.168.12.69 - - [17/Feb/2013:06:49:20 +0600] "GET /pause/ajaxPause?pauseConfigId=&admin=0 HTTP/1.1" 200 986 "http://callider/pause/index" "Mozilla/4.0 (compatible; MSIE 7.0; Windows NT 6.1; Trident/5.0; SLCC2; .NET CLR 2.0.50727; .NET CLR 3.5.30729; .NET CLR 3.0.30729; Media Center PC 6.0; InfoPath.3; .NET4.0C; .NET4.0E; Tablet PC 2.0; AskTbFXTV5/5.14.1.20007)" 25493
192.168.74.91 - - [17/Feb/2013:06:49:20 +0600] "GET /pause/ajaxPause?pauseConfigId=&admin=0 HTTP/1.1" 200 986 "http://callider/pause/index" "Mozilla/4.0 (compatible; MSIE 7.0; Windows NT 6.1; WOW64; Trident/5.0; SLCC2; .NET CLR 2.0.50727; .NET CLR 3.5.30729; .NET CLR 3.0.30729; Media Center PC 6.0; InfoPath.3; .NET4.0C; MS-RTC LM 8; .NET4.0E)" 23587
192.168.74.151 - - [17/Feb/2013:06:49:20 +0600] "GET /pause/ajaxPause?pauseConfigId=&admin=0 HTTP/1.1" 200 987 "http://callider.kontur/pause/index" "Mozilla/5.0 (Windows NT 6.1; WOW64; rv:18.0) Gecko/20100101 Firefox/18.0" 22084
192.168.12.210 - - [17/Feb/2013:06:49:20 +0600] "GET /pause/ajaxPause?pauseConfigId=all&admin=1 HTTP/1.1" 200 1047 "http://callider/pause/index" "Mozilla/4.0 (compatible; MSIE 7.0; Windows NT 6.1; WOW64; Trident/5.0; SLCC2; .NET CLR 2.0.50727; .NET CLR 3.5.30729; .NET CLR 3.0.30729; Media Center PC 6.0; InfoPath.3; .NET4.0C; .NET4.0E)" 24182
192.168.65.56 - - [17/Feb/2013:06:49:21 +0600] "GET /pause/ajaxPause?pauseConfigId=all&admin=1 HTTP/1.1" 200 1046 "http://192.168.65.101/pause/index" "Mozilla/5.0 (Windows NT 5.1; rv:15.0) Gecko/20100101 Firefox/15.0" 29536
192.168.12.61 - - [17/Feb/2013:06:49:22 +0600] "GET /pause/ajaxPause?pauseConfigId=&admin=0 HTTP/1.1" 200 985 "http://callider/pause/index" "Mozilla/4.0 (compatible; MSIE 7.0; Windows NT 6.1; Trident/5.0; SLCC2; .NET CLR 2.0.50727; .NET CLR 3.5.30729; .NET CLR 3.0.30729; Media Center PC 6.0; InfoPath.3; .NET4.0C; .NET4.0E)" 20285
192.168.12.237 - - [17/Feb/2013:06:49:24 +0600] "GET /pause/ajaxPause?pauseConfigId=&admin=0 HTTP/1.1" 200 987 "http://callider/pause/index" "Mozilla/4.0 (compatible; MSIE 7.0; Windows NT 6.1; Trident/5.0; SLCC2; .NET CLR 2.0.50727; .NET CLR 3.5.30729; .NET CLR 3.0.30729; Media Center PC 6.0; InfoPath.3; .NET4.0C; .NET4.0E)" 21859
192.168.12.60 - - [17/Feb/2013:06:49:24 +0600] "GET /pause/ajaxPause?pauseConfigId=&admin=0 HTTP/1.1" 200 986 "http://callider/pause/index" "Mozilla/4.0 (compatible; MSIE 8.0; Windows NT 6.1; Trident/4.0; InfoPath.3; .NET4.0C; MS-RTC LM 8; .NET4.0E)" 21330
192.168.74.78 - - [17/Feb/2013:06:49:24 +0600] "GET /pause/ajaxPause?pauseConfigId=&admin=0 HTTP/1.1" 200 986 "http://callider/pause/index" "Mozilla/4.0 (compatible; MSIE 7.0; Windows NT 6.1; WOW64; Trident/5.0; SLCC2; .NET CLR 2.0.50727; .NET CLR 3.5.30729; .NET CLR 3.0.30729; Media Center PC 6.0; InfoPath.3; .NET4.0C; MS-RTC LM 8; .NET4.0E)" 29659
192.168.12.204 - - [17/Feb/2013:06:49:24 +0600] "GET /pause/ajaxPause?pauseConfigId=&admin=0 HTTP/1.1" 200 986 "http://callider/pause/index" "Mozilla/4.0 (compatible; MSIE 7.0; Windows NT 6.1; WOW64; Trident/4.0; SLCC2; .NET CLR 2.0.50727; .NET CLR 3.5.30729; .NET CLR 3.0.30729; Media Center PC 6.0; InfoPath.3; .NET4.0C; .NET4.0E; .NET CLR 1.1.4322)" 19549
192.168.12.69 - - [17/Feb/2013:06:49:25 +0600] "GET /pause/ajaxPause?pauseConfigId=&admin=0 HTTP/1.1" 200 986 "http://callider/pause/index" "Mozilla/4.0 (compatible; MSIE 7.0; Windows NT 6.1; Trident/5.0; SLCC2; .NET CLR 2.0.50727; .NET CLR 3.5.30729; .NET CLR 3.0.30729; Media Center PC 6.0; InfoPath.3; .NET4.0C; .NET4.0E; Tablet PC 2.0; AskTbFXTV5/5.14.1.20007)" 18481
192.168.74.91 - - [17/Feb/2013:06:49:25 +0600] "GET /pause/ajaxPause?pauseConfigId=&admin=0 HTTP/1.1" 200 986 "http://callider/pause/index" "Mozilla/4.0 (compatible; MSIE 7.0; Windows NT 6.1; WOW64; Trident/5.0; SLCC2; .NET CLR 2.0.50727; .NET CLR 3.5.30729; .NET CLR 3.0.30729; Media Center PC 6.0; InfoPath.3; .NET4.0C; MS-RTC LM 8; .NET4.0E)" 21297
192.168.74.151 - - [17/Feb/2013:06:49:25 +0600] "GET /pause/ajaxPause?pauseConfigId=&admin=0 HTTP/1.1" 200 987 "http://callider.kontur/pause/index" "Mozilla/5.0 (Windows NT 6.1; WOW64; rv:18.0) Gecko/20100101 Firefox/18.0" 19813
192.168.12.210 - - [17/Feb/2013:06:49:25 +0600] "GET /pause/ajaxPause?pauseConfigId=all&admin=1 HTTP/1.1" 200 1047 "http://callider/pause/index" "Mozilla/4.0 (compatible; MSIE 7.0; Windows NT 6.1; WOW64; Trident/5.0; SLCC2; .NET CLR 2.0.50727; .NET CLR 3.5.30729; .NET CLR 3.0.30729; Media Center PC 6.0; InfoPath.3; .NET4.0C; .NET4.0E)" 22180
192.168.12.20 - - [17/Feb/2013:06:49:25 +0600] "GET /audition/supervision HTTP/1.1" 200 2929 "http://callider/" "Mozilla/4.0 (compatible; MSIE 7.0; Windows NT 6.1; WOW64; Trident/5.0; SLCC2; .NET CLR 2.0.50727; .NET CLR 3.5.30729; .NET CLR 3.0.30729; Media Center PC 6.0; InfoPath.3; .NET4.0C; .NET4.0E)" 343577
192.168.12.20 - - [17/Feb/2013:06:49:26 +0600] "GET /assets/style-b8d20cbb.css?1359954212 HTTP/1.1" 200 2229 "http://callider/audition/supervision" "Mozilla/4.0 (compatible; MSIE 7.0; Windows NT 6.1; WOW64; Trident/5.0; SLCC2; .NET CLR 2.0.50727; .NET CLR 3.5.30729; .NET CLR 3.0.30729; Media Center PC 6.0; InfoPath.3; .NET4.0C; .NET4.0E)" 17634
192.168.12.20 - - [17/Feb/2013:06:49:26 +0600] "GET /assets/fef21526/supervision.js HTTP/1.1" 200 524 "http://callider/audition/supervision" "Mozilla/4.0 (compatible; MSIE 7.0; Windows NT 6.1; WOW64; Trident/5.0; SLCC2; .NET CLR 2.0.50727; .NET CLR 3.5.30729; .NET CLR 3.0.30729; Media Center PC 6.0; InfoPath.3; .NET4.0C; .NET4.0E)" 100377
192.168.12.20 - - [17/Feb/2013:06:49:26 +0600] "GET /assets/71837704/audition.js HTTP/1.1" 200 979 "http://callider/audition/supervision" "Mozilla/4.0 (compatible; MSIE 7.0; Windows NT 6.1; WOW64; Trident/5.0; SLCC2; .NET CLR 2.0.50727; .NET CLR 3.5.30729; .NET CLR 3.0.30729; Media Center PC 6.0; InfoPath.3; .NET4.0C; .NET4.0E)" 138863
192.168.65.56 - - [17/Feb/2013:06:49:26 +0600] "GET /pause/ajaxPause?pauseConfigId=all&admin=1 HTTP/1.1" 200 1046 "http://192.168.65.101/pause/index" "Mozilla/5.0 (Windows NT 5.1; rv:15.0) Gecko/20100101 Firefox/15.0" 30807
192.168.12.20 - - [17/Feb/2013:06:49:27 +0600] "GET /images/ajax.gif HTTP/1.1" 200 2900 "http://callider/audition/supervision" "Mozilla/4.0 (compatible; MSIE 7.0; Windows NT 6.1; WOW64; Trident/5.0; SLCC2; .NET CLR 2.0.50727; .NET CLR 3.5.30729; .NET CLR 3.0.30729; Media Center PC 6.0; InfoPath.3; .NET4.0C; .NET4.0E)" 27479
192.168.12.20 - - [17/Feb/2013:06:49:27 +0600] "GET /audition/ajaxSupervision?kons=134&month=2&year=2013&_=1361062199714 HTTP/1.1" 200 594 "http://callider/audition/supervision" "Mozilla/4.0 (compatible; MSIE 7.0; Windows NT 6.1; WOW64; Trident/5.0; SLCC2; .NET CLR 2.0.50727; .NET CLR 3.5.30729; .NET CLR 3.0.30729; Media Center PC 6.0; InfoPath.3; .NET4.0C; .NET4.0E)" 201287
192.168.12.61 - - [17/Feb/2013:06:49:27 +0600] "GET /pause/ajaxPause?pauseConfigId=&admin=0 HTTP/1.1" 200 985 "http://callider/pause/index" "Mozilla/4.0 (compatible; MSIE 7.0; Windows NT 6.1; Trident/5.0; SLCC2; .NET CLR 2.0.50727; .NET CLR 3.5.30729; .NET CLR 3.0.30729; Media Center PC 6.0; InfoPath.3; .NET4.0C; .NET4.0E)" 19408
192.168.12.237 - - [17/Feb/2013:06:49:29 +0600] "GET /pause/ajaxPause?pauseConfigId=&admin=0 HTTP/1.1" 200 987 "http://callider/pause/index" "Mozilla/4.0 (compatible; MSIE 7.0; Windows NT 6.1; Trident/5.0; SLCC2; .NET CLR 2.0.50727; .NET CLR 3.5.30729; .NET CLR 3.0.30729; Media Center PC 6.0; InfoPath.3; .NET4.0C; .NET4.0E)" 30867
192.168.12.60 - - [17/Feb/2013:06:49:29 +0600] "GET /pause/ajaxPause?pauseConfigId=&admin=0 HTTP/1.1" 200 986 "http://callider/pause/index" "Mozilla/4.0 (compatible; MSIE 8.0; Windows NT 6.1; Trident/4.0; InfoPath.3; .NET4.0C; MS-RTC LM 8; .NET4.0E)" 19309
192.168.74.78 - - [17/Feb/2013:06:49:29 +0600] "GET /pause/ajaxPause?pauseConfigId=&admin=0 HTTP/1.1" 200 986 "http://callider/pause/index" "Mozilla/4.0 (compatible; MSIE 7.0; Windows NT 6.1; WOW64; Trident/5.0; SLCC2; .NET CLR 2.0.50727; .NET CLR 3.5.30729; .NET CLR 3.0.30729; Media Center PC 6.0; InfoPath.3; .NET4.0C; MS-RTC LM 8; .NET4.0E)" 20023
192.168.12.204 - - [17/Feb/2013:06:49:29 +0600] "GET /pause/ajaxPause?pauseConfigId=&admin=0 HTTP/1.1" 200 986 "http://callider/pause/index" "Mozilla/4.0 (compatible; MSIE 7.0; Windows NT 6.1; WOW64; Trident/4.0; SLCC2; .NET CLR 2.0.50727; .NET CLR 3.5.30729; .NET CLR 3.0.30729; Media Center PC 6.0; InfoPath.3; .NET4.0C; .NET4.0E; .NET CLR 1.1.4322)" 18409
192.168.12.69 - - [17/Feb/2013:06:49:30 +0600] "GET /pause/ajaxPause?pauseConfigId=&admin=0 HTTP/1.1" 200 986 "http://callider/pause/index" "Mozilla/4.0 (compatible; MSIE 7.0; Windows NT 6.1; Trident/5.0; SLCC2; .NET CLR 2.0.50727; .NET CLR 3.5.30729; .NET CLR 3.0.30729; Media Center PC 6.0; InfoPath.3; .NET4.0C; .NET4.0E; Tablet PC 2.0; AskTbFXTV5/5.14.1.20007)" 18526
192.168.74.91 - - [17/Feb/2013:06:49:30 +0600] "GET /pause/ajaxPause?pauseConfigId=&admin=0 HTTP/1.1" 200 986 "http://callider/pause/index" "Mozilla/4.0 (compatible; MSIE 7.0; Windows NT 6.1; WOW64; Trident/5.0; SLCC2; .NET CLR 2.0.50727; .NET CLR 3.5.30729; .NET CLR 3.0.30729; Media Center PC 6.0; InfoPath.3; .NET4.0C; MS-RTC LM 8; .NET4.0E)" 25534
192.168.74.151 - - [17/Feb/2013:06:49:30 +0600] "GET /pause/ajaxPause?pauseConfigId=&admin=0 HTTP/1.1" 200 987 "http://callider.kontur/pause/index" "Mozilla/5.0 (Windows NT 6.1; WOW64; rv:18.0) Gecko/20100101 Firefox/18.0" 18948
192.168.12.210 - - [17/Feb/2013:06:49:30 +0600] "GET /pause/ajaxPause?pauseConfigId=all&admin=1 HTTP/1.1" 200 1047 "http://callider/pause/index" "Mozilla/4.0 (compatible; MSIE 7.0; Windows NT 6.1; WOW64; Trident/5.0; SLCC2; .NET CLR 2.0.50727; .NET CLR 3.5.30729; .NET CLR 3.0.30729; Media Center PC 6.0; InfoPath.3; .NET4.0C; .NET4.0E)" 22417
192.168.65.56 - - [17/Feb/2013:06:49:31 +0600] "GET /pause/ajaxPause?pauseConfigId=all&admin=1 HTTP/1.1" 200 1046 "http://192.168.65.101/pause/index" "Mozilla/5.0 (Windows NT 5.1; rv:15.0) Gecko/20100101 Firefox/15.0" 28614
192.168.12.61 - - [17/Feb/2013:06:49:32 +0600] "GET /pause/ajaxPause?pauseConfigId=&admin=0 HTTP/1.1" 200 985 "http://callider/pause/index" "Mozilla/4.0 (compatible; MSIE 7.0; Windows NT 6.1; Trident/5.0; SLCC2; .NET CLR 2.0.50727; .NET CLR 3.5.30729; .NET CLR 3.0.30729; Media Center PC 6.0; InfoPath.3; .NET4.0C; .NET4.0E)" 23669
192.168.12.237 - - [17/Feb/2013:06:49:34 +0600] "GET /pause/ajaxPause?pauseConfigId=&admin=0 HTTP/1.1" 200 987 "http://callider/pause/index" "Mozilla/4.0 (compatible; MSIE 7.0; Windows NT 6.1; Trident/5.0; SLCC2; .NET CLR 2.0.50727; .NET CLR 3.5.30729; .NET CLR 3.0.30729; Media Center PC 6.0; InfoPath.3; .NET4.0C; .NET4.0E)" 21536
192.168.12.60 - - [17/Feb/2013:06:49:34 +0600] "GET /pause/ajaxPause?pauseConfigId=&admin=0 HTTP/1.1" 200 986 "http://callider/pause/index" "Mozilla/4.0 (compatible; MSIE 8.0; Windows NT 6.1; Trident/4.0; InfoPath.3; .NET4.0C; MS-RTC LM 8; .NET4.0E)" 17979
192.168.74.78 - - [17/Feb/2013:06:49:34 +0600] "GET /pause/ajaxPause?pauseConfigId=&admin=0 HTTP/1.1" 200 986 "http://callider/pause/index" "Mozilla/4.0 (compatible; MSIE 7.0; Windows NT 6.1; WOW64; Trident/5.0; SLCC2; .NET CLR 2.0.50727; .NET CLR 3.5.30729; .NET CLR 3.0.30729; Media Center PC 6.0; InfoPath.3; .NET4.0C; MS-RTC LM 8; .NET4.0E)" 18425
192.168.12.204 - - [17/Feb/2013:06:49:34 +0600] "GET /pause/ajaxPause?pauseConfigId=&admin=0 HTTP/1.1" 200 986 "http://callider/pause/index" "Mozilla/4.0 (compatible; MSIE 7.0; Windows NT 6.1; WOW64; Trident/4.0; SLCC2; .NET CLR 2.0.50727; .NET CLR 3.5.30729; .NET CLR 3.0.30729; Media Center PC 6.0; InfoPath.3; .NET4.0C; .NET4.0E; .NET CLR 1.1.4322)" 22633
192.168.12.67 - - [17/Feb/2013:06:49:34 +0600] "GET /tv/useUser HTTP/1.1" 200 432 "http://callider/graph/personal" "Mozilla/4.0 (compatible; MSIE 7.0; Windows NT 6.1; Trident/5.0; SLCC2; .NET CLR 2.0.50727; .NET CLR 3.5.30729; .NET CLR 3.0.30729; Media Center PC 6.0; .NET4.0C; .NET4.0E; InfoPath.3; Tablet PC 2.0; MS-RTC LM 8)" 18169
192.168.12.69 - - [17/Feb/2013:06:49:35 +0600] "GET /pause/ajaxPause?pauseConfigId=&admin=0 HTTP/1.1" 200 986 "http://callider/pause/index" "Mozilla/4.0 (compatible; MSIE 7.0; Windows NT 6.1; Trident/5.0; SLCC2; .NET CLR 2.0.50727; .NET CLR 3.5.30729; .NET CLR 3.0.30729; Media Center PC 6.0; InfoPath.3; .NET4.0C; .NET4.0E; Tablet PC 2.0; AskTbFXTV5/5.14.1.20007)" 19402
192.168.74.91 - - [17/Feb/2013:06:49:35 +0600] "GET /pause/ajaxPause?pauseConfigId=&admin=0 HTTP/1.1" 200 986 "http://callider/pause/index" "Mozilla/4.0 (compatible; MSIE 7.0; Windows NT 6.1; WOW64; Trident/5.0; SLCC2; .NET CLR 2.0.50727; .NET CLR 3.5.30729; .NET CLR 3.0.30729; Media Center PC 6.0; InfoPath.3; .NET4.0C; MS-RTC LM 8; .NET4.0E)" 25114
192.168.74.151 - - [17/Feb/2013:06:49:35 +0600] "GET /pause/ajaxPause?pauseConfigId=&admin=0 HTTP/1.1" 200 987 "http://callider.kontur/pause/index" "Mozilla/5.0 (Windows NT 6.1; WOW64; rv:18.0) Gecko/20100101 Firefox/18.0" 23734
192.168.12.210 - - [17/Feb/2013:06:49:35 +0600] "GET /pause/ajaxPause?pauseConfigId=all&admin=1 HTTP/1.1" 200 1047 "http://callider/pause/index" "Mozilla/4.0 (compatible; MSIE 7.0; Windows NT 6.1; WOW64; Trident/5.0; SLCC2; .NET CLR 2.0.50727; .NET CLR 3.5.30729; .NET CLR 3.0.30729; Media Center PC 6.0; InfoPath.3; .NET4.0C; .NET4.0E)" 20893
192.168.65.56 - - [17/Feb/2013:06:49:36 +0600] "GET /pause/ajaxPause?pauseConfigId=all&admin=1 HTTP/1.1" 200 1046 "http://192.168.65.101/pause/index" "Mozilla/5.0 (Windows NT 5.1; rv:15.0) Gecko/20100101 Firefox/15.0" 45433
192.168.12.61 - - [17/Feb/2013:06:49:37 +0600] "GET /pause/ajaxPause?pauseConfigId=&admin=0 HTTP/1.1" 200 986 "http://callider/pause/index" "Mozilla/4.0 (compatible; MSIE 7.0; Windows NT 6.1; Trident/5.0; SLCC2; .NET CLR 2.0.50727; .NET CLR 3.5.30729; .NET CLR 3.0.30729; Media Center PC 6.0; InfoPath.3; .NET4.0C; .NET4.0E)" 44555
