192.168.12.1 - - [17/Feb/2013:10:56:37 +0600] "GET /tv/useUser HTTP/1.1" 200 432 "http://callider/webCamera/index" "Mozilla/5.0 (Windows NT 6.2; WOW64) AppleWebKit/537.17 (KHTML, like Gecko) Chrome/24.0.1312.57 Safari/537.17" 14018
192.168.12.9 - - [17/Feb/2013:10:56:39 +0600] "GET /tv/useUser HTTP/1.1" 200 432 "http://callider.kontur/site/index" "Mozilla/5.0 (Windows NT 6.1; WOW64) AppleWebKit/537.17 (KHTML, like Gecko) Chrome/24.0.1312.57 Safari/537.17" 19887
192.168.74.151 - - [17/Feb/2013:10:57:12 +0600] "GET /tv/useUser HTTP/1.1" 200 431 "http://callider.kontur/graph/general" "Mozilla/5.0 (Windows NT 6.1; WOW64; rv:18.0) Gecko/20100101 Firefox/18.0" 8077
192.168.74.151 - - [17/Feb/2013:10:57:14 +0600] "GET /tv/useUser HTTP/1.1" 200 432 "http://callider.kontur/pause/index" "Mozilla/5.0 (Windows NT 6.1; WOW64; rv:18.0) Gecko/20100101 Firefox/18.0" 16389
192.168.12.1 - - [17/Feb/2013:10:57:37 +0600] "GET /tv/useUser HTTP/1.1" 200 432 "http://callider/webCamera/index" "Mozilla/5.0 (Windows NT 6.2; WOW64) AppleWebKit/537.17 (KHTML, like Gecko) Chrome/24.0.1312.57 Safari/537.17" 15277
192.168.12.9 - - [17/Feb/2013:10:57:39 +0600] "GET /tv/useUser HTTP/1.1" 200 432 "http://callider.kontur/site/index" "Mozilla/5.0 (Windows NT 6.1; WOW64) AppleWebKit/537.17 (KHTML, like Gecko) Chrome/24.0.1312.57 Safari/537.17" 16765
192.168.64.119 - - [17/Feb/2013:10:58:00 +0600] "HEAD / HTTP/1.0" 302 435 "-" "WhatsUp/1.0" 14083
192.168.74.151 - - [17/Feb/2013:10:58:12 +0600] "GET /tv/useUser HTTP/1.1" 200 431 "http://callider.kontur/graph/general" "Mozilla/5.0 (Windows NT 6.1; WOW64; rv:18.0) Gecko/20100101 Firefox/18.0" 9620
192.168.74.151 - - [17/Feb/2013:10:58:14 +0600] "GET /tv/useUser HTTP/1.1" 200 432 "http://callider.kontur/pause/index" "Mozilla/5.0 (Windows NT 6.1; WOW64; rv:18.0) Gecko/20100101 Firefox/18.0" 19494
192.168.12.1 - - [17/Feb/2013:10:58:37 +0600] "GET /tv/useUser HTTP/1.1" 200 432 "http://callider/webCamera/index" "Mozilla/5.0 (Windows NT 6.2; WOW64) AppleWebKit/537.17 (KHTML, like Gecko) Chrome/24.0.1312.57 Safari/537.17" 15078
192.168.12.9 - - [17/Feb/2013:10:58:39 +0600] "GET /tv/useUser HTTP/1.1" 200 432 "http://callider.kontur/site/index" "Mozilla/5.0 (Windows NT 6.1; WOW64) AppleWebKit/537.17 (KHTML, like Gecko) Chrome/24.0.1312.57 Safari/537.17" 15017
192.168.74.151 - - [17/Feb/2013:10:59:12 +0600] "GET /tv/useUser HTTP/1.1" 200 431 "http://callider.kontur/graph/general" "Mozilla/5.0 (Windows NT 6.1; WOW64; rv:18.0) Gecko/20100101 Firefox/18.0" 8433
192.168.74.151 - - [17/Feb/2013:10:59:14 +0600] "GET /tv/useUser HTTP/1.1" 200 432 "http://callider.kontur/pause/index" "Mozilla/5.0 (Windows NT 6.1; WOW64; rv:18.0) Gecko/20100101 Firefox/18.0" 15912
192.168.12.9 - - [17/Feb/2013:10:59:39 +0600] "GET /tv/useUser HTTP/1.1" 200 432 "http://callider.kontur/site/index" "Mozilla/5.0 (Windows NT 6.1; WOW64) AppleWebKit/537.17 (KHTML, like Gecko) Chrome/24.0.1312.57 Safari/537.17" 15423
192.168.74.151 - - [17/Feb/2013:11:00:12 +0600] "GET /tv/useUser HTTP/1.1" 200 431 "http://callider.kontur/graph/general" "Mozilla/5.0 (Windows NT 6.1; WOW64; rv:18.0) Gecko/20100101 Firefox/18.0" 8983
192.168.74.151 - - [17/Feb/2013:11:00:14 +0600] "GET /tv/useUser HTTP/1.1" 200 432 "http://callider.kontur/pause/index" "Mozilla/5.0 (Windows NT 6.1; WOW64; rv:18.0) Gecko/20100101 Firefox/18.0" 15127
192.168.12.9 - - [17/Feb/2013:11:00:39 +0600] "GET /tv/useUser HTTP/1.1" 200 432 "http://callider.kontur/site/index" "Mozilla/5.0 (Windows NT 6.1; WOW64) AppleWebKit/537.17 (KHTML, like Gecko) Chrome/24.0.1312.57 Safari/537.17" 19093
192.168.65.93 - - [17/Feb/2013:11:00:55 +0600] "GET / HTTP/1.1" 302 530 "-" "System Center 2012 - Operations Manager 7.0.9538.0" 13178
192.168.65.93 - - [17/Feb/2013:11:00:55 +0600] "GET /site/login HTTP/1.1" 200 2771 "-" "System Center 2012 - Operations Manager 7.0.9538.0" 15473
192.168.64.119 - - [17/Feb/2013:11:01:00 +0600] "HEAD / HTTP/1.0" 302 435 "-" "WhatsUp/1.0" 14051
192.168.74.151 - - [17/Feb/2013:11:01:12 +0600] "GET /tv/useUser HTTP/1.1" 200 431 "http://callider.kontur/graph/general" "Mozilla/5.0 (Windows NT 6.1; WOW64; rv:18.0) Gecko/20100101 Firefox/18.0" 10102
192.168.74.151 - - [17/Feb/2013:11:01:14 +0600] "GET /tv/useUser HTTP/1.1" 200 431 "http://callider.kontur/pause/index" "Mozilla/5.0 (Windows NT 6.1; WOW64; rv:18.0) Gecko/20100101 Firefox/18.0" 12112
192.168.12.9 - - [17/Feb/2013:11:01:39 +0600] "GET /tv/useUser HTTP/1.1" 200 432 "http://callider.kontur/site/index" "Mozilla/5.0 (Windows NT 6.1; WOW64) AppleWebKit/537.17 (KHTML, like Gecko) Chrome/24.0.1312.57 Safari/537.17" 16850
192.168.74.151 - - [17/Feb/2013:11:02:12 +0600] "GET /tv/useUser HTTP/1.1" 200 431 "http://callider.kontur/graph/general" "Mozilla/5.0 (Windows NT 6.1; WOW64; rv:18.0) Gecko/20100101 Firefox/18.0" 8466
192.168.74.151 - - [17/Feb/2013:11:02:14 +0600] "GET /tv/useUser HTTP/1.1" 200 431 "http://callider.kontur/pause/index" "Mozilla/5.0 (Windows NT 6.1; WOW64; rv:18.0) Gecko/20100101 Firefox/18.0" 9028
192.168.12.118 - - [17/Feb/2013:11:02:34 +0600] "GET /graph/general HTTP/1.1" 200 6079 "http://callider/pause/index" "Mozilla/5.0 (Windows NT 6.1) AppleWebKit/537.17 (KHTML, like Gecko) Chrome/24.0.1312.57 Safari/537.17" 89606
192.168.12.118 - - [17/Feb/2013:11:02:34 +0600] "GET /images/graphElba.gif HTTP/1.1" 200 4448 "http://callider/graph/general" "Mozilla/5.0 (Windows NT 6.1) AppleWebKit/537.17 (KHTML, like Gecko) Chrome/24.0.1312.57 Safari/537.17" 2929
192.168.12.9 - - [17/Feb/2013:11:02:39 +0600] "GET /tv/useUser HTTP/1.1" 200 432 "http://callider.kontur/site/index" "Mozilla/5.0 (Windows NT 6.1; WOW64) AppleWebKit/537.17 (KHTML, like Gecko) Chrome/24.0.1312.57 Safari/537.17" 21782
192.168.74.151 - - [17/Feb/2013:11:03:12 +0600] "GET /tv/useUser HTTP/1.1" 200 431 "http://callider.kontur/graph/general" "Mozilla/5.0 (Windows NT 6.1; WOW64; rv:18.0) Gecko/20100101 Firefox/18.0" 10533
192.168.74.151 - - [17/Feb/2013:11:03:14 +0600] "GET /tv/useUser HTTP/1.1" 200 432 "http://callider.kontur/pause/index" "Mozilla/5.0 (Windows NT 6.1; WOW64; rv:18.0) Gecko/20100101 Firefox/18.0" 16516
192.168.12.9 - - [17/Feb/2013:11:03:39 +0600] "GET /tv/useUser HTTP/1.1" 200 432 "http://callider.kontur/site/index" "Mozilla/5.0 (Windows NT 6.1; WOW64) AppleWebKit/537.17 (KHTML, like Gecko) Chrome/24.0.1312.57 Safari/537.17" 31182
192.168.64.119 - - [17/Feb/2013:11:04:00 +0600] "HEAD / HTTP/1.0" 302 435 "-" "WhatsUp/1.0" 17860
192.168.74.151 - - [17/Feb/2013:11:04:12 +0600] "GET /tv/useUser HTTP/1.1" 200 431 "http://callider.kontur/graph/general" "Mozilla/5.0 (Windows NT 6.1; WOW64; rv:18.0) Gecko/20100101 Firefox/18.0" 11024
192.168.74.151 - - [17/Feb/2013:11:04:14 +0600] "GET /tv/useUser HTTP/1.1" 200 432 "http://callider.kontur/pause/index" "Mozilla/5.0 (Windows NT 6.1; WOW64; rv:18.0) Gecko/20100101 Firefox/18.0" 20000
192.168.12.9 - - [17/Feb/2013:11:04:39 +0600] "GET /tv/useUser HTTP/1.1" 200 432 "http://callider.kontur/site/index" "Mozilla/5.0 (Windows NT 6.1; WOW64) AppleWebKit/537.17 (KHTML, like Gecko) Chrome/24.0.1312.57 Safari/537.17" 16751
192.168.74.151 - - [17/Feb/2013:11:05:12 +0600] "GET /tv/useUser HTTP/1.1" 200 431 "http://callider.kontur/graph/general" "Mozilla/5.0 (Windows NT 6.1; WOW64; rv:18.0) Gecko/20100101 Firefox/18.0" 10325
192.168.74.151 - - [17/Feb/2013:11:05:14 +0600] "GET /tv/useUser HTTP/1.1" 200 432 "http://callider.kontur/pause/index" "Mozilla/5.0 (Windows NT 6.1; WOW64; rv:18.0) Gecko/20100101 Firefox/18.0" 17571
192.168.12.9 - - [17/Feb/2013:11:05:39 +0600] "GET /tv/useUser HTTP/1.1" 200 432 "http://callider.kontur/site/index" "Mozilla/5.0 (Windows NT 6.1; WOW64) AppleWebKit/537.17 (KHTML, like Gecko) Chrome/24.0.1312.57 Safari/537.17" 17235
192.168.65.93 - - [17/Feb/2013:11:05:52 +0600] "GET / HTTP/1.1" 302 530 "-" "System Center 2012 - Operations Manager 7.0.9538.0" 13257
192.168.65.93 - - [17/Feb/2013:11:05:52 +0600] "GET /site/login HTTP/1.1" 200 2771 "-" "System Center 2012 - Operations Manager 7.0.9538.0" 16724
192.168.74.151 - - [17/Feb/2013:11:06:12 +0600] "GET /tv/useUser HTTP/1.1" 200 431 "http://callider.kontur/graph/general" "Mozilla/5.0 (Windows NT 6.1; WOW64; rv:18.0) Gecko/20100101 Firefox/18.0" 8424
192.168.74.151 - - [17/Feb/2013:11:06:14 +0600] "GET /tv/useUser HTTP/1.1" 200 432 "http://callider.kontur/pause/index" "Mozilla/5.0 (Windows NT 6.1; WOW64; rv:18.0) Gecko/20100101 Firefox/18.0" 14513
192.168.12.9 - - [17/Feb/2013:11:06:39 +0600] "GET /tv/useUser HTTP/1.1" 200 432 "http://callider.kontur/site/index" "Mozilla/5.0 (Windows NT 6.1; WOW64) AppleWebKit/537.17 (KHTML, like Gecko) Chrome/24.0.1312.57 Safari/537.17" 14103
192.168.64.119 - - [17/Feb/2013:11:07:00 +0600] "HEAD / HTTP/1.0" 302 435 "-" "WhatsUp/1.0" 12238
192.168.74.151 - - [17/Feb/2013:11:07:12 +0600] "GET /tv/useUser HTTP/1.1" 200 431 "http://callider.kontur/graph/general" "Mozilla/5.0 (Windows NT 6.1; WOW64; rv:18.0) Gecko/20100101 Firefox/18.0" 12678
192.168.74.151 - - [17/Feb/2013:11:07:14 +0600] "GET /tv/useUser HTTP/1.1" 200 432 "http://callider.kontur/pause/index" "Mozilla/5.0 (Windows NT 6.1; WOW64; rv:18.0) Gecko/20100101 Firefox/18.0" 15150
192.168.12.9 - - [17/Feb/2013:11:07:39 +0600] "GET /tv/useUser HTTP/1.1" 200 432 "http://callider.kontur/site/index" "Mozilla/5.0 (Windows NT 6.1; WOW64) AppleWebKit/537.17 (KHTML, like Gecko) Chrome/24.0.1312.57 Safari/537.17" 23155
192.168.74.151 - - [17/Feb/2013:11:08:12 +0600] "GET /tv/useUser HTTP/1.1" 200 431 "http://callider.kontur/graph/general" "Mozilla/5.0 (Windows NT 6.1; WOW64; rv:18.0) Gecko/20100101 Firefox/18.0" 13976
192.168.74.151 - - [17/Feb/2013:11:08:14 +0600] "GET /tv/useUser HTTP/1.1" 200 432 "http://callider.kontur/pause/index" "Mozilla/5.0 (Windows NT 6.1; WOW64; rv:18.0) Gecko/20100101 Firefox/18.0" 17812
192.168.12.9 - - [17/Feb/2013:11:08:39 +0600] "GET /tv/useUser HTTP/1.1" 200 432 "http://callider.kontur/site/index" "Mozilla/5.0 (Windows NT 6.1; WOW64) AppleWebKit/537.17 (KHTML, like Gecko) Chrome/24.0.1312.57 Safari/537.17" 23747
192.168.74.151 - - [17/Feb/2013:11:09:12 +0600] "GET /tv/useUser HTTP/1.1" 200 431 "http://callider.kontur/graph/general" "Mozilla/5.0 (Windows NT 6.1; WOW64; rv:18.0) Gecko/20100101 Firefox/18.0" 12636
192.168.74.151 - - [17/Feb/2013:11:09:14 +0600] "GET /tv/useUser HTTP/1.1" 200 432 "http://callider.kontur/pause/index" "Mozilla/5.0 (Windows NT 6.1; WOW64; rv:18.0) Gecko/20100101 Firefox/18.0" 16374
192.168.12.9 - - [17/Feb/2013:11:09:39 +0600] "GET /tv/useUser HTTP/1.1" 200 432 "http://callider.kontur/site/index" "Mozilla/5.0 (Windows NT 6.1; WOW64) AppleWebKit/537.17 (KHTML, like Gecko) Chrome/24.0.1312.57 Safari/537.17" 18281
192.168.64.119 - - [17/Feb/2013:11:10:01 +0600] "HEAD / HTTP/1.0" 302 435 "-" "WhatsUp/1.0" 13517
192.168.74.151 - - [17/Feb/2013:11:10:12 +0600] "GET /tv/useUser HTTP/1.1" 200 431 "http://callider.kontur/graph/general" "Mozilla/5.0 (Windows NT 6.1; WOW64; rv:18.0) Gecko/20100101 Firefox/18.0" 10541
192.168.74.151 - - [17/Feb/2013:11:10:14 +0600] "GET /tv/useUser HTTP/1.1" 200 432 "http://callider.kontur/pause/index" "Mozilla/5.0 (Windows NT 6.1; WOW64; rv:18.0) Gecko/20100101 Firefox/18.0" 17514
192.168.12.9 - - [17/Feb/2013:11:10:39 +0600] "GET /tv/useUser HTTP/1.1" 200 432 "http://callider.kontur/site/index" "Mozilla/5.0 (Windows NT 6.1; WOW64) AppleWebKit/537.17 (KHTML, like Gecko) Chrome/24.0.1312.57 Safari/537.17" 15370
192.168.65.93 - - [17/Feb/2013:11:10:52 +0600] "GET / HTTP/1.1" 302 530 "-" "System Center 2012 - Operations Manager 7.0.9538.0" 12709
192.168.65.93 - - [17/Feb/2013:11:10:52 +0600] "GET /site/login HTTP/1.1" 200 2772 "-" "System Center 2012 - Operations Manager 7.0.9538.0" 20030
192.168.74.151 - - [17/Feb/2013:11:11:12 +0600] "GET /tv/useUser HTTP/1.1" 200 431 "http://callider.kontur/graph/general" "Mozilla/5.0 (Windows NT 6.1; WOW64; rv:18.0) Gecko/20100101 Firefox/18.0" 10991
192.168.74.151 - - [17/Feb/2013:11:11:14 +0600] "GET /tv/useUser HTTP/1.1" 200 432 "http://callider.kontur/pause/index" "Mozilla/5.0 (Windows NT 6.1; WOW64; rv:18.0) Gecko/20100101 Firefox/18.0" 17287
192.168.12.9 - - [17/Feb/2013:11:11:39 +0600] "GET /tv/useUser HTTP/1.1" 200 432 "http://callider.kontur/site/index" "Mozilla/5.0 (Windows NT 6.1; WOW64) AppleWebKit/537.17 (KHTML, like Gecko) Chrome/24.0.1312.57 Safari/537.17" 21801
192.168.74.151 - - [17/Feb/2013:11:12:12 +0600] "GET /tv/useUser HTTP/1.1" 200 431 "http://callider.kontur/graph/general" "Mozilla/5.0 (Windows NT 6.1; WOW64; rv:18.0) Gecko/20100101 Firefox/18.0" 9230
192.168.74.151 - - [17/Feb/2013:11:12:14 +0600] "GET /tv/useUser HTTP/1.1" 200 432 "http://callider.kontur/pause/index" "Mozilla/5.0 (Windows NT 6.1; WOW64; rv:18.0) Gecko/20100101 Firefox/18.0" 18963
192.168.12.9 - - [17/Feb/2013:11:12:39 +0600] "GET /tv/useUser HTTP/1.1" 200 432 "http://callider.kontur/site/index" "Mozilla/5.0 (Windows NT 6.1; WOW64) AppleWebKit/537.17 (KHTML, like Gecko) Chrome/24.0.1312.57 Safari/537.17" 16960
192.168.64.119 - - [17/Feb/2013:11:13:00 +0600] "HEAD / HTTP/1.0" 302 435 "-" "WhatsUp/1.0" 13542
192.168.74.151 - - [17/Feb/2013:11:13:12 +0600] "GET /tv/useUser HTTP/1.1" 200 431 "http://callider.kontur/graph/general" "Mozilla/5.0 (Windows NT 6.1; WOW64; rv:18.0) Gecko/20100101 Firefox/18.0" 9479
192.168.74.151 - - [17/Feb/2013:11:13:14 +0600] "GET /tv/useUser HTTP/1.1" 200 432 "http://callider.kontur/pause/index" "Mozilla/5.0 (Windows NT 6.1; WOW64; rv:18.0) Gecko/20100101 Firefox/18.0" 14981
192.168.12.208 - - [17/Feb/2013:11:13:31 +0600] "GET /pause/index HTTP/1.1" 302 530 "-" "Mozilla/5.0 (Windows NT 6.1; rv:18.0) Gecko/20100101 Firefox/18.0" 12949
192.168.12.208 - - [17/Feb/2013:11:13:31 +0600] "GET /site/login HTTP/1.1" 200 2771 "-" "Mozilla/5.0 (Windows NT 6.1; rv:18.0) Gecko/20100101 Firefox/18.0" 12954
192.168.12.208 - - [17/Feb/2013:11:13:34 +0600] "POST /site/login HTTP/1.1" 302 530 "http://callider/site/login" "Mozilla/5.0 (Windows NT 6.1; rv:18.0) Gecko/20100101 Firefox/18.0" 39314
192.168.12.208 - - [17/Feb/2013:11:13:34 +0600] "GET /pause/index HTTP/1.1" 200 3097 "http://callider/site/login" "Mozilla/5.0 (Windows NT 6.1; rv:18.0) Gecko/20100101 Firefox/18.0" 24314
192.168.12.9 - - [17/Feb/2013:11:13:39 +0600] "GET /tv/useUser HTTP/1.1" 200 432 "http://callider.kontur/site/index" "Mozilla/5.0 (Windows NT 6.1; WOW64) AppleWebKit/537.17 (KHTML, like Gecko) Chrome/24.0.1312.57 Safari/537.17" 14472
192.168.74.151 - - [17/Feb/2013:11:14:12 +0600] "GET /tv/useUser HTTP/1.1" 200 431 "http://callider.kontur/graph/general" "Mozilla/5.0 (Windows NT 6.1; WOW64; rv:18.0) Gecko/20100101 Firefox/18.0" 11099
192.168.74.151 - - [17/Feb/2013:11:14:14 +0600] "GET /tv/useUser HTTP/1.1" 200 432 "http://callider.kontur/pause/index" "Mozilla/5.0 (Windows NT 6.1; WOW64; rv:18.0) Gecko/20100101 Firefox/18.0" 18394
192.168.12.9 - - [17/Feb/2013:11:14:39 +0600] "GET /tv/useUser HTTP/1.1" 200 432 "http://callider.kontur/site/index" "Mozilla/5.0 (Windows NT 6.1; WOW64) AppleWebKit/537.17 (KHTML, like Gecko) Chrome/24.0.1312.57 Safari/537.17" 15253
192.168.74.151 - - [17/Feb/2013:11:15:12 +0600] "GET /tv/useUser HTTP/1.1" 200 431 "http://callider.kontur/graph/general" "Mozilla/5.0 (Windows NT 6.1; WOW64; rv:18.0) Gecko/20100101 Firefox/18.0" 8006
192.168.74.151 - - [17/Feb/2013:11:15:14 +0600] "GET /tv/useUser HTTP/1.1" 200 432 "http://callider.kontur/pause/index" "Mozilla/5.0 (Windows NT 6.1; WOW64; rv:18.0) Gecko/20100101 Firefox/18.0" 16897
192.168.12.9 - - [17/Feb/2013:11:15:39 +0600] "GET /tv/useUser HTTP/1.1" 200 432 "http://callider.kontur/site/index" "Mozilla/5.0 (Windows NT 6.1; WOW64) AppleWebKit/537.17 (KHTML, like Gecko) Chrome/24.0.1312.57 Safari/537.17" 15559
192.168.65.93 - - [17/Feb/2013:11:15:52 +0600] "GET / HTTP/1.1" 302 530 "-" "System Center 2012 - Operations Manager 7.0.9538.0" 12800
192.168.65.93 - - [17/Feb/2013:11:15:52 +0600] "GET /site/login HTTP/1.1" 200 2771 "-" "System Center 2012 - Operations Manager 7.0.9538.0" 15598
192.168.64.119 - - [17/Feb/2013:11:16:01 +0600] "HEAD / HTTP/1.0" 302 435 "-" "WhatsUp/1.0" 12818
192.168.74.151 - - [17/Feb/2013:11:16:12 +0600] "GET /tv/useUser HTTP/1.1" 200 431 "http://callider.kontur/graph/general" "Mozilla/5.0 (Windows NT 6.1; WOW64; rv:18.0) Gecko/20100101 Firefox/18.0" 8860
192.168.74.151 - - [17/Feb/2013:11:16:14 +0600] "GET /tv/useUser HTTP/1.1" 200 432 "http://callider.kontur/pause/index" "Mozilla/5.0 (Windows NT 6.1; WOW64; rv:18.0) Gecko/20100101 Firefox/18.0" 14182
192.168.12.9 - - [17/Feb/2013:11:16:39 +0600] "GET /tv/useUser HTTP/1.1" 200 432 "http://callider.kontur/site/index" "Mozilla/5.0 (Windows NT 6.1; WOW64) AppleWebKit/537.17 (KHTML, like Gecko) Chrome/24.0.1312.57 Safari/537.17" 15038
192.168.74.151 - - [17/Feb/2013:11:17:12 +0600] "GET /tv/useUser HTTP/1.1" 200 431 "http://callider.kontur/graph/general" "Mozilla/5.0 (Windows NT 6.1; WOW64; rv:18.0) Gecko/20100101 Firefox/18.0" 9280
192.168.74.151 - - [17/Feb/2013:11:17:14 +0600] "GET /tv/useUser HTTP/1.1" 200 432 "http://callider.kontur/pause/index" "Mozilla/5.0 (Windows NT 6.1; WOW64; rv:18.0) Gecko/20100101 Firefox/18.0" 18952
192.168.12.9 - - [17/Feb/2013:11:17:39 +0600] "GET /tv/useUser HTTP/1.1" 200 432 "http://callider.kontur/site/index" "Mozilla/5.0 (Windows NT 6.1; WOW64) AppleWebKit/537.17 (KHTML, like Gecko) Chrome/24.0.1312.57 Safari/537.17" 17489
192.168.74.151 - - [17/Feb/2013:11:18:12 +0600] "GET /tv/useUser HTTP/1.1" 200 431 "http://callider.kontur/graph/general" "Mozilla/5.0 (Windows NT 6.1; WOW64; rv:18.0) Gecko/20100101 Firefox/18.0" 8394
192.168.74.151 - - [17/Feb/2013:11:18:14 +0600] "GET /tv/useUser HTTP/1.1" 200 432 "http://callider.kontur/pause/index" "Mozilla/5.0 (Windows NT 6.1; WOW64; rv:18.0) Gecko/20100101 Firefox/18.0" 15865
192.168.12.9 - - [17/Feb/2013:11:18:39 +0600] "GET /tv/useUser HTTP/1.1" 200 432 "http://callider.kontur/site/index" "Mozilla/5.0 (Windows NT 6.1; WOW64) AppleWebKit/537.17 (KHTML, like Gecko) Chrome/24.0.1312.57 Safari/537.17" 16962
192.168.64.119 - - [17/Feb/2013:11:19:00 +0600] "HEAD / HTTP/1.0" 302 435 "-" "WhatsUp/1.0" 17086
192.168.74.151 - - [17/Feb/2013:11:19:12 +0600] "GET /tv/useUser HTTP/1.1" 200 431 "http://callider.kontur/graph/general" "Mozilla/5.0 (Windows NT 6.1; WOW64; rv:18.0) Gecko/20100101 Firefox/18.0" 8008
192.168.74.151 - - [17/Feb/2013:11:19:14 +0600] "GET /tv/useUser HTTP/1.1" 200 432 "http://callider.kontur/pause/index" "Mozilla/5.0 (Windows NT 6.1; WOW64; rv:18.0) Gecko/20100101 Firefox/18.0" 16361
192.168.12.9 - - [17/Feb/2013:11:19:39 +0600] "GET /tv/useUser HTTP/1.1" 200 432 "http://callider.kontur/site/index" "Mozilla/5.0 (Windows NT 6.1; WOW64) AppleWebKit/537.17 (KHTML, like Gecko) Chrome/24.0.1312.57 Safari/537.17" 16532
192.168.74.151 - - [17/Feb/2013:11:20:12 +0600] "GET /tv/useUser HTTP/1.1" 200 431 "http://callider.kontur/graph/general" "Mozilla/5.0 (Windows NT 6.1; WOW64; rv:18.0) Gecko/20100101 Firefox/18.0" 9949
192.168.74.151 - - [17/Feb/2013:11:20:14 +0600] "GET /tv/useUser HTTP/1.1" 200 432 "http://callider.kontur/pause/index" "Mozilla/5.0 (Windows NT 6.1; WOW64; rv:18.0) Gecko/20100101 Firefox/18.0" 18496
192.168.12.9 - - [17/Feb/2013:11:20:39 +0600] "GET /tv/useUser HTTP/1.1" 200 432 "http://callider.kontur/site/index" "Mozilla/5.0 (Windows NT 6.1; WOW64) AppleWebKit/537.17 (KHTML, like Gecko) Chrome/24.0.1312.57 Safari/537.17" 21998
192.168.65.93 - - [17/Feb/2013:11:20:52 +0600] "GET / HTTP/1.1" 302 530 "-" "System Center 2012 - Operations Manager 7.0.9538.0" 15025
192.168.65.93 - - [17/Feb/2013:11:20:52 +0600] "GET /site/login HTTP/1.1" 200 2771 "-" "System Center 2012 - Operations Manager 7.0.9538.0" 15573
192.168.74.151 - - [17/Feb/2013:11:21:12 +0600] "GET /tv/useUser HTTP/1.1" 200 431 "http://callider.kontur/graph/general" "Mozilla/5.0 (Windows NT 6.1; WOW64; rv:18.0) Gecko/20100101 Firefox/18.0" 8616
192.168.74.151 - - [17/Feb/2013:11:21:14 +0600] "GET /tv/useUser HTTP/1.1" 200 432 "http://callider.kontur/pause/index" "Mozilla/5.0 (Windows NT 6.1; WOW64; rv:18.0) Gecko/20100101 Firefox/18.0" 14883
192.168.12.208 - - [17/Feb/2013:11:21:22 +0600] "GET /employees/index HTTP/1.1" 200 10161 "http://callider/pause/index" "Mozilla/5.0 (Windows NT 6.1; rv:18.0) Gecko/20100101 Firefox/18.0" 98900
192.168.12.208 - - [17/Feb/2013:11:21:22 +0600] "POST /employees/ajaxSearch HTTP/1.1" 200 5207 "http://callider/employees/index" "Mozilla/5.0 (Windows NT 6.1; rv:18.0) Gecko/20100101 Firefox/18.0" 36237
192.168.12.208 - - [17/Feb/2013:11:21:24 +0600] "GET /graph/personal HTTP/1.1" 200 8697 "http://callider/employees/index" "Mozilla/5.0 (Windows NT 6.1; rv:18.0) Gecko/20100101 Firefox/18.0" 108344
192.168.12.208 - - [17/Feb/2013:11:21:27 +0600] "GET /graph/general HTTP/1.1" 200 6082 "http://callider/graph/personal" "Mozilla/5.0 (Windows NT 6.1; rv:18.0) Gecko/20100101 Firefox/18.0" 66995
192.168.12.208 - - [17/Feb/2013:11:21:27 +0600] "GET /images/graphElba.gif HTTP/1.1" 200 4448 "http://callider/graph/general" "Mozilla/5.0 (Windows NT 6.1; rv:18.0) Gecko/20100101 Firefox/18.0" 1625
192.168.12.208 - - [17/Feb/2013:11:21:33 +0600] "POST /graph/general HTTP/1.1" 200 4502 "http://callider/graph/general" "Mozilla/5.0 (Windows NT 6.1; rv:18.0) Gecko/20100101 Firefox/18.0" 54849
192.168.12.208 - - [17/Feb/2013:11:21:36 +0600] "GET /employees/ajaxPerson?userId=128 HTTP/1.1" 200 677 "http://callider/graph/general" "Mozilla/5.0 (Windows NT 6.1; rv:18.0) Gecko/20100101 Firefox/18.0" 13917
192.168.12.208 - - [17/Feb/2013:11:21:37 +0600] "GET /employees/index HTTP/1.1" 200 10160 "http://callider/graph/general" "Mozilla/5.0 (Windows NT 6.1; rv:18.0) Gecko/20100101 Firefox/18.0" 97687
192.168.12.208 - - [17/Feb/2013:11:21:37 +0600] "POST /employees/ajaxSearch HTTP/1.1" 200 5207 "http://callider/employees/index" "Mozilla/5.0 (Windows NT 6.1; rv:18.0) Gecko/20100101 Firefox/18.0" 29283
192.168.12.208 - - [17/Feb/2013:11:21:37 +0600] "GET /employees/ajaxCard?userId=128 HTTP/1.1" 200 2488 "http://callider/employees/index" "Mozilla/5.0 (Windows NT 6.1; rv:18.0) Gecko/20100101 Firefox/18.0" 144989
192.168.12.208 - - [17/Feb/2013:11:21:37 +0600] "GET /favicon.ico HTTP/1.1" 200 1445 "-" "Mozilla/5.0 (Windows NT 6.1; rv:18.0) Gecko/20100101 Firefox/18.0" 49195
192.168.12.208 - - [17/Feb/2013:11:21:38 +0600] "GET /employees/ajaxCard?userId=75 HTTP/1.1" 200 2570 "http://callider/employees/index" "Mozilla/5.0 (Windows NT 6.1; rv:18.0) Gecko/20100101 Firefox/18.0" 185363
192.168.12.9 - - [17/Feb/2013:11:21:39 +0600] "GET /tv/useUser HTTP/1.1" 200 432 "http://callider.kontur/site/index" "Mozilla/5.0 (Windows NT 6.1; WOW64) AppleWebKit/537.17 (KHTML, like Gecko) Chrome/24.0.1312.57 Safari/537.17" 16592
192.168.12.208 - - [17/Feb/2013:11:21:47 +0600] "GET /employees/ajaxCard?userId=1 HTTP/1.1" 200 2533 "http://callider/employees/index" "Mozilla/5.0 (Windows NT 6.1; rv:18.0) Gecko/20100101 Firefox/18.0" 401064
192.168.12.208 - - [17/Feb/2013:11:21:49 +0600] "GET /employees/ajaxCard?userId=128 HTTP/1.1" 200 2488 "http://callider/employees/index" "Mozilla/5.0 (Windows NT 6.1; rv:18.0) Gecko/20100101 Firefox/18.0" 142484
192.168.64.119 - - [17/Feb/2013:11:22:00 +0600] "HEAD / HTTP/1.0" 302 435 "-" "WhatsUp/1.0" 16835
192.168.74.151 - - [17/Feb/2013:11:22:12 +0600] "GET /tv/useUser HTTP/1.1" 200 431 "http://callider.kontur/graph/general" "Mozilla/5.0 (Windows NT 6.1; WOW64; rv:18.0) Gecko/20100101 Firefox/18.0" 9259
192.168.74.151 - - [17/Feb/2013:11:22:14 +0600] "GET /tv/useUser HTTP/1.1" 200 432 "http://callider.kontur/pause/index" "Mozilla/5.0 (Windows NT 6.1; WOW64; rv:18.0) Gecko/20100101 Firefox/18.0" 15842
192.168.12.9 - - [17/Feb/2013:11:22:39 +0600] "GET /tv/useUser HTTP/1.1" 200 432 "http://callider.kontur/site/index" "Mozilla/5.0 (Windows NT 6.1; WOW64) AppleWebKit/537.17 (KHTML, like Gecko) Chrome/24.0.1312.57 Safari/537.17" 21132
192.168.12.208 - - [17/Feb/2013:11:22:54 +0600] "GET /graph/apiAjaxGraph?userId=128&date=2013-2-25 HTTP/1.1" 200 475 "http://callider/employees/index" "Mozilla/5.0 (Windows NT 6.1; rv:18.0) Gecko/20100101 Firefox/18.0" 17158
192.168.12.208 - - [17/Feb/2013:11:22:56 +0600] "GET /graph/apiAjaxGraph?userId=128&date=2013-2-26 HTTP/1.1" 200 474 "http://callider/employees/index" "Mozilla/5.0 (Windows NT 6.1; rv:18.0) Gecko/20100101 Firefox/18.0" 12080
192.168.12.208 - - [17/Feb/2013:11:22:57 +0600] "GET /graph/apiAjaxGraph?userId=128&date=2013-2-27 HTTP/1.1" 200 474 "http://callider/employees/index" "Mozilla/5.0 (Windows NT 6.1; rv:18.0) Gecko/20100101 Firefox/18.0" 10543
192.168.12.208 - - [17/Feb/2013:11:22:59 +0600] "GET /graph/apiAjaxGraph?userId=128&date=2013-2-28 HTTP/1.1" 200 474 "http://callider/employees/index" "Mozilla/5.0 (Windows NT 6.1; rv:18.0) Gecko/20100101 Firefox/18.0" 11730
192.168.12.208 - - [17/Feb/2013:11:23:01 +0600] "GET /graph/apiAjaxGraph?userId=128&date=2013-3-1 HTTP/1.1" 200 472 "http://callider/employees/index" "Mozilla/5.0 (Windows NT 6.1; rv:18.0) Gecko/20100101 Firefox/18.0" 11158
192.168.12.208 - - [17/Feb/2013:11:23:06 +0600] "GET /employees/ajaxCard?userId=1 HTTP/1.1" 200 2532 "http://callider/employees/index" "Mozilla/5.0 (Windows NT 6.1; rv:18.0) Gecko/20100101 Firefox/18.0" 602043
192.168.12.208 - - [17/Feb/2013:11:23:10 +0600] "POST /employees/ajaxSearch HTTP/1.1" 200 6267 "http://callider/employees/index" "Mozilla/5.0 (Windows NT 6.1; rv:18.0) Gecko/20100101 Firefox/18.0" 29066
192.168.12.208 - - [17/Feb/2013:11:23:10 +0600] "POST /employees/ajaxSearch HTTP/1.1" 200 852 "http://callider/employees/index" "Mozilla/5.0 (Windows NT 6.1; rv:18.0) Gecko/20100101 Firefox/18.0" 7145
192.168.12.208 - - [17/Feb/2013:11:23:10 +0600] "POST /employees/ajaxSearch HTTP/1.1" 200 618 "http://callider/employees/index" "Mozilla/5.0 (Windows NT 6.1; rv:18.0) Gecko/20100101 Firefox/18.0" 6883
192.168.12.208 - - [17/Feb/2013:11:23:10 +0600] "POST /employees/ajaxSearch HTTP/1.1" 200 618 "http://callider/employees/index" "Mozilla/5.0 (Windows NT 6.1; rv:18.0) Gecko/20100101 Firefox/18.0" 6645
192.168.12.208 - - [17/Feb/2013:11:23:10 +0600] "POST /employees/ajaxSearch HTTP/1.1" 200 580 "http://callider/employees/index" "Mozilla/5.0 (Windows NT 6.1; rv:18.0) Gecko/20100101 Firefox/18.0" 433669
192.168.12.208 - - [17/Feb/2013:11:23:10 +0600] "POST /employees/ajaxSearch HTTP/1.1" 200 581 "http://callider/employees/index" "Mozilla/5.0 (Windows NT 6.1; rv:18.0) Gecko/20100101 Firefox/18.0" 314071
192.168.12.208 - - [17/Feb/2013:11:23:11 +0600] "POST /employees/ajaxSearch HTTP/1.1" 200 581 "http://callider/employees/index" "Mozilla/5.0 (Windows NT 6.1; rv:18.0) Gecko/20100101 Firefox/18.0" 142914
192.168.12.208 - - [17/Feb/2013:11:23:10 +0600] "GET /employees/ajaxCard?userId=110 HTTP/1.1" 200 3339 "http://callider/employees/index" "Mozilla/5.0 (Windows NT 6.1; rv:18.0) Gecko/20100101 Firefox/18.0" 463386
192.168.12.208 - - [17/Feb/2013:11:23:11 +0600] "POST /employees/ajaxSearch HTTP/1.1" 200 580 "http://callider/employees/index" "Mozilla/5.0 (Windows NT 6.1; rv:18.0) Gecko/20100101 Firefox/18.0" 6794
192.168.12.208 - - [17/Feb/2013:11:23:11 +0600] "POST /employees/ajaxSearch HTTP/1.1" 200 580 "http://callider/employees/index" "Mozilla/5.0 (Windows NT 6.1; rv:18.0) Gecko/20100101 Firefox/18.0" 33058
192.168.74.151 - - [17/Feb/2013:11:23:12 +0600] "GET /tv/useUser HTTP/1.1" 200 431 "http://callider.kontur/graph/general" "Mozilla/5.0 (Windows NT 6.1; WOW64; rv:18.0) Gecko/20100101 Firefox/18.0" 9076
192.168.74.151 - - [17/Feb/2013:11:23:14 +0600] "GET /tv/useUser HTTP/1.1" 200 432 "http://callider.kontur/pause/index" "Mozilla/5.0 (Windows NT 6.1; WOW64; rv:18.0) Gecko/20100101 Firefox/18.0" 16198
192.168.12.9 - - [17/Feb/2013:11:23:39 +0600] "GET /tv/useUser HTTP/1.1" 200 432 "http://callider.kontur/site/index" "Mozilla/5.0 (Windows NT 6.1; WOW64) AppleWebKit/537.17 (KHTML, like Gecko) Chrome/24.0.1312.57 Safari/537.17" 14951
192.168.74.151 - - [17/Feb/2013:11:24:12 +0600] "GET /tv/useUser HTTP/1.1" 200 431 "http://callider.kontur/graph/general" "Mozilla/5.0 (Windows NT 6.1; WOW64; rv:18.0) Gecko/20100101 Firefox/18.0" 8767
192.168.74.151 - - [17/Feb/2013:11:24:14 +0600] "GET /tv/useUser HTTP/1.1" 200 432 "http://callider.kontur/pause/index" "Mozilla/5.0 (Windows NT 6.1; WOW64; rv:18.0) Gecko/20100101 Firefox/18.0" 15202
192.168.12.9 - - [17/Feb/2013:11:24:39 +0600] "GET /tv/useUser HTTP/1.1" 200 432 "http://callider.kontur/site/index" "Mozilla/5.0 (Windows NT 6.1; WOW64) AppleWebKit/537.17 (KHTML, like Gecko) Chrome/24.0.1312.57 Safari/537.17" 16823
192.168.64.119 - - [17/Feb/2013:11:25:00 +0600] "HEAD / HTTP/1.0" 302 435 "-" "WhatsUp/1.0" 17135
192.168.12.208 - - [17/Feb/2013:11:25:07 +0600] "GET /graph/apiAjaxGraph?userId=110&date=2013-2-25 HTTP/1.1" 200 475 "http://callider/employees/index" "Mozilla/5.0 (Windows NT 6.1; rv:18.0) Gecko/20100101 Firefox/18.0" 20431
192.168.12.208 - - [17/Feb/2013:11:25:08 +0600] "GET /graph/apiAjaxGraph?userId=110&date=2013-2-26 HTTP/1.1" 200 473 "http://callider/employees/index" "Mozilla/5.0 (Windows NT 6.1; rv:18.0) Gecko/20100101 Firefox/18.0" 13439
192.168.12.208 - - [17/Feb/2013:11:25:08 +0600] "GET /graph/apiAjaxGraph?userId=110&date=2013-2-27 HTTP/1.1" 200 473 "http://callider/employees/index" "Mozilla/5.0 (Windows NT 6.1; rv:18.0) Gecko/20100101 Firefox/18.0" 12590
192.168.74.151 - - [17/Feb/2013:11:25:12 +0600] "GET /tv/useUser HTTP/1.1" 200 431 "http://callider.kontur/graph/general" "Mozilla/5.0 (Windows NT 6.1; WOW64; rv:18.0) Gecko/20100101 Firefox/18.0" 21009
192.168.74.151 - - [17/Feb/2013:11:25:14 +0600] "GET /tv/useUser HTTP/1.1" 200 432 "http://callider.kontur/pause/index" "Mozilla/5.0 (Windows NT 6.1; WOW64; rv:18.0) Gecko/20100101 Firefox/18.0" 15154
192.168.12.9 - - [17/Feb/2013:11:25:39 +0600] "GET /tv/useUser HTTP/1.1" 200 432 "http://callider.kontur/site/index" "Mozilla/5.0 (Windows NT 6.1; WOW64) AppleWebKit/537.17 (KHTML, like Gecko) Chrome/24.0.1312.57 Safari/537.17" 18040
192.168.65.93 - - [17/Feb/2013:11:25:52 +0600] "GET / HTTP/1.1" 302 530 "-" "System Center 2012 - Operations Manager 7.0.9538.0" 13408
192.168.65.93 - - [17/Feb/2013:11:25:52 +0600] "GET /site/login HTTP/1.1" 200 2770 "-" "System Center 2012 - Operations Manager 7.0.9538.0" 14843
192.168.74.151 - - [17/Feb/2013:11:26:12 +0600] "GET /tv/useUser HTTP/1.1" 200 431 "http://callider.kontur/graph/general" "Mozilla/5.0 (Windows NT 6.1; WOW64; rv:18.0) Gecko/20100101 Firefox/18.0" 9274
192.168.74.151 - - [17/Feb/2013:11:26:14 +0600] "GET /tv/useUser HTTP/1.1" 200 432 "http://callider.kontur/pause/index" "Mozilla/5.0 (Windows NT 6.1; WOW64; rv:18.0) Gecko/20100101 Firefox/18.0" 16849
192.168.12.208 - - [17/Feb/2013:11:26:38 +0600] "GET /graph/apiAjaxGraph?userId=110&date=2013-2-28 HTTP/1.1" 200 475 "http://callider/employees/index" "Mozilla/5.0 (Windows NT 6.1; rv:18.0) Gecko/20100101 Firefox/18.0" 16390
192.168.12.9 - - [17/Feb/2013:11:26:39 +0600] "GET /tv/useUser HTTP/1.1" 200 432 "http://callider.kontur/site/index" "Mozilla/5.0 (Windows NT 6.1; WOW64) AppleWebKit/537.17 (KHTML, like Gecko) Chrome/24.0.1312.57 Safari/537.17" 15102
192.168.12.208 - - [17/Feb/2013:11:26:40 +0600] "GET /graph/apiAjaxGraph?userId=110&date=2013-3-1 HTTP/1.1" 200 462 "http://callider/employees/index" "Mozilla/5.0 (Windows NT 6.1; rv:18.0) Gecko/20100101 Firefox/18.0" 15068
192.168.12.208 - - [17/Feb/2013:11:26:45 +0600] "GET /graph/apiAjaxGraph?userId=110&date=2013-3-2 HTTP/1.1" 200 463 "http://callider/employees/index" "Mozilla/5.0 (Windows NT 6.1; rv:18.0) Gecko/20100101 Firefox/18.0" 17928
192.168.12.208 - - [17/Feb/2013:11:26:47 +0600] "GET /graph/apiAjaxGraph?userId=110&date=2013-3-3 HTTP/1.1" 200 471 "http://callider/employees/index" "Mozilla/5.0 (Windows NT 6.1; rv:18.0) Gecko/20100101 Firefox/18.0" 15851
192.168.12.208 - - [17/Feb/2013:11:26:48 +0600] "GET /graph/apiAjaxGraph?userId=110&date=2013-3-4 HTTP/1.1" 200 462 "http://callider/employees/index" "Mozilla/5.0 (Windows NT 6.1; rv:18.0) Gecko/20100101 Firefox/18.0" 12212
192.168.12.208 - - [17/Feb/2013:11:26:48 +0600] "GET /graph/apiAjaxGraph?userId=110&date=2013-3-5 HTTP/1.1" 200 472 "http://callider/employees/index" "Mozilla/5.0 (Windows NT 6.1; rv:18.0) Gecko/20100101 Firefox/18.0" 11427
192.168.12.208 - - [17/Feb/2013:11:26:49 +0600] "GET /graph/apiAjaxGraph?userId=110&date=2013-3-6 HTTP/1.1" 200 472 "http://callider/employees/index" "Mozilla/5.0 (Windows NT 6.1; rv:18.0) Gecko/20100101 Firefox/18.0" 17789
192.168.12.208 - - [17/Feb/2013:11:26:49 +0600] "GET /graph/apiAjaxGraph?userId=110&date=2013-3-7 HTTP/1.1" 200 472 "http://callider/employees/index" "Mozilla/5.0 (Windows NT 6.1; rv:18.0) Gecko/20100101 Firefox/18.0" 12933
192.168.12.208 - - [17/Feb/2013:11:26:54 +0600] "GET /graph/apiAjaxGraph?userId=110&date=2013-3-8 HTTP/1.1" 200 462 "http://callider/employees/index" "Mozilla/5.0 (Windows NT 6.1; rv:18.0) Gecko/20100101 Firefox/18.0" 12628
192.168.12.208 - - [17/Feb/2013:11:26:55 +0600] "GET /graph/apiAjaxGraph?userId=110&date=2013-3-9 HTTP/1.1" 200 462 "http://callider/employees/index" "Mozilla/5.0 (Windows NT 6.1; rv:18.0) Gecko/20100101 Firefox/18.0" 15834
192.168.12.208 - - [17/Feb/2013:11:26:58 +0600] "GET /graph/apiAjaxGraph?userId=110&date=2013-3-10 HTTP/1.1" 200 474 "http://callider/employees/index" "Mozilla/5.0 (Windows NT 6.1; rv:18.0) Gecko/20100101 Firefox/18.0" 12546
192.168.12.208 - - [17/Feb/2013:11:27:00 +0600] "GET /graph/apiAjaxGraph?userId=110&date=2013-3-11 HTTP/1.1" 200 474 "http://callider/employees/index" "Mozilla/5.0 (Windows NT 6.1; rv:18.0) Gecko/20100101 Firefox/18.0" 12443
192.168.12.208 - - [17/Feb/2013:11:27:02 +0600] "GET /graph/apiAjaxGraph?userId=110&date=2013-3-12 HTTP/1.1" 200 474 "http://callider/employees/index" "Mozilla/5.0 (Windows NT 6.1; rv:18.0) Gecko/20100101 Firefox/18.0" 11525
192.168.12.208 - - [17/Feb/2013:11:27:09 +0600] "GET /graph/apiAjaxGraph?userId=110&date=2013-3-13 HTTP/1.1" 200 475 "http://callider/employees/index" "Mozilla/5.0 (Windows NT 6.1; rv:18.0) Gecko/20100101 Firefox/18.0" 17643
192.168.12.208 - - [17/Feb/2013:11:27:11 +0600] "GET /graph/apiAjaxGraph?userId=110&date=2013-3-14 HTTP/1.1" 200 474 "http://callider/employees/index" "Mozilla/5.0 (Windows NT 6.1; rv:18.0) Gecko/20100101 Firefox/18.0" 9204
192.168.74.151 - - [17/Feb/2013:11:27:12 +0600] "GET /tv/useUser HTTP/1.1" 200 431 "http://callider.kontur/graph/general" "Mozilla/5.0 (Windows NT 6.1; WOW64; rv:18.0) Gecko/20100101 Firefox/18.0" 10821
192.168.12.208 - - [17/Feb/2013:11:27:13 +0600] "GET /graph/apiAjaxGraph?userId=110&date=2013-3-15 HTTP/1.1" 200 463 "http://callider/employees/index" "Mozilla/5.0 (Windows NT 6.1; rv:18.0) Gecko/20100101 Firefox/18.0" 9485
192.168.12.208 - - [17/Feb/2013:11:27:14 +0600] "GET /graph/apiAjaxGraph?userId=110&date=2013-3-16 HTTP/1.1" 200 463 "http://callider/employees/index" "Mozilla/5.0 (Windows NT 6.1; rv:18.0) Gecko/20100101 Firefox/18.0" 9456
192.168.74.151 - - [17/Feb/2013:11:27:14 +0600] "GET /tv/useUser HTTP/1.1" 200 431 "http://callider.kontur/pause/index" "Mozilla/5.0 (Windows NT 6.1; WOW64; rv:18.0) Gecko/20100101 Firefox/18.0" 10740
192.168.12.208 - - [17/Feb/2013:11:27:15 +0600] "GET /graph/apiAjaxGraph?userId=110&date=2013-3-17 HTTP/1.1" 200 474 "http://callider/employees/index" "Mozilla/5.0 (Windows NT 6.1; rv:18.0) Gecko/20100101 Firefox/18.0" 10206
192.168.12.208 - - [17/Feb/2013:11:27:17 +0600] "GET /graph/apiAjaxGraph?userId=110&date=2013-3-18 HTTP/1.1" 200 463 "http://callider/employees/index" "Mozilla/5.0 (Windows NT 6.1; rv:18.0) Gecko/20100101 Firefox/18.0" 11908
192.168.12.208 - - [17/Feb/2013:11:27:20 +0600] "GET /graph/personal HTTP/1.1" 200 8697 "http://callider/employees/index" "Mozilla/5.0 (Windows NT 6.1; rv:18.0) Gecko/20100101 Firefox/18.0" 95522
192.168.12.208 - - [17/Feb/2013:11:27:27 +0600] "POST /graph/personal HTTP/1.1" 200 9212 "http://callider/graph/personal" "Mozilla/5.0 (Windows NT 6.1; rv:18.0) Gecko/20100101 Firefox/18.0" 91242
192.168.12.9 - - [17/Feb/2013:11:27:39 +0600] "GET /tv/useUser HTTP/1.1" 200 432 "http://callider.kontur/site/index" "Mozilla/5.0 (Windows NT 6.1; WOW64) AppleWebKit/537.17 (KHTML, like Gecko) Chrome/24.0.1312.57 Safari/537.17" 22808
192.168.64.119 - - [17/Feb/2013:11:28:00 +0600] "HEAD / HTTP/1.0" 302 435 "-" "WhatsUp/1.0" 12328
192.168.12.208 - - [17/Feb/2013:11:28:09 +0600] "GET /aw/index HTTP/1.1" 200 4403 "http://callider/graph/personal" "Mozilla/5.0 (Windows NT 6.1; rv:18.0) Gecko/20100101 Firefox/18.0" 33901
192.168.74.151 - - [17/Feb/2013:11:28:12 +0600] "GET /tv/useUser HTTP/1.1" 200 431 "http://callider.kontur/graph/general" "Mozilla/5.0 (Windows NT 6.1; WOW64; rv:18.0) Gecko/20100101 Firefox/18.0" 9240
192.168.12.208 - - [17/Feb/2013:11:28:13 +0600] "GET /aw/index?s_year=2013&s_month=02&quarter=0&workId=598 HTTP/1.1" 200 3911 "http://callider/aw/index" "Mozilla/5.0 (Windows NT 6.1; rv:18.0) Gecko/20100101 Firefox/18.0" 28515
192.168.74.151 - - [17/Feb/2013:11:28:14 +0600] "GET /tv/useUser HTTP/1.1" 200 432 "http://callider.kontur/pause/index" "Mozilla/5.0 (Windows NT 6.1; WOW64; rv:18.0) Gecko/20100101 Firefox/18.0" 33353
192.168.12.208 - - [17/Feb/2013:11:28:37 +0600] "GET /aw/index HTTP/1.1" 200 4404 "http://callider/graph/personal" "Mozilla/5.0 (Windows NT 6.1; rv:18.0) Gecko/20100101 Firefox/18.0" 28685
192.168.12.9 - - [17/Feb/2013:11:28:39 +0600] "GET /tv/useUser HTTP/1.1" 200 432 "http://callider.kontur/site/index" "Mozilla/5.0 (Windows NT 6.1; WOW64) AppleWebKit/537.17 (KHTML, like Gecko) Chrome/24.0.1312.57 Safari/537.17" 17802
192.168.12.208 - - [17/Feb/2013:11:28:40 +0600] "GET /aw/index?s_year=2013&s_month=02&quarter=0&workId=599 HTTP/1.1" 200 3408 "http://callider/aw/index" "Mozilla/5.0 (Windows NT 6.1; rv:18.0) Gecko/20100101 Firefox/18.0" 27037
192.168.12.208 - - [17/Feb/2013:11:28:43 +0600] "GET /aw/index HTTP/1.1" 200 4403 "http://callider/graph/personal" "Mozilla/5.0 (Windows NT 6.1; rv:18.0) Gecko/20100101 Firefox/18.0" 22303
192.168.12.208 - - [17/Feb/2013:11:28:47 +0600] "GET /aw/index?s_year=2013&s_month=02&quarter=0&workId=596 HTTP/1.1" 200 3396 "http://callider/aw/index" "Mozilla/5.0 (Windows NT 6.1; rv:18.0) Gecko/20100101 Firefox/18.0" 28245
192.168.12.208 - - [17/Feb/2013:11:28:52 +0600] "GET /aw/index HTTP/1.1" 200 4403 "http://callider/graph/personal" "Mozilla/5.0 (Windows NT 6.1; rv:18.0) Gecko/20100101 Firefox/18.0" 21116
192.168.12.208 - - [17/Feb/2013:11:28:56 +0600] "GET /aw/index?s_year=2013&s_month=02&quarter=0&workId=592 HTTP/1.1" 200 3395 "http://callider/aw/index" "Mozilla/5.0 (Windows NT 6.1; rv:18.0) Gecko/20100101 Firefox/18.0" 34603
192.168.12.208 - - [17/Feb/2013:11:28:59 +0600] "GET /aw/index HTTP/1.1" 200 4402 "http://callider/graph/personal" "Mozilla/5.0 (Windows NT 6.1; rv:18.0) Gecko/20100101 Firefox/18.0" 17994
192.168.74.151 - - [17/Feb/2013:11:29:12 +0600] "GET /tv/useUser HTTP/1.1" 200 431 "http://callider.kontur/graph/general" "Mozilla/5.0 (Windows NT 6.1; WOW64; rv:18.0) Gecko/20100101 Firefox/18.0" 7761
192.168.74.151 - - [17/Feb/2013:11:29:14 +0600] "GET /tv/useUser HTTP/1.1" 200 432 "http://callider.kontur/pause/index" "Mozilla/5.0 (Windows NT 6.1; WOW64; rv:18.0) Gecko/20100101 Firefox/18.0" 15138
192.168.12.9 - - [17/Feb/2013:11:29:39 +0600] "GET /tv/useUser HTTP/1.1" 200 432 "http://callider.kontur/site/index" "Mozilla/5.0 (Windows NT 6.1; WOW64) AppleWebKit/537.17 (KHTML, like Gecko) Chrome/24.0.1312.57 Safari/537.17" 14199
192.168.74.151 - - [17/Feb/2013:11:30:12 +0600] "GET /tv/useUser HTTP/1.1" 200 431 "http://callider.kontur/graph/general" "Mozilla/5.0 (Windows NT 6.1; WOW64; rv:18.0) Gecko/20100101 Firefox/18.0" 10612
192.168.74.151 - - [17/Feb/2013:11:30:14 +0600] "GET /tv/useUser HTTP/1.1" 200 431 "http://callider.kontur/pause/index" "Mozilla/5.0 (Windows NT 6.1; WOW64; rv:18.0) Gecko/20100101 Firefox/18.0" 12055
192.168.12.9 - - [17/Feb/2013:11:30:39 +0600] "GET /tv/useUser HTTP/1.1" 200 432 "http://callider.kontur/site/index" "Mozilla/5.0 (Windows NT 6.1; WOW64) AppleWebKit/537.17 (KHTML, like Gecko) Chrome/24.0.1312.57 Safari/537.17" 14600
192.168.65.93 - - [17/Feb/2013:11:30:52 +0600] "GET / HTTP/1.1" 302 530 "-" "System Center 2012 - Operations Manager 7.0.9538.0" 13863
192.168.65.93 - - [17/Feb/2013:11:30:52 +0600] "GET /site/login HTTP/1.1" 200 2771 "-" "System Center 2012 - Operations Manager 7.0.9538.0" 18048
192.168.64.119 - - [17/Feb/2013:11:31:00 +0600] "HEAD / HTTP/1.0" 302 435 "-" "WhatsUp/1.0" 14584
192.168.74.151 - - [17/Feb/2013:11:31:12 +0600] "GET /tv/useUser HTTP/1.1" 200 431 "http://callider.kontur/graph/general" "Mozilla/5.0 (Windows NT 6.1; WOW64; rv:18.0) Gecko/20100101 Firefox/18.0" 11150
192.168.74.151 - - [17/Feb/2013:11:31:14 +0600] "GET /tv/useUser HTTP/1.1" 200 432 "http://callider.kontur/pause/index" "Mozilla/5.0 (Windows NT 6.1; WOW64; rv:18.0) Gecko/20100101 Firefox/18.0" 15448
192.168.12.9 - - [17/Feb/2013:11:31:39 +0600] "GET /tv/useUser HTTP/1.1" 200 432 "http://callider.kontur/site/index" "Mozilla/5.0 (Windows NT 6.1; WOW64) AppleWebKit/537.17 (KHTML, like Gecko) Chrome/24.0.1312.57 Safari/537.17" 16996
192.168.74.151 - - [17/Feb/2013:11:32:12 +0600] "GET /tv/useUser HTTP/1.1" 200 431 "http://callider.kontur/graph/general" "Mozilla/5.0 (Windows NT 6.1; WOW64; rv:18.0) Gecko/20100101 Firefox/18.0" 8562
192.168.74.151 - - [17/Feb/2013:11:32:14 +0600] "GET /tv/useUser HTTP/1.1" 200 431 "http://callider.kontur/pause/index" "Mozilla/5.0 (Windows NT 6.1; WOW64; rv:18.0) Gecko/20100101 Firefox/18.0" 10229
192.168.12.9 - - [17/Feb/2013:11:32:39 +0600] "GET /tv/useUser HTTP/1.1" 200 432 "http://callider.kontur/site/index" "Mozilla/5.0 (Windows NT 6.1; WOW64) AppleWebKit/537.17 (KHTML, like Gecko) Chrome/24.0.1312.57 Safari/537.17" 20369
192.168.74.151 - - [17/Feb/2013:11:33:12 +0600] "GET /tv/useUser HTTP/1.1" 200 431 "http://callider.kontur/graph/general" "Mozilla/5.0 (Windows NT 6.1; WOW64; rv:18.0) Gecko/20100101 Firefox/18.0" 9117
192.168.74.151 - - [17/Feb/2013:11:33:14 +0600] "GET /tv/useUser HTTP/1.1" 200 432 "http://callider.kontur/pause/index" "Mozilla/5.0 (Windows NT 6.1; WOW64; rv:18.0) Gecko/20100101 Firefox/18.0" 16406
192.168.12.9 - - [17/Feb/2013:11:33:39 +0600] "GET /tv/useUser HTTP/1.1" 200 432 "http://callider.kontur/site/index" "Mozilla/5.0 (Windows NT 6.1; WOW64) AppleWebKit/537.17 (KHTML, like Gecko) Chrome/24.0.1312.57 Safari/537.17" 15578
192.168.64.119 - - [17/Feb/2013:11:34:01 +0600] "HEAD / HTTP/1.0" 302 435 "-" "WhatsUp/1.0" 14043
192.168.74.151 - - [17/Feb/2013:11:34:12 +0600] "GET /tv/useUser HTTP/1.1" 200 431 "http://callider.kontur/graph/general" "Mozilla/5.0 (Windows NT 6.1; WOW64; rv:18.0) Gecko/20100101 Firefox/18.0" 8047
192.168.74.151 - - [17/Feb/2013:11:34:14 +0600] "GET /tv/useUser HTTP/1.1" 200 432 "http://callider.kontur/pause/index" "Mozilla/5.0 (Windows NT 6.1; WOW64; rv:18.0) Gecko/20100101 Firefox/18.0" 16987
192.168.12.9 - - [17/Feb/2013:11:34:39 +0600] "GET /tv/useUser HTTP/1.1" 200 432 "http://callider.kontur/site/index" "Mozilla/5.0 (Windows NT 6.1; WOW64) AppleWebKit/537.17 (KHTML, like Gecko) Chrome/24.0.1312.57 Safari/537.17" 16695
192.168.74.151 - - [17/Feb/2013:11:35:12 +0600] "GET /tv/useUser HTTP/1.1" 200 431 "http://callider.kontur/graph/general" "Mozilla/5.0 (Windows NT 6.1; WOW64; rv:18.0) Gecko/20100101 Firefox/18.0" 9883
192.168.74.151 - - [17/Feb/2013:11:35:14 +0600] "GET /tv/useUser HTTP/1.1" 200 431 "http://callider.kontur/pause/index" "Mozilla/5.0 (Windows NT 6.1; WOW64; rv:18.0) Gecko/20100101 Firefox/18.0" 8315
192.168.12.208 - - [17/Feb/2013:11:35:27 +0600] "GET /pause/index HTTP/1.1" 200 3098 "-" "Mozilla/5.0 (Windows NT 6.1; rv:18.0) Gecko/20100101 Firefox/18.0" 24829
192.168.12.9 - - [17/Feb/2013:11:35:39 +0600] "GET /tv/useUser HTTP/1.1" 200 432 "http://callider.kontur/site/index" "Mozilla/5.0 (Windows NT 6.1; WOW64) AppleWebKit/537.17 (KHTML, like Gecko) Chrome/24.0.1312.57 Safari/537.17" 22086
192.168.65.93 - - [17/Feb/2013:11:35:52 +0600] "GET / HTTP/1.1" 302 530 "-" "System Center 2012 - Operations Manager 7.0.9538.0" 14386
192.168.65.93 - - [17/Feb/2013:11:35:52 +0600] "GET /site/login HTTP/1.1" 200 2771 "-" "System Center 2012 - Operations Manager 7.0.9538.0" 18267
192.168.74.151 - - [17/Feb/2013:11:36:12 +0600] "GET /tv/useUser HTTP/1.1" 200 431 "http://callider.kontur/graph/general" "Mozilla/5.0 (Windows NT 6.1; WOW64; rv:18.0) Gecko/20100101 Firefox/18.0" 8921
192.168.74.151 - - [17/Feb/2013:11:36:14 +0600] "GET /tv/useUser HTTP/1.1" 200 432 "http://callider.kontur/pause/index" "Mozilla/5.0 (Windows NT 6.1; WOW64; rv:18.0) Gecko/20100101 Firefox/18.0" 16297
192.168.12.9 - - [17/Feb/2013:11:36:39 +0600] "GET /tv/useUser HTTP/1.1" 200 432 "http://callider.kontur/site/index" "Mozilla/5.0 (Windows NT 6.1; WOW64) AppleWebKit/537.17 (KHTML, like Gecko) Chrome/24.0.1312.57 Safari/537.17" 15942
192.168.64.119 - - [17/Feb/2013:11:37:01 +0600] "HEAD / HTTP/1.0" 302 435 "-" "WhatsUp/1.0" 14332
192.168.74.151 - - [17/Feb/2013:11:37:12 +0600] "GET /tv/useUser HTTP/1.1" 200 431 "http://callider.kontur/graph/general" "Mozilla/5.0 (Windows NT 6.1; WOW64; rv:18.0) Gecko/20100101 Firefox/18.0" 9654
192.168.74.151 - - [17/Feb/2013:11:37:14 +0600] "GET /tv/useUser HTTP/1.1" 200 432 "http://callider.kontur/pause/index" "Mozilla/5.0 (Windows NT 6.1; WOW64; rv:18.0) Gecko/20100101 Firefox/18.0" 14637
192.168.12.9 - - [17/Feb/2013:11:37:39 +0600] "GET /tv/useUser HTTP/1.1" 200 432 "http://callider.kontur/site/index" "Mozilla/5.0 (Windows NT 6.1; WOW64) AppleWebKit/537.17 (KHTML, like Gecko) Chrome/24.0.1312.57 Safari/537.17" 17896
192.168.74.151 - - [17/Feb/2013:11:38:12 +0600] "GET /tv/useUser HTTP/1.1" 200 431 "http://callider.kontur/graph/general" "Mozilla/5.0 (Windows NT 6.1; WOW64; rv:18.0) Gecko/20100101 Firefox/18.0" 8083
192.168.74.151 - - [17/Feb/2013:11:38:14 +0600] "GET /tv/useUser HTTP/1.1" 200 432 "http://callider.kontur/pause/index" "Mozilla/5.0 (Windows NT 6.1; WOW64; rv:18.0) Gecko/20100101 Firefox/18.0" 15419
192.168.12.9 - - [17/Feb/2013:11:38:39 +0600] "GET /tv/useUser HTTP/1.1" 200 432 "http://callider.kontur/site/index" "Mozilla/5.0 (Windows NT 6.1; WOW64) AppleWebKit/537.17 (KHTML, like Gecko) Chrome/24.0.1312.57 Safari/537.17" 14921
192.168.74.151 - - [17/Feb/2013:11:39:12 +0600] "GET /tv/useUser HTTP/1.1" 200 431 "http://callider.kontur/graph/general" "Mozilla/5.0 (Windows NT 6.1; WOW64; rv:18.0) Gecko/20100101 Firefox/18.0" 9593
192.168.74.151 - - [17/Feb/2013:11:39:14 +0600] "GET /tv/useUser HTTP/1.1" 200 432 "http://callider.kontur/pause/index" "Mozilla/5.0 (Windows NT 6.1; WOW64; rv:18.0) Gecko/20100101 Firefox/18.0" 14274
192.168.12.9 - - [17/Feb/2013:11:39:39 +0600] "GET /tv/useUser HTTP/1.1" 200 432 "http://callider.kontur/site/index" "Mozilla/5.0 (Windows NT 6.1; WOW64) AppleWebKit/537.17 (KHTML, like Gecko) Chrome/24.0.1312.57 Safari/537.17" 16213
192.168.64.119 - - [17/Feb/2013:11:40:01 +0600] "HEAD / HTTP/1.0" 302 435 "-" "WhatsUp/1.0" 12792
192.168.74.151 - - [17/Feb/2013:11:40:12 +0600] "GET /tv/useUser HTTP/1.1" 200 431 "http://callider.kontur/graph/general" "Mozilla/5.0 (Windows NT 6.1; WOW64; rv:18.0) Gecko/20100101 Firefox/18.0" 9937
192.168.74.151 - - [17/Feb/2013:11:40:14 +0600] "GET /tv/useUser HTTP/1.1" 200 432 "http://callider.kontur/pause/index" "Mozilla/5.0 (Windows NT 6.1; WOW64; rv:18.0) Gecko/20100101 Firefox/18.0" 15204
192.168.12.9 - - [17/Feb/2013:11:40:39 +0600] "GET /tv/useUser HTTP/1.1" 200 432 "http://callider.kontur/site/index" "Mozilla/5.0 (Windows NT 6.1; WOW64) AppleWebKit/537.17 (KHTML, like Gecko) Chrome/24.0.1312.57 Safari/537.17" 15770
192.168.65.93 - - [17/Feb/2013:11:40:52 +0600] "GET / HTTP/1.1" 302 530 "-" "System Center 2012 - Operations Manager 7.0.9538.0" 35833
192.168.65.93 - - [17/Feb/2013:11:40:52 +0600] "GET /site/login HTTP/1.1" 200 2771 "-" "System Center 2012 - Operations Manager 7.0.9538.0" 26483
192.168.74.151 - - [17/Feb/2013:11:41:12 +0600] "GET /tv/useUser HTTP/1.1" 200 431 "http://callider.kontur/graph/general" "Mozilla/5.0 (Windows NT 6.1; WOW64; rv:18.0) Gecko/20100101 Firefox/18.0" 10088
192.168.74.151 - - [17/Feb/2013:11:41:14 +0600] "GET /tv/useUser HTTP/1.1" 200 432 "http://callider.kontur/pause/index" "Mozilla/5.0 (Windows NT 6.1; WOW64; rv:18.0) Gecko/20100101 Firefox/18.0" 18747
192.168.12.9 - - [17/Feb/2013:11:41:39 +0600] "GET /tv/useUser HTTP/1.1" 200 432 "http://callider.kontur/site/index" "Mozilla/5.0 (Windows NT 6.1; WOW64) AppleWebKit/537.17 (KHTML, like Gecko) Chrome/24.0.1312.57 Safari/537.17" 20305
192.168.74.151 - - [17/Feb/2013:11:42:12 +0600] "GET /tv/useUser HTTP/1.1" 200 431 "http://callider.kontur/graph/general" "Mozilla/5.0 (Windows NT 6.1; WOW64; rv:18.0) Gecko/20100101 Firefox/18.0" 8804
192.168.74.151 - - [17/Feb/2013:11:42:14 +0600] "GET /tv/useUser HTTP/1.1" 200 432 "http://callider.kontur/pause/index" "Mozilla/5.0 (Windows NT 6.1; WOW64; rv:18.0) Gecko/20100101 Firefox/18.0" 15291
192.168.12.9 - - [17/Feb/2013:11:42:39 +0600] "GET /tv/useUser HTTP/1.1" 200 432 "http://callider.kontur/site/index" "Mozilla/5.0 (Windows NT 6.1; WOW64) AppleWebKit/537.17 (KHTML, like Gecko) Chrome/24.0.1312.57 Safari/537.17" 16576
192.168.64.119 - - [17/Feb/2013:11:43:00 +0600] "HEAD / HTTP/1.0" 302 435 "-" "WhatsUp/1.0" 13027
192.168.74.151 - - [17/Feb/2013:11:43:12 +0600] "GET /tv/useUser HTTP/1.1" 200 430 "http://callider.kontur/graph/general" "Mozilla/5.0 (Windows NT 6.1; WOW64; rv:18.0) Gecko/20100101 Firefox/18.0" 9482
192.168.74.151 - - [17/Feb/2013:11:43:14 +0600] "GET /tv/useUser HTTP/1.1" 200 432 "http://callider.kontur/pause/index" "Mozilla/5.0 (Windows NT 6.1; WOW64; rv:18.0) Gecko/20100101 Firefox/18.0" 15986
192.168.12.9 - - [17/Feb/2013:11:43:39 +0600] "GET /tv/useUser HTTP/1.1" 200 432 "http://callider.kontur/site/index" "Mozilla/5.0 (Windows NT 6.1; WOW64) AppleWebKit/537.17 (KHTML, like Gecko) Chrome/24.0.1312.57 Safari/537.17" 16090
192.168.74.151 - - [17/Feb/2013:11:44:12 +0600] "GET /tv/useUser HTTP/1.1" 200 430 "http://callider.kontur/graph/general" "Mozilla/5.0 (Windows NT 6.1; WOW64; rv:18.0) Gecko/20100101 Firefox/18.0" 11118
