192.168.74.151 - - [17/Feb/2013:12:48:12 +0600] "GET /tv/useUser HTTP/1.1" 200 431 "http://callider.kontur/graph/general" "Mozilla/5.0 (Windows NT 6.1; WOW64; rv:18.0) Gecko/20100101 Firefox/18.0" 10829
192.168.74.151 - - [17/Feb/2013:12:48:14 +0600] "GET /tv/useUser HTTP/1.1" 200 432 "http://callider.kontur/pause/index" "Mozilla/5.0 (Windows NT 6.1; WOW64; rv:18.0) Gecko/20100101 Firefox/18.0" 16976
192.168.12.9 - - [17/Feb/2013:12:48:39 +0600] "GET /tv/useUser HTTP/1.1" 200 432 "http://callider.kontur/site/index" "Mozilla/5.0 (Windows NT 6.1; WOW64) AppleWebKit/537.17 (KHTML, like Gecko) Chrome/24.0.1312.57 Safari/537.17" 16630
192.168.64.119 - - [17/Feb/2013:12:49:00 +0600] "HEAD / HTTP/1.0" 302 435 "-" "WhatsUp/1.0" 14519
192.168.74.151 - - [17/Feb/2013:12:49:12 +0600] "GET /tv/useUser HTTP/1.1" 200 431 "http://callider.kontur/graph/general" "Mozilla/5.0 (Windows NT 6.1; WOW64; rv:18.0) Gecko/20100101 Firefox/18.0" 8888
192.168.74.151 - - [17/Feb/2013:12:49:14 +0600] "GET /tv/useUser HTTP/1.1" 200 431 "http://callider.kontur/pause/index" "Mozilla/5.0 (Windows NT 6.1; WOW64; rv:18.0) Gecko/20100101 Firefox/18.0" 8592
192.168.12.9 - - [17/Feb/2013:12:49:39 +0600] "GET /tv/useUser HTTP/1.1" 200 432 "http://callider.kontur/site/index" "Mozilla/5.0 (Windows NT 6.1; WOW64) AppleWebKit/537.17 (KHTML, like Gecko) Chrome/24.0.1312.57 Safari/537.17" 27576
192.168.74.151 - - [17/Feb/2013:12:50:12 +0600] "GET /tv/useUser HTTP/1.1" 200 431 "http://callider.kontur/graph/general" "Mozilla/5.0 (Windows NT 6.1; WOW64; rv:18.0) Gecko/20100101 Firefox/18.0" 9764
192.168.74.151 - - [17/Feb/2013:12:50:14 +0600] "GET /tv/useUser HTTP/1.1" 200 432 "http://callider.kontur/pause/index" "Mozilla/5.0 (Windows NT 6.1; WOW64; rv:18.0) Gecko/20100101 Firefox/18.0" 22267
192.168.12.9 - - [17/Feb/2013:12:50:39 +0600] "GET /tv/useUser HTTP/1.1" 200 432 "http://callider.kontur/site/index" "Mozilla/5.0 (Windows NT 6.1; WOW64) AppleWebKit/537.17 (KHTML, like Gecko) Chrome/24.0.1312.57 Safari/537.17" 19272
192.168.65.93 - - [17/Feb/2013:12:50:52 +0600] "GET / HTTP/1.1" 302 530 "-" "System Center 2012 - Operations Manager 7.0.9538.0" 15665
192.168.65.93 - - [17/Feb/2013:12:50:52 +0600] "GET /site/login HTTP/1.1" 200 2771 "-" "System Center 2012 - Operations Manager 7.0.9538.0" 14508
192.168.74.151 - - [17/Feb/2013:12:51:12 +0600] "GET /tv/useUser HTTP/1.1" 200 431 "http://callider.kontur/graph/general" "Mozilla/5.0 (Windows NT 6.1; WOW64; rv:18.0) Gecko/20100101 Firefox/18.0" 8524
192.168.74.151 - - [17/Feb/2013:12:51:14 +0600] "GET /tv/useUser HTTP/1.1" 200 432 "http://callider.kontur/pause/index" "Mozilla/5.0 (Windows NT 6.1; WOW64; rv:18.0) Gecko/20100101 Firefox/18.0" 16108
192.168.12.9 - - [17/Feb/2013:12:51:39 +0600] "GET /tv/useUser HTTP/1.1" 200 432 "http://callider.kontur/site/index" "Mozilla/5.0 (Windows NT 6.1; WOW64) AppleWebKit/537.17 (KHTML, like Gecko) Chrome/24.0.1312.57 Safari/537.17" 20800
192.168.64.119 - - [17/Feb/2013:12:52:00 +0600] "HEAD / HTTP/1.0" 302 435 "-" "WhatsUp/1.0" 17160
192.168.74.151 - - [17/Feb/2013:12:52:12 +0600] "GET /tv/useUser HTTP/1.1" 200 431 "http://callider.kontur/graph/general" "Mozilla/5.0 (Windows NT 6.1; WOW64; rv:18.0) Gecko/20100101 Firefox/18.0" 13115
192.168.74.151 - - [17/Feb/2013:12:52:14 +0600] "GET /tv/useUser HTTP/1.1" 200 432 "http://callider.kontur/pause/index" "Mozilla/5.0 (Windows NT 6.1; WOW64; rv:18.0) Gecko/20100101 Firefox/18.0" 23690
192.168.12.9 - - [17/Feb/2013:12:52:39 +0600] "GET /tv/useUser HTTP/1.1" 200 432 "http://callider.kontur/site/index" "Mozilla/5.0 (Windows NT 6.1; WOW64) AppleWebKit/537.17 (KHTML, like Gecko) Chrome/24.0.1312.57 Safari/537.17" 15222
192.168.74.151 - - [17/Feb/2013:12:53:12 +0600] "GET /tv/useUser HTTP/1.1" 200 431 "http://callider.kontur/graph/general" "Mozilla/5.0 (Windows NT 6.1; WOW64; rv:18.0) Gecko/20100101 Firefox/18.0" 14025
192.168.74.151 - - [17/Feb/2013:12:53:14 +0600] "GET /tv/useUser HTTP/1.1" 200 432 "http://callider.kontur/pause/index" "Mozilla/5.0 (Windows NT 6.1; WOW64; rv:18.0) Gecko/20100101 Firefox/18.0" 15194
192.168.12.9 - - [17/Feb/2013:12:53:39 +0600] "GET /tv/useUser HTTP/1.1" 200 432 "http://callider.kontur/site/index" "Mozilla/5.0 (Windows NT 6.1; WOW64) AppleWebKit/537.17 (KHTML, like Gecko) Chrome/24.0.1312.57 Safari/537.17" 14689
192.168.74.151 - - [17/Feb/2013:12:54:12 +0600] "GET /tv/useUser HTTP/1.1" 200 431 "http://callider.kontur/graph/general" "Mozilla/5.0 (Windows NT 6.1; WOW64; rv:18.0) Gecko/20100101 Firefox/18.0" 11408
192.168.74.151 - - [17/Feb/2013:12:54:14 +0600] "GET /tv/useUser HTTP/1.1" 200 431 "http://callider.kontur/pause/index" "Mozilla/5.0 (Windows NT 6.1; WOW64; rv:18.0) Gecko/20100101 Firefox/18.0" 9793
192.168.12.9 - - [17/Feb/2013:12:54:39 +0600] "GET /tv/useUser HTTP/1.1" 200 432 "http://callider.kontur/site/index" "Mozilla/5.0 (Windows NT 6.1; WOW64) AppleWebKit/537.17 (KHTML, like Gecko) Chrome/24.0.1312.57 Safari/537.17" 14699
192.168.64.119 - - [17/Feb/2013:12:55:00 +0600] "HEAD / HTTP/1.0" 302 435 "-" "WhatsUp/1.0" 15303
192.168.74.151 - - [17/Feb/2013:12:55:12 +0600] "GET /tv/useUser HTTP/1.1" 200 431 "http://callider.kontur/graph/general" "Mozilla/5.0 (Windows NT 6.1; WOW64; rv:18.0) Gecko/20100101 Firefox/18.0" 8232
192.168.74.151 - - [17/Feb/2013:12:55:14 +0600] "GET /tv/useUser HTTP/1.1" 200 432 "http://callider.kontur/pause/index" "Mozilla/5.0 (Windows NT 6.1; WOW64; rv:18.0) Gecko/20100101 Firefox/18.0" 15170
192.168.12.9 - - [17/Feb/2013:12:55:39 +0600] "GET /tv/useUser HTTP/1.1" 200 432 "http://callider.kontur/site/index" "Mozilla/5.0 (Windows NT 6.1; WOW64) AppleWebKit/537.17 (KHTML, like Gecko) Chrome/24.0.1312.57 Safari/537.17" 14648
192.168.65.93 - - [17/Feb/2013:12:55:52 +0600] "GET / HTTP/1.1" 302 530 "-" "System Center 2012 - Operations Manager 7.0.9538.0" 14875
192.168.65.93 - - [17/Feb/2013:12:55:52 +0600] "GET /site/login HTTP/1.1" 200 2771 "-" "System Center 2012 - Operations Manager 7.0.9538.0" 20781
192.168.74.151 - - [17/Feb/2013:12:56:12 +0600] "GET /tv/useUser HTTP/1.1" 200 431 "http://callider.kontur/graph/general" "Mozilla/5.0 (Windows NT 6.1; WOW64; rv:18.0) Gecko/20100101 Firefox/18.0" 8236
192.168.74.151 - - [17/Feb/2013:12:56:14 +0600] "GET /tv/useUser HTTP/1.1" 200 432 "http://callider.kontur/pause/index" "Mozilla/5.0 (Windows NT 6.1; WOW64; rv:18.0) Gecko/20100101 Firefox/18.0" 20945
192.168.12.9 - - [17/Feb/2013:12:56:39 +0600] "GET /tv/useUser HTTP/1.1" 200 432 "http://callider.kontur/site/index" "Mozilla/5.0 (Windows NT 6.1; WOW64) AppleWebKit/537.17 (KHTML, like Gecko) Chrome/24.0.1312.57 Safari/537.17" 17442
192.168.74.151 - - [17/Feb/2013:12:57:12 +0600] "GET /tv/useUser HTTP/1.1" 200 431 "http://callider.kontur/graph/general" "Mozilla/5.0 (Windows NT 6.1; WOW64; rv:18.0) Gecko/20100101 Firefox/18.0" 9594
192.168.74.151 - - [17/Feb/2013:12:57:14 +0600] "GET /tv/useUser HTTP/1.1" 200 432 "http://callider.kontur/pause/index" "Mozilla/5.0 (Windows NT 6.1; WOW64; rv:18.0) Gecko/20100101 Firefox/18.0" 16126
192.168.12.9 - - [17/Feb/2013:12:57:39 +0600] "GET /tv/useUser HTTP/1.1" 200 432 "http://callider.kontur/site/index" "Mozilla/5.0 (Windows NT 6.1; WOW64) AppleWebKit/537.17 (KHTML, like Gecko) Chrome/24.0.1312.57 Safari/537.17" 18911
192.168.64.119 - - [17/Feb/2013:12:58:00 +0600] "HEAD / HTTP/1.0" 302 435 "-" "WhatsUp/1.0" 13324
192.168.74.151 - - [17/Feb/2013:12:58:12 +0600] "GET /tv/useUser HTTP/1.1" 200 431 "http://callider.kontur/graph/general" "Mozilla/5.0 (Windows NT 6.1; WOW64; rv:18.0) Gecko/20100101 Firefox/18.0" 8900
192.168.74.151 - - [17/Feb/2013:12:58:14 +0600] "GET /tv/useUser HTTP/1.1" 200 432 "http://callider.kontur/pause/index" "Mozilla/5.0 (Windows NT 6.1; WOW64; rv:18.0) Gecko/20100101 Firefox/18.0" 13980
192.168.12.9 - - [17/Feb/2013:12:58:39 +0600] "GET /tv/useUser HTTP/1.1" 200 432 "http://callider.kontur/site/index" "Mozilla/5.0 (Windows NT 6.1; WOW64) AppleWebKit/537.17 (KHTML, like Gecko) Chrome/24.0.1312.57 Safari/537.17" 15009
192.168.74.151 - - [17/Feb/2013:12:59:11 +0600] "GET /tv/useUser HTTP/1.1" 200 431 "http://callider.kontur/graph/general" "Mozilla/5.0 (Windows NT 6.1; WOW64; rv:18.0) Gecko/20100101 Firefox/18.0" 8230
192.168.74.151 - - [17/Feb/2013:12:59:14 +0600] "GET /tv/useUser HTTP/1.1" 200 432 "http://callider.kontur/pause/index" "Mozilla/5.0 (Windows NT 6.1; WOW64; rv:18.0) Gecko/20100101 Firefox/18.0" 15209
192.168.12.9 - - [17/Feb/2013:12:59:39 +0600] "GET /tv/useUser HTTP/1.1" 200 432 "http://callider.kontur/site/index" "Mozilla/5.0 (Windows NT 6.1; WOW64) AppleWebKit/537.17 (KHTML, like Gecko) Chrome/24.0.1312.57 Safari/537.17" 16798
192.168.74.151 - - [17/Feb/2013:13:00:11 +0600] "GET /tv/useUser HTTP/1.1" 200 431 "http://callider.kontur/graph/general" "Mozilla/5.0 (Windows NT 6.1; WOW64; rv:18.0) Gecko/20100101 Firefox/18.0" 10814
192.168.74.151 - - [17/Feb/2013:13:00:14 +0600] "GET /tv/useUser HTTP/1.1" 200 432 "http://callider.kontur/pause/index" "Mozilla/5.0 (Windows NT 6.1; WOW64; rv:18.0) Gecko/20100101 Firefox/18.0" 15185
192.168.12.9 - - [17/Feb/2013:13:00:39 +0600] "GET /tv/useUser HTTP/1.1" 200 432 "http://callider.kontur/site/index" "Mozilla/5.0 (Windows NT 6.1; WOW64) AppleWebKit/537.17 (KHTML, like Gecko) Chrome/24.0.1312.57 Safari/537.17" 14551
192.168.65.93 - - [17/Feb/2013:13:00:52 +0600] "GET / HTTP/1.1" 302 530 "-" "System Center 2012 - Operations Manager 7.0.9538.0" 13816
192.168.65.93 - - [17/Feb/2013:13:00:52 +0600] "GET /site/login HTTP/1.1" 200 2771 "-" "System Center 2012 - Operations Manager 7.0.9538.0" 14564
192.168.64.119 - - [17/Feb/2013:13:01:01 +0600] "HEAD / HTTP/1.0" 302 435 "-" "WhatsUp/1.0" 12416
192.168.74.151 - - [17/Feb/2013:13:01:11 +0600] "GET /tv/useUser HTTP/1.1" 200 431 "http://callider.kontur/graph/general" "Mozilla/5.0 (Windows NT 6.1; WOW64; rv:18.0) Gecko/20100101 Firefox/18.0" 11722
192.168.74.151 - - [17/Feb/2013:13:01:14 +0600] "GET /tv/useUser HTTP/1.1" 200 432 "http://callider.kontur/pause/index" "Mozilla/5.0 (Windows NT 6.1; WOW64; rv:18.0) Gecko/20100101 Firefox/18.0" 21752
192.168.12.9 - - [17/Feb/2013:13:01:39 +0600] "GET /tv/useUser HTTP/1.1" 200 432 "http://callider.kontur/site/index" "Mozilla/5.0 (Windows NT 6.1; WOW64) AppleWebKit/537.17 (KHTML, like Gecko) Chrome/24.0.1312.57 Safari/537.17" 16874
192.168.74.151 - - [17/Feb/2013:13:02:11 +0600] "GET /tv/useUser HTTP/1.1" 200 431 "http://callider.kontur/graph/general" "Mozilla/5.0 (Windows NT 6.1; WOW64; rv:18.0) Gecko/20100101 Firefox/18.0" 9002
192.168.74.151 - - [17/Feb/2013:13:02:14 +0600] "GET /tv/useUser HTTP/1.1" 200 432 "http://callider.kontur/pause/index" "Mozilla/5.0 (Windows NT 6.1; WOW64; rv:18.0) Gecko/20100101 Firefox/18.0" 15903
192.168.12.9 - - [17/Feb/2013:13:02:39 +0600] "GET /tv/useUser HTTP/1.1" 200 432 "http://callider.kontur/site/index" "Mozilla/5.0 (Windows NT 6.1; WOW64) AppleWebKit/537.17 (KHTML, like Gecko) Chrome/24.0.1312.57 Safari/537.17" 24233
192.168.74.151 - - [17/Feb/2013:13:03:11 +0600] "GET /tv/useUser HTTP/1.1" 200 431 "http://callider.kontur/graph/general" "Mozilla/5.0 (Windows NT 6.1; WOW64; rv:18.0) Gecko/20100101 Firefox/18.0" 11662
192.168.74.151 - - [17/Feb/2013:13:03:14 +0600] "GET /tv/useUser HTTP/1.1" 200 432 "http://callider.kontur/pause/index" "Mozilla/5.0 (Windows NT 6.1; WOW64; rv:18.0) Gecko/20100101 Firefox/18.0" 25959
192.168.12.9 - - [17/Feb/2013:13:03:39 +0600] "GET /tv/useUser HTTP/1.1" 200 432 "http://callider.kontur/site/index" "Mozilla/5.0 (Windows NT 6.1; WOW64) AppleWebKit/537.17 (KHTML, like Gecko) Chrome/24.0.1312.57 Safari/537.17" 16733
192.168.64.119 - - [17/Feb/2013:13:04:00 +0600] "HEAD / HTTP/1.0" 302 435 "-" "WhatsUp/1.0" 13788
192.168.74.151 - - [17/Feb/2013:13:04:11 +0600] "GET /tv/useUser HTTP/1.1" 200 431 "http://callider.kontur/graph/general" "Mozilla/5.0 (Windows NT 6.1; WOW64; rv:18.0) Gecko/20100101 Firefox/18.0" 10111
192.168.74.151 - - [17/Feb/2013:13:04:14 +0600] "GET /tv/useUser HTTP/1.1" 200 432 "http://callider.kontur/pause/index" "Mozilla/5.0 (Windows NT 6.1; WOW64; rv:18.0) Gecko/20100101 Firefox/18.0" 56373
192.168.12.9 - - [17/Feb/2013:13:04:39 +0600] "GET /tv/useUser HTTP/1.1" 200 432 "http://callider.kontur/site/index" "Mozilla/5.0 (Windows NT 6.1; WOW64) AppleWebKit/537.17 (KHTML, like Gecko) Chrome/24.0.1312.57 Safari/537.17" 15267
192.168.74.151 - - [17/Feb/2013:13:05:11 +0600] "GET /tv/useUser HTTP/1.1" 200 431 "http://callider.kontur/graph/general" "Mozilla/5.0 (Windows NT 6.1; WOW64; rv:18.0) Gecko/20100101 Firefox/18.0" 8805
192.168.74.151 - - [17/Feb/2013:13:05:14 +0600] "GET /tv/useUser HTTP/1.1" 200 432 "http://callider.kontur/pause/index" "Mozilla/5.0 (Windows NT 6.1; WOW64; rv:18.0) Gecko/20100101 Firefox/18.0" 28964
192.168.12.9 - - [17/Feb/2013:13:05:39 +0600] "GET /tv/useUser HTTP/1.1" 200 432 "http://callider.kontur/site/index" "Mozilla/5.0 (Windows NT 6.1; WOW64) AppleWebKit/537.17 (KHTML, like Gecko) Chrome/24.0.1312.57 Safari/537.17" 15951
192.168.65.93 - - [17/Feb/2013:13:05:52 +0600] "GET / HTTP/1.1" 302 530 "-" "System Center 2012 - Operations Manager 7.0.9538.0" 12851
192.168.65.93 - - [17/Feb/2013:13:05:52 +0600] "GET /site/login HTTP/1.1" 200 2771 "-" "System Center 2012 - Operations Manager 7.0.9538.0" 13990
192.168.74.151 - - [17/Feb/2013:13:06:11 +0600] "GET /tv/useUser HTTP/1.1" 200 431 "http://callider.kontur/graph/general" "Mozilla/5.0 (Windows NT 6.1; WOW64; rv:18.0) Gecko/20100101 Firefox/18.0" 8514
192.168.74.151 - - [17/Feb/2013:13:06:14 +0600] "GET /tv/useUser HTTP/1.1" 200 432 "http://callider.kontur/pause/index" "Mozilla/5.0 (Windows NT 6.1; WOW64; rv:18.0) Gecko/20100101 Firefox/18.0" 28114
192.168.12.9 - - [17/Feb/2013:13:06:39 +0600] "GET /tv/useUser HTTP/1.1" 200 432 "http://callider.kontur/site/index" "Mozilla/5.0 (Windows NT 6.1; WOW64) AppleWebKit/537.17 (KHTML, like Gecko) Chrome/24.0.1312.57 Safari/537.17" 14869
192.168.64.119 - - [17/Feb/2013:13:07:00 +0600] "HEAD / HTTP/1.0" 302 435 "-" "WhatsUp/1.0" 12640
192.168.74.151 - - [17/Feb/2013:13:07:11 +0600] "GET /tv/useUser HTTP/1.1" 200 431 "http://callider.kontur/graph/general" "Mozilla/5.0 (Windows NT 6.1; WOW64; rv:18.0) Gecko/20100101 Firefox/18.0" 16522
192.168.74.151 - - [17/Feb/2013:13:07:14 +0600] "GET /tv/useUser HTTP/1.1" 200 432 "http://callider.kontur/pause/index" "Mozilla/5.0 (Windows NT 6.1; WOW64; rv:18.0) Gecko/20100101 Firefox/18.0" 15206
192.168.12.9 - - [17/Feb/2013:13:07:39 +0600] "GET /tv/useUser HTTP/1.1" 200 432 "http://callider.kontur/site/index" "Mozilla/5.0 (Windows NT 6.1; WOW64) AppleWebKit/537.17 (KHTML, like Gecko) Chrome/24.0.1312.57 Safari/537.17" 14988
192.168.74.151 - - [17/Feb/2013:13:08:11 +0600] "GET /tv/useUser HTTP/1.1" 200 431 "http://callider.kontur/graph/general" "Mozilla/5.0 (Windows NT 6.1; WOW64; rv:18.0) Gecko/20100101 Firefox/18.0" 8917
192.168.74.151 - - [17/Feb/2013:13:08:14 +0600] "GET /tv/useUser HTTP/1.1" 200 432 "http://callider.kontur/pause/index" "Mozilla/5.0 (Windows NT 6.1; WOW64; rv:18.0) Gecko/20100101 Firefox/18.0" 15438
192.168.12.9 - - [17/Feb/2013:13:08:39 +0600] "GET /tv/useUser HTTP/1.1" 200 432 "http://callider.kontur/site/index" "Mozilla/5.0 (Windows NT 6.1; WOW64) AppleWebKit/537.17 (KHTML, like Gecko) Chrome/24.0.1312.57 Safari/537.17" 15934
192.168.74.151 - - [17/Feb/2013:13:09:11 +0600] "GET /tv/useUser HTTP/1.1" 200 431 "http://callider.kontur/graph/general" "Mozilla/5.0 (Windows NT 6.1; WOW64; rv:18.0) Gecko/20100101 Firefox/18.0" 8265
192.168.74.151 - - [17/Feb/2013:13:09:14 +0600] "GET /tv/useUser HTTP/1.1" 200 432 "http://callider.kontur/pause/index" "Mozilla/5.0 (Windows NT 6.1; WOW64; rv:18.0) Gecko/20100101 Firefox/18.0" 15456
192.168.12.9 - - [17/Feb/2013:13:09:39 +0600] "GET /tv/useUser HTTP/1.1" 200 432 "http://callider.kontur/site/index" "Mozilla/5.0 (Windows NT 6.1; WOW64) AppleWebKit/537.17 (KHTML, like Gecko) Chrome/24.0.1312.57 Safari/537.17" 14477
192.168.64.119 - - [17/Feb/2013:13:10:01 +0600] "HEAD / HTTP/1.0" 302 435 "-" "WhatsUp/1.0" 13244
192.168.74.151 - - [17/Feb/2013:13:10:11 +0600] "GET /tv/useUser HTTP/1.1" 200 431 "http://callider.kontur/graph/general" "Mozilla/5.0 (Windows NT 6.1; WOW64; rv:18.0) Gecko/20100101 Firefox/18.0" 8604
192.168.74.151 - - [17/Feb/2013:13:10:14 +0600] "GET /tv/useUser HTTP/1.1" 200 432 "http://callider.kontur/pause/index" "Mozilla/5.0 (Windows NT 6.1; WOW64; rv:18.0) Gecko/20100101 Firefox/18.0" 17027
192.168.12.9 - - [17/Feb/2013:13:10:39 +0600] "GET /tv/useUser HTTP/1.1" 200 432 "http://callider.kontur/site/index" "Mozilla/5.0 (Windows NT 6.1; WOW64) AppleWebKit/537.17 (KHTML, like Gecko) Chrome/24.0.1312.57 Safari/537.17" 14908
192.168.65.93 - - [17/Feb/2013:13:10:52 +0600] "GET / HTTP/1.1" 302 530 "-" "System Center 2012 - Operations Manager 7.0.9538.0" 14880
192.168.65.93 - - [17/Feb/2013:13:10:52 +0600] "GET /site/login HTTP/1.1" 200 2771 "-" "System Center 2012 - Operations Manager 7.0.9538.0" 16030
192.168.74.151 - - [17/Feb/2013:13:11:11 +0600] "GET /tv/useUser HTTP/1.1" 200 431 "http://callider.kontur/graph/general" "Mozilla/5.0 (Windows NT 6.1; WOW64; rv:18.0) Gecko/20100101 Firefox/18.0" 8549
192.168.74.151 - - [17/Feb/2013:13:11:14 +0600] "GET /tv/useUser HTTP/1.1" 200 431 "http://callider.kontur/pause/index" "Mozilla/5.0 (Windows NT 6.1; WOW64; rv:18.0) Gecko/20100101 Firefox/18.0" 16988
192.168.12.9 - - [17/Feb/2013:13:11:39 +0600] "GET /tv/useUser HTTP/1.1" 200 432 "http://callider.kontur/site/index" "Mozilla/5.0 (Windows NT 6.1; WOW64) AppleWebKit/537.17 (KHTML, like Gecko) Chrome/24.0.1312.57 Safari/537.17" 17088
192.168.74.151 - - [17/Feb/2013:13:12:11 +0600] "GET /tv/useUser HTTP/1.1" 200 431 "http://callider.kontur/graph/general" "Mozilla/5.0 (Windows NT 6.1; WOW64; rv:18.0) Gecko/20100101 Firefox/18.0" 9046
192.168.74.151 - - [17/Feb/2013:13:12:14 +0600] "GET /tv/useUser HTTP/1.1" 200 431 "http://callider.kontur/pause/index" "Mozilla/5.0 (Windows NT 6.1; WOW64; rv:18.0) Gecko/20100101 Firefox/18.0" 8701
192.168.12.9 - - [17/Feb/2013:13:12:39 +0600] "GET /tv/useUser HTTP/1.1" 200 432 "http://callider.kontur/site/index" "Mozilla/5.0 (Windows NT 6.1; WOW64) AppleWebKit/537.17 (KHTML, like Gecko) Chrome/24.0.1312.57 Safari/537.17" 17899
192.168.64.119 - - [17/Feb/2013:13:13:01 +0600] "HEAD / HTTP/1.0" 302 435 "-" "WhatsUp/1.0" 16310
192.168.74.151 - - [17/Feb/2013:13:13:11 +0600] "GET /tv/useUser HTTP/1.1" 200 431 "http://callider.kontur/graph/general" "Mozilla/5.0 (Windows NT 6.1; WOW64; rv:18.0) Gecko/20100101 Firefox/18.0" 8307
192.168.74.151 - - [17/Feb/2013:13:13:14 +0600] "GET /tv/useUser HTTP/1.1" 200 432 "http://callider.kontur/pause/index" "Mozilla/5.0 (Windows NT 6.1; WOW64; rv:18.0) Gecko/20100101 Firefox/18.0" 15023
192.168.12.9 - - [17/Feb/2013:13:13:39 +0600] "GET /tv/useUser HTTP/1.1" 200 432 "http://callider.kontur/site/index" "Mozilla/5.0 (Windows NT 6.1; WOW64) AppleWebKit/537.17 (KHTML, like Gecko) Chrome/24.0.1312.57 Safari/537.17" 16205
192.168.74.151 - - [17/Feb/2013:13:14:11 +0600] "GET /tv/useUser HTTP/1.1" 200 431 "http://callider.kontur/graph/general" "Mozilla/5.0 (Windows NT 6.1; WOW64; rv:18.0) Gecko/20100101 Firefox/18.0" 12081
192.168.74.151 - - [17/Feb/2013:13:14:14 +0600] "GET /tv/useUser HTTP/1.1" 200 432 "http://callider.kontur/pause/index" "Mozilla/5.0 (Windows NT 6.1; WOW64; rv:18.0) Gecko/20100101 Firefox/18.0" 14922
192.168.12.9 - - [17/Feb/2013:13:14:39 +0600] "GET /tv/useUser HTTP/1.1" 200 432 "http://callider.kontur/site/index" "Mozilla/5.0 (Windows NT 6.1; WOW64) AppleWebKit/537.17 (KHTML, like Gecko) Chrome/24.0.1312.57 Safari/537.17" 15300
192.168.74.151 - - [17/Feb/2013:13:15:11 +0600] "GET /tv/useUser HTTP/1.1" 200 431 "http://callider.kontur/graph/general" "Mozilla/5.0 (Windows NT 6.1; WOW64; rv:18.0) Gecko/20100101 Firefox/18.0" 7671
192.168.74.151 - - [17/Feb/2013:13:15:14 +0600] "GET /tv/useUser HTTP/1.1" 200 432 "http://callider.kontur/pause/index" "Mozilla/5.0 (Windows NT 6.1; WOW64; rv:18.0) Gecko/20100101 Firefox/18.0" 15076
192.168.12.9 - - [17/Feb/2013:13:15:39 +0600] "GET /tv/useUser HTTP/1.1" 200 432 "http://callider.kontur/site/index" "Mozilla/5.0 (Windows NT 6.1; WOW64) AppleWebKit/537.17 (KHTML, like Gecko) Chrome/24.0.1312.57 Safari/537.17" 18743
192.168.65.93 - - [17/Feb/2013:13:15:52 +0600] "GET / HTTP/1.1" 302 530 "-" "System Center 2012 - Operations Manager 7.0.9538.0" 12554
192.168.65.93 - - [17/Feb/2013:13:15:52 +0600] "GET /site/login HTTP/1.1" 200 2771 "-" "System Center 2012 - Operations Manager 7.0.9538.0" 13676
192.168.64.119 - - [17/Feb/2013:13:16:00 +0600] "HEAD / HTTP/1.0" 302 435 "-" "WhatsUp/1.0" 15106
192.168.74.151 - - [17/Feb/2013:13:16:11 +0600] "GET /tv/useUser HTTP/1.1" 200 431 "http://callider.kontur/graph/general" "Mozilla/5.0 (Windows NT 6.1; WOW64; rv:18.0) Gecko/20100101 Firefox/18.0" 8175
192.168.74.151 - - [17/Feb/2013:13:16:14 +0600] "GET /tv/useUser HTTP/1.1" 200 432 "http://callider.kontur/pause/index" "Mozilla/5.0 (Windows NT 6.1; WOW64; rv:18.0) Gecko/20100101 Firefox/18.0" 16116
192.168.12.9 - - [17/Feb/2013:13:16:39 +0600] "GET /tv/useUser HTTP/1.1" 200 432 "http://callider.kontur/site/index" "Mozilla/5.0 (Windows NT 6.1; WOW64) AppleWebKit/537.17 (KHTML, like Gecko) Chrome/24.0.1312.57 Safari/537.17" 20580
192.168.74.151 - - [17/Feb/2013:13:17:11 +0600] "GET /tv/useUser HTTP/1.1" 200 431 "http://callider.kontur/graph/general" "Mozilla/5.0 (Windows NT 6.1; WOW64; rv:18.0) Gecko/20100101 Firefox/18.0" 12828
192.168.74.151 - - [17/Feb/2013:13:17:14 +0600] "GET /tv/useUser HTTP/1.1" 200 432 "http://callider.kontur/pause/index" "Mozilla/5.0 (Windows NT 6.1; WOW64; rv:18.0) Gecko/20100101 Firefox/18.0" 14330
192.168.12.118 - - [17/Feb/2013:13:17:20 +0600] "GET /site/index HTTP/1.1" 200 4920 "-" "Mozilla/5.0 (Windows NT 6.1) AppleWebKit/537.17 (KHTML, like Gecko) Chrome/24.0.1312.57 Safari/537.17" 37551
192.168.12.118 - - [17/Feb/2013:13:17:29 +0600] "GET /aw/index HTTP/1.1" 200 4404 "http://callider/site/index" "Mozilla/5.0 (Windows NT 6.1) AppleWebKit/537.17 (KHTML, like Gecko) Chrome/24.0.1312.57 Safari/537.17" 28325
192.168.12.9 - - [17/Feb/2013:13:17:39 +0600] "GET /tv/useUser HTTP/1.1" 200 432 "http://callider.kontur/site/index" "Mozilla/5.0 (Windows NT 6.1; WOW64) AppleWebKit/537.17 (KHTML, like Gecko) Chrome/24.0.1312.57 Safari/537.17" 16397
192.168.12.118 - - [17/Feb/2013:13:17:41 +0600] "GET /audition/supervision HTTP/1.1" 200 2929 "http://callider/aw/index" "Mozilla/5.0 (Windows NT 6.1) AppleWebKit/537.17 (KHTML, like Gecko) Chrome/24.0.1312.57 Safari/537.17" 33387
192.168.12.118 - - [17/Feb/2013:13:17:41 +0600] "GET /images/ajax.gif HTTP/1.1" 200 2900 "http://callider/audition/supervision" "Mozilla/5.0 (Windows NT 6.1) AppleWebKit/537.17 (KHTML, like Gecko) Chrome/24.0.1312.57 Safari/537.17" 661
192.168.12.118 - - [17/Feb/2013:13:17:41 +0600] "GET /audition/ajaxSupervision?kons=132&month=2&year=2013&_=1361085495449 HTTP/1.1" 200 597 "http://callider/audition/supervision" "Mozilla/5.0 (Windows NT 6.1) AppleWebKit/537.17 (KHTML, like Gecko) Chrome/24.0.1312.57 Safari/537.17" 51718
192.168.12.118 - - [17/Feb/2013:13:17:44 +0600] "GET /graph/general HTTP/1.1" 200 6079 "http://callider/audition/supervision" "Mozilla/5.0 (Windows NT 6.1) AppleWebKit/537.17 (KHTML, like Gecko) Chrome/24.0.1312.57 Safari/537.17" 65154
192.168.74.151 - - [17/Feb/2013:13:18:11 +0600] "GET /tv/useUser HTTP/1.1" 200 431 "http://callider.kontur/graph/general" "Mozilla/5.0 (Windows NT 6.1; WOW64; rv:18.0) Gecko/20100101 Firefox/18.0" 9194
192.168.74.151 - - [17/Feb/2013:13:18:14 +0600] "GET /tv/useUser HTTP/1.1" 200 432 "http://callider.kontur/pause/index" "Mozilla/5.0 (Windows NT 6.1; WOW64; rv:18.0) Gecko/20100101 Firefox/18.0" 15875
192.168.12.118 - - [17/Feb/2013:13:18:20 +0600] "POST /graph/general HTTP/1.1" 200 7132 "http://callider/graph/general" "Mozilla/5.0 (Windows NT 6.1) AppleWebKit/537.17 (KHTML, like Gecko) Chrome/24.0.1312.57 Safari/537.17" 117364
192.168.12.118 - - [17/Feb/2013:13:18:21 +0600] "GET /employees/ajaxPerson?userId=71 HTTP/1.1" 200 720 "http://callider/graph/general" "Mozilla/5.0 (Windows NT 6.1) AppleWebKit/537.17 (KHTML, like Gecko) Chrome/24.0.1312.57 Safari/537.17" 16655
192.168.12.9 - - [17/Feb/2013:13:18:39 +0600] "GET /tv/useUser HTTP/1.1" 200 432 "http://callider.kontur/site/index" "Mozilla/5.0 (Windows NT 6.1; WOW64) AppleWebKit/537.17 (KHTML, like Gecko) Chrome/24.0.1312.57 Safari/537.17" 14784
192.168.64.119 - - [17/Feb/2013:13:19:00 +0600] "HEAD / HTTP/1.0" 302 435 "-" "WhatsUp/1.0" 15186
192.168.74.151 - - [17/Feb/2013:13:19:11 +0600] "GET /tv/useUser HTTP/1.1" 200 431 "http://callider.kontur/graph/general" "Mozilla/5.0 (Windows NT 6.1; WOW64; rv:18.0) Gecko/20100101 Firefox/18.0" 8650
192.168.74.151 - - [17/Feb/2013:13:19:14 +0600] "GET /tv/useUser HTTP/1.1" 200 432 "http://callider.kontur/pause/index" "Mozilla/5.0 (Windows NT 6.1; WOW64; rv:18.0) Gecko/20100101 Firefox/18.0" 14976
192.168.12.9 - - [17/Feb/2013:13:19:39 +0600] "GET /tv/useUser HTTP/1.1" 200 432 "http://callider.kontur/site/index" "Mozilla/5.0 (Windows NT 6.1; WOW64) AppleWebKit/537.17 (KHTML, like Gecko) Chrome/24.0.1312.57 Safari/537.17" 14071
192.168.74.151 - - [17/Feb/2013:13:20:11 +0600] "GET /tv/useUser HTTP/1.1" 200 431 "http://callider.kontur/graph/general" "Mozilla/5.0 (Windows NT 6.1; WOW64; rv:18.0) Gecko/20100101 Firefox/18.0" 11153
192.168.74.151 - - [17/Feb/2013:13:20:14 +0600] "GET /tv/useUser HTTP/1.1" 200 432 "http://callider.kontur/pause/index" "Mozilla/5.0 (Windows NT 6.1; WOW64; rv:18.0) Gecko/20100101 Firefox/18.0" 15604
192.168.12.118 - - [17/Feb/2013:13:20:30 +0600] "GET /employees/ajaxPerson?userId=132 HTTP/1.1" 200 693 "http://callider/graph/general" "Mozilla/5.0 (Windows NT 6.1) AppleWebKit/537.17 (KHTML, like Gecko) Chrome/24.0.1312.57 Safari/537.17" 23880
192.168.12.118 - - [17/Feb/2013:13:20:31 +0600] "GET /employees/index HTTP/1.1" 200 10158 "http://callider/graph/general" "Mozilla/5.0 (Windows NT 6.1) AppleWebKit/537.17 (KHTML, like Gecko) Chrome/24.0.1312.57 Safari/537.17" 102121
192.168.12.118 - - [17/Feb/2013:13:20:31 +0600] "GET /employees/ajaxCard?userId=132 HTTP/1.1" 200 3328 "http://callider/employees/index" "Mozilla/5.0 (Windows NT 6.1) AppleWebKit/537.17 (KHTML, like Gecko) Chrome/24.0.1312.57 Safari/537.17" 154912
192.168.12.118 - - [17/Feb/2013:13:20:31 +0600] "POST /employees/ajaxSearch HTTP/1.1" 200 5207 "http://callider/employees/index" "Mozilla/5.0 (Windows NT 6.1) AppleWebKit/537.17 (KHTML, like Gecko) Chrome/24.0.1312.57 Safari/537.17" 136523
192.168.12.118 - - [17/Feb/2013:13:20:32 +0600] "GET /employees/ajaxCard?userId=234 HTTP/1.1" 200 2472 "http://callider/employees/index" "Mozilla/5.0 (Windows NT 6.1) AppleWebKit/537.17 (KHTML, like Gecko) Chrome/24.0.1312.57 Safari/537.17" 121803
192.168.12.118 - - [17/Feb/2013:13:20:34 +0600] "GET /employees/ajaxCard?userId=80 HTTP/1.1" 200 2556 "http://callider/employees/index" "Mozilla/5.0 (Windows NT 6.1) AppleWebKit/537.17 (KHTML, like Gecko) Chrome/24.0.1312.57 Safari/537.17" 387340
192.168.12.118 - - [17/Feb/2013:13:20:35 +0600] "GET /employees/ajaxCard?userId=234 HTTP/1.1" 200 2472 "http://callider/employees/index" "Mozilla/5.0 (Windows NT 6.1) AppleWebKit/537.17 (KHTML, like Gecko) Chrome/24.0.1312.57 Safari/537.17" 112356
192.168.12.118 - - [17/Feb/2013:13:20:36 +0600] "GET /employees/ajaxCard?userId=385 HTTP/1.1" 200 2383 "http://callider/employees/index" "Mozilla/5.0 (Windows NT 6.1) AppleWebKit/537.17 (KHTML, like Gecko) Chrome/24.0.1312.57 Safari/537.17" 33774
192.168.12.118 - - [17/Feb/2013:13:20:36 +0600] "GET /images/nophoto.gif HTTP/1.1" 200 33202 "http://callider/employees/index" "Mozilla/5.0 (Windows NT 6.1) AppleWebKit/537.17 (KHTML, like Gecko) Chrome/24.0.1312.57 Safari/537.17" 6721
192.168.12.118 - - [17/Feb/2013:13:20:36 +0600] "GET /employees/ajaxCard?userId=132 HTTP/1.1" 200 3251 "http://callider/employees/index" "Mozilla/5.0 (Windows NT 6.1) AppleWebKit/537.17 (KHTML, like Gecko) Chrome/24.0.1312.57 Safari/537.17" 125129
192.168.12.9 - - [17/Feb/2013:13:20:39 +0600] "GET /tv/useUser HTTP/1.1" 200 432 "http://callider.kontur/site/index" "Mozilla/5.0 (Windows NT 6.1; WOW64) AppleWebKit/537.17 (KHTML, like Gecko) Chrome/24.0.1312.57 Safari/537.17" 16308
192.168.12.118 - - [17/Feb/2013:13:20:44 +0600] "POST /employees/ajaxSearch HTTP/1.1" 200 577 "http://callider/employees/index" "Mozilla/5.0 (Windows NT 6.1) AppleWebKit/537.17 (KHTML, like Gecko) Chrome/24.0.1312.57 Safari/537.17" 12841
192.168.12.118 - - [17/Feb/2013:13:20:44 +0600] "POST /employees/ajaxSearch HTTP/1.1" 200 576 "http://callider/employees/index" "Mozilla/5.0 (Windows NT 6.1) AppleWebKit/537.17 (KHTML, like Gecko) Chrome/24.0.1312.57 Safari/537.17" 20929
192.168.12.118 - - [17/Feb/2013:13:20:44 +0600] "GET /employees/ajaxCard?userId=369 HTTP/1.1" 200 2547 "http://callider/employees/index" "Mozilla/5.0 (Windows NT 6.1) AppleWebKit/537.17 (KHTML, like Gecko) Chrome/24.0.1312.57 Safari/537.17" 62745
192.168.12.118 - - [17/Feb/2013:13:20:44 +0600] "POST /employees/ajaxSearch HTTP/1.1" 200 576 "http://callider/employees/index" "Mozilla/5.0 (Windows NT 6.1) AppleWebKit/537.17 (KHTML, like Gecko) Chrome/24.0.1312.57 Safari/537.17" 22523
192.168.12.118 - - [17/Feb/2013:13:20:45 +0600] "POST /employees/ajaxSearch HTTP/1.1" 200 576 "http://callider/employees/index" "Mozilla/5.0 (Windows NT 6.1) AppleWebKit/537.17 (KHTML, like Gecko) Chrome/24.0.1312.57 Safari/537.17" 7916
192.168.12.118 - - [17/Feb/2013:13:20:47 +0600] "POST /employees/ajaxSearch HTTP/1.1" 200 5644 "http://callider/employees/index" "Mozilla/5.0 (Windows NT 6.1) AppleWebKit/537.17 (KHTML, like Gecko) Chrome/24.0.1312.57 Safari/537.17" 34240
192.168.12.118 - - [17/Feb/2013:13:20:47 +0600] "POST /employees/ajaxSearch HTTP/1.1" 200 5207 "http://callider/employees/index" "Mozilla/5.0 (Windows NT 6.1) AppleWebKit/537.17 (KHTML, like Gecko) Chrome/24.0.1312.57 Safari/537.17" 21885
192.168.12.118 - - [17/Feb/2013:13:20:47 +0600] "POST /employees/ajaxSearch HTTP/1.1" 200 5207 "http://callider/employees/index" "Mozilla/5.0 (Windows NT 6.1) AppleWebKit/537.17 (KHTML, like Gecko) Chrome/24.0.1312.57 Safari/537.17" 25439
192.168.65.93 - - [17/Feb/2013:13:20:52 +0600] "GET / HTTP/1.1" 302 530 "-" "System Center 2012 - Operations Manager 7.0.9538.0" 12637
192.168.65.93 - - [17/Feb/2013:13:20:52 +0600] "GET /site/login HTTP/1.1" 200 2771 "-" "System Center 2012 - Operations Manager 7.0.9538.0" 12424
192.168.12.118 - - [17/Feb/2013:13:21:00 +0600] "GET /site/index HTTP/1.1" 200 4920 "http://callider/employees/index" "Mozilla/5.0 (Windows NT 6.1) AppleWebKit/537.17 (KHTML, like Gecko) Chrome/24.0.1312.57 Safari/537.17" 40694
192.168.74.151 - - [17/Feb/2013:13:21:11 +0600] "GET /tv/useUser HTTP/1.1" 200 431 "http://callider.kontur/graph/general" "Mozilla/5.0 (Windows NT 6.1; WOW64; rv:18.0) Gecko/20100101 Firefox/18.0" 9320
192.168.74.151 - - [17/Feb/2013:13:21:14 +0600] "GET /tv/useUser HTTP/1.1" 200 432 "http://callider.kontur/pause/index" "Mozilla/5.0 (Windows NT 6.1; WOW64; rv:18.0) Gecko/20100101 Firefox/18.0" 14145
192.168.12.9 - - [17/Feb/2013:13:21:39 +0600] "GET /tv/useUser HTTP/1.1" 200 432 "http://callider.kontur/site/index" "Mozilla/5.0 (Windows NT 6.1; WOW64) AppleWebKit/537.17 (KHTML, like Gecko) Chrome/24.0.1312.57 Safari/537.17" 18692
192.168.64.119 - - [17/Feb/2013:13:22:01 +0600] "HEAD / HTTP/1.0" 302 435 "-" "WhatsUp/1.0" 13501
192.168.74.151 - - [17/Feb/2013:13:22:11 +0600] "GET /tv/useUser HTTP/1.1" 200 431 "http://callider.kontur/graph/general" "Mozilla/5.0 (Windows NT 6.1; WOW64; rv:18.0) Gecko/20100101 Firefox/18.0" 10049
192.168.74.151 - - [17/Feb/2013:13:22:14 +0600] "GET /tv/useUser HTTP/1.1" 200 432 "http://callider.kontur/pause/index" "Mozilla/5.0 (Windows NT 6.1; WOW64; rv:18.0) Gecko/20100101 Firefox/18.0" 24037
192.168.12.9 - - [17/Feb/2013:13:22:39 +0600] "GET /tv/useUser HTTP/1.1" 200 432 "http://callider.kontur/site/index" "Mozilla/5.0 (Windows NT 6.1; WOW64) AppleWebKit/537.17 (KHTML, like Gecko) Chrome/24.0.1312.57 Safari/537.17" 17881
192.168.74.151 - - [17/Feb/2013:13:23:11 +0600] "GET /tv/useUser HTTP/1.1" 200 431 "http://callider.kontur/graph/general" "Mozilla/5.0 (Windows NT 6.1; WOW64; rv:18.0) Gecko/20100101 Firefox/18.0" 11164
192.168.74.151 - - [17/Feb/2013:13:23:14 +0600] "GET /tv/useUser HTTP/1.1" 200 432 "http://callider.kontur/pause/index" "Mozilla/5.0 (Windows NT 6.1; WOW64; rv:18.0) Gecko/20100101 Firefox/18.0" 16944
192.168.12.9 - - [17/Feb/2013:13:23:39 +0600] "GET /tv/useUser HTTP/1.1" 200 432 "http://callider.kontur/site/index" "Mozilla/5.0 (Windows NT 6.1; WOW64) AppleWebKit/537.17 (KHTML, like Gecko) Chrome/24.0.1312.57 Safari/537.17" 16140
192.168.74.151 - - [17/Feb/2013:13:24:11 +0600] "GET /tv/useUser HTTP/1.1" 200 431 "http://callider.kontur/graph/general" "Mozilla/5.0 (Windows NT 6.1; WOW64; rv:18.0) Gecko/20100101 Firefox/18.0" 7716
192.168.74.151 - - [17/Feb/2013:13:24:14 +0600] "GET /tv/useUser HTTP/1.1" 200 431 "http://callider.kontur/pause/index" "Mozilla/5.0 (Windows NT 6.1; WOW64; rv:18.0) Gecko/20100101 Firefox/18.0" 8362
192.168.12.9 - - [17/Feb/2013:13:24:39 +0600] "GET /tv/useUser HTTP/1.1" 200 432 "http://callider.kontur/site/index" "Mozilla/5.0 (Windows NT 6.1; WOW64) AppleWebKit/537.17 (KHTML, like Gecko) Chrome/24.0.1312.57 Safari/537.17" 16665
192.168.64.119 - - [17/Feb/2013:13:25:00 +0600] "HEAD / HTTP/1.0" 302 435 "-" "WhatsUp/1.0" 12606
192.168.74.151 - - [17/Feb/2013:13:25:11 +0600] "GET /tv/useUser HTTP/1.1" 200 431 "http://callider.kontur/graph/general" "Mozilla/5.0 (Windows NT 6.1; WOW64; rv:18.0) Gecko/20100101 Firefox/18.0" 9119
192.168.74.151 - - [17/Feb/2013:13:25:14 +0600] "GET /tv/useUser HTTP/1.1" 200 432 "http://callider.kontur/pause/index" "Mozilla/5.0 (Windows NT 6.1; WOW64; rv:18.0) Gecko/20100101 Firefox/18.0" 22010
192.168.12.9 - - [17/Feb/2013:13:25:39 +0600] "GET /tv/useUser HTTP/1.1" 200 432 "http://callider.kontur/site/index" "Mozilla/5.0 (Windows NT 6.1; WOW64) AppleWebKit/537.17 (KHTML, like Gecko) Chrome/24.0.1312.57 Safari/537.17" 17199
192.168.65.93 - - [17/Feb/2013:13:25:52 +0600] "GET / HTTP/1.1" 302 530 "-" "System Center 2012 - Operations Manager 7.0.9538.0" 23422
192.168.65.93 - - [17/Feb/2013:13:25:52 +0600] "GET /site/login HTTP/1.1" 200 2771 "-" "System Center 2012 - Operations Manager 7.0.9538.0" 19362
192.168.74.151 - - [17/Feb/2013:13:26:11 +0600] "GET /tv/useUser HTTP/1.1" 200 431 "http://callider.kontur/graph/general" "Mozilla/5.0 (Windows NT 6.1; WOW64; rv:18.0) Gecko/20100101 Firefox/18.0" 9151
192.168.74.151 - - [17/Feb/2013:13:26:14 +0600] "GET /tv/useUser HTTP/1.1" 200 432 "http://callider.kontur/pause/index" "Mozilla/5.0 (Windows NT 6.1; WOW64; rv:18.0) Gecko/20100101 Firefox/18.0" 14469
192.168.12.9 - - [17/Feb/2013:13:26:39 +0600] "GET /tv/useUser HTTP/1.1" 200 432 "http://callider.kontur/site/index" "Mozilla/5.0 (Windows NT 6.1; WOW64) AppleWebKit/537.17 (KHTML, like Gecko) Chrome/24.0.1312.57 Safari/537.17" 19676
192.168.74.151 - - [17/Feb/2013:13:27:11 +0600] "GET /tv/useUser HTTP/1.1" 200 431 "http://callider.kontur/graph/general" "Mozilla/5.0 (Windows NT 6.1; WOW64; rv:18.0) Gecko/20100101 Firefox/18.0" 9417
192.168.74.151 - - [17/Feb/2013:13:27:14 +0600] "GET /tv/useUser HTTP/1.1" 200 432 "http://callider.kontur/pause/index" "Mozilla/5.0 (Windows NT 6.1; WOW64; rv:18.0) Gecko/20100101 Firefox/18.0" 20455
192.168.12.9 - - [17/Feb/2013:13:27:39 +0600] "GET /tv/useUser HTTP/1.1" 200 432 "http://callider.kontur/site/index" "Mozilla/5.0 (Windows NT 6.1; WOW64) AppleWebKit/537.17 (KHTML, like Gecko) Chrome/24.0.1312.57 Safari/537.17" 15154
192.168.64.119 - - [17/Feb/2013:13:28:00 +0600] "HEAD / HTTP/1.0" 302 435 "-" "WhatsUp/1.0" 13599
192.168.74.151 - - [17/Feb/2013:13:28:11 +0600] "GET /tv/useUser HTTP/1.1" 200 431 "http://callider.kontur/graph/general" "Mozilla/5.0 (Windows NT 6.1; WOW64; rv:18.0) Gecko/20100101 Firefox/18.0" 8233
192.168.74.151 - - [17/Feb/2013:13:28:14 +0600] "GET /tv/useUser HTTP/1.1" 200 432 "http://callider.kontur/pause/index" "Mozilla/5.0 (Windows NT 6.1; WOW64; rv:18.0) Gecko/20100101 Firefox/18.0" 15971
192.168.12.9 - - [17/Feb/2013:13:28:39 +0600] "GET /tv/useUser HTTP/1.1" 200 432 "http://callider.kontur/site/index" "Mozilla/5.0 (Windows NT 6.1; WOW64) AppleWebKit/537.17 (KHTML, like Gecko) Chrome/24.0.1312.57 Safari/537.17" 17901
192.168.12.208 - - [17/Feb/2013:13:28:57 +0600] "POST /pause/pause HTTP/1.1" 302 450 "http://callider/pause/index" "Mozilla/5.0 (Windows NT 6.1; rv:18.0) Gecko/20100101 Firefox/18.0" 67578
192.168.12.208 - - [17/Feb/2013:13:28:57 +0600] "GET /pause/index HTTP/1.1" 200 3098 "http://callider/pause/index" "Mozilla/5.0 (Windows NT 6.1; rv:18.0) Gecko/20100101 Firefox/18.0" 23031
192.168.12.208 - - [17/Feb/2013:13:28:58 +0600] "GET /pause/pause?refresh=user HTTP/1.1" 302 472 "http://callider/pause/index" "Mozilla/5.0 (Windows NT 6.1; rv:18.0) Gecko/20100101 Firefox/18.0" 15602
192.168.12.208 - - [17/Feb/2013:13:28:58 +0600] "GET /pause/index HTTP/1.1" 200 3097 "http://callider/pause/index" "Mozilla/5.0 (Windows NT 6.1; rv:18.0) Gecko/20100101 Firefox/18.0" 28937
192.168.12.208 - - [17/Feb/2013:13:28:59 +0600] "POST /pause/pause HTTP/1.1" 302 450 "http://callider/pause/index" "Mozilla/5.0 (Windows NT 6.1; rv:18.0) Gecko/20100101 Firefox/18.0" 11164
192.168.12.208 - - [17/Feb/2013:13:28:59 +0600] "GET /pause/index HTTP/1.1" 200 3097 "http://callider/pause/index" "Mozilla/5.0 (Windows NT 6.1; rv:18.0) Gecko/20100101 Firefox/18.0" 15028
192.168.74.151 - - [17/Feb/2013:13:29:11 +0600] "GET /tv/useUser HTTP/1.1" 200 431 "http://callider.kontur/graph/general" "Mozilla/5.0 (Windows NT 6.1; WOW64; rv:18.0) Gecko/20100101 Firefox/18.0" 8726
192.168.74.151 - - [17/Feb/2013:13:29:14 +0600] "GET /tv/useUser HTTP/1.1" 200 432 "http://callider.kontur/pause/index" "Mozilla/5.0 (Windows NT 6.1; WOW64; rv:18.0) Gecko/20100101 Firefox/18.0" 14517
192.168.12.9 - - [17/Feb/2013:13:29:39 +0600] "GET /tv/useUser HTTP/1.1" 200 432 "http://callider.kontur/site/index" "Mozilla/5.0 (Windows NT 6.1; WOW64) AppleWebKit/537.17 (KHTML, like Gecko) Chrome/24.0.1312.57 Safari/537.17" 17937
192.168.74.151 - - [17/Feb/2013:13:30:11 +0600] "GET /tv/useUser HTTP/1.1" 200 431 "http://callider.kontur/graph/general" "Mozilla/5.0 (Windows NT 6.1; WOW64; rv:18.0) Gecko/20100101 Firefox/18.0" 9892
192.168.74.151 - - [17/Feb/2013:13:30:14 +0600] "GET /tv/useUser HTTP/1.1" 200 432 "http://callider.kontur/pause/index" "Mozilla/5.0 (Windows NT 6.1; WOW64; rv:18.0) Gecko/20100101 Firefox/18.0" 16261
192.168.12.9 - - [17/Feb/2013:13:30:39 +0600] "GET /tv/useUser HTTP/1.1" 200 432 "http://callider.kontur/site/index" "Mozilla/5.0 (Windows NT 6.1; WOW64) AppleWebKit/537.17 (KHTML, like Gecko) Chrome/24.0.1312.57 Safari/537.17" 18865
192.168.65.93 - - [17/Feb/2013:13:30:52 +0600] "GET / HTTP/1.1" 302 530 "-" "System Center 2012 - Operations Manager 7.0.9538.0" 12438
192.168.65.93 - - [17/Feb/2013:13:30:52 +0600] "GET /site/login HTTP/1.1" 200 2771 "-" "System Center 2012 - Operations Manager 7.0.9538.0" 15583
192.168.64.119 - - [17/Feb/2013:13:31:00 +0600] "HEAD / HTTP/1.0" 302 435 "-" "WhatsUp/1.0" 13006
192.168.74.151 - - [17/Feb/2013:13:31:11 +0600] "GET /tv/useUser HTTP/1.1" 200 431 "http://callider.kontur/graph/general" "Mozilla/5.0 (Windows NT 6.1; WOW64; rv:18.0) Gecko/20100101 Firefox/18.0" 8451
192.168.74.151 - - [17/Feb/2013:13:31:14 +0600] "GET /tv/useUser HTTP/1.1" 200 432 "http://callider.kontur/pause/index" "Mozilla/5.0 (Windows NT 6.1; WOW64; rv:18.0) Gecko/20100101 Firefox/18.0" 17950
192.168.12.9 - - [17/Feb/2013:13:31:39 +0600] "GET /tv/useUser HTTP/1.1" 200 432 "http://callider.kontur/site/index" "Mozilla/5.0 (Windows NT 6.1; WOW64) AppleWebKit/537.17 (KHTML, like Gecko) Chrome/24.0.1312.57 Safari/537.17" 18740
192.168.74.151 - - [17/Feb/2013:13:32:11 +0600] "GET /tv/useUser HTTP/1.1" 200 431 "http://callider.kontur/graph/general" "Mozilla/5.0 (Windows NT 6.1; WOW64; rv:18.0) Gecko/20100101 Firefox/18.0" 9712
192.168.74.151 - - [17/Feb/2013:13:32:14 +0600] "GET /tv/useUser HTTP/1.1" 200 432 "http://callider.kontur/pause/index" "Mozilla/5.0 (Windows NT 6.1; WOW64; rv:18.0) Gecko/20100101 Firefox/18.0" 17030
192.168.12.9 - - [17/Feb/2013:13:32:39 +0600] "GET /tv/useUser HTTP/1.1" 200 432 "http://callider.kontur/site/index" "Mozilla/5.0 (Windows NT 6.1; WOW64) AppleWebKit/537.17 (KHTML, like Gecko) Chrome/24.0.1312.57 Safari/537.17" 14690
192.168.74.151 - - [17/Feb/2013:13:33:11 +0600] "GET /tv/useUser HTTP/1.1" 200 431 "http://callider.kontur/graph/general" "Mozilla/5.0 (Windows NT 6.1; WOW64; rv:18.0) Gecko/20100101 Firefox/18.0" 8824
192.168.74.151 - - [17/Feb/2013:13:33:14 +0600] "GET /tv/useUser HTTP/1.1" 200 432 "http://callider.kontur/pause/index" "Mozilla/5.0 (Windows NT 6.1; WOW64; rv:18.0) Gecko/20100101 Firefox/18.0" 16655
192.168.12.9 - - [17/Feb/2013:13:33:39 +0600] "GET /tv/useUser HTTP/1.1" 200 432 "http://callider.kontur/site/index" "Mozilla/5.0 (Windows NT 6.1; WOW64) AppleWebKit/537.17 (KHTML, like Gecko) Chrome/24.0.1312.57 Safari/537.17" 15262
192.168.64.119 - - [17/Feb/2013:13:34:00 +0600] "HEAD / HTTP/1.0" 302 435 "-" "WhatsUp/1.0" 15790
192.168.74.151 - - [17/Feb/2013:13:34:11 +0600] "GET /tv/useUser HTTP/1.1" 200 431 "http://callider.kontur/graph/general" "Mozilla/5.0 (Windows NT 6.1; WOW64; rv:18.0) Gecko/20100101 Firefox/18.0" 8699
192.168.74.151 - - [17/Feb/2013:13:34:14 +0600] "GET /tv/useUser HTTP/1.1" 200 432 "http://callider.kontur/pause/index" "Mozilla/5.0 (Windows NT 6.1; WOW64; rv:18.0) Gecko/20100101 Firefox/18.0" 16009
192.168.12.9 - - [17/Feb/2013:13:34:39 +0600] "GET /tv/useUser HTTP/1.1" 200 432 "http://callider.kontur/site/index" "Mozilla/5.0 (Windows NT 6.1; WOW64) AppleWebKit/537.17 (KHTML, like Gecko) Chrome/24.0.1312.57 Safari/537.17" 14880
192.168.74.151 - - [17/Feb/2013:13:35:11 +0600] "GET /tv/useUser HTTP/1.1" 200 431 "http://callider.kontur/graph/general" "Mozilla/5.0 (Windows NT 6.1; WOW64; rv:18.0) Gecko/20100101 Firefox/18.0" 9262
192.168.74.151 - - [17/Feb/2013:13:35:14 +0600] "GET /tv/useUser HTTP/1.1" 200 432 "http://callider.kontur/pause/index" "Mozilla/5.0 (Windows NT 6.1; WOW64; rv:18.0) Gecko/20100101 Firefox/18.0" 16893
192.168.12.9 - - [17/Feb/2013:13:35:39 +0600] "GET /tv/useUser HTTP/1.1" 200 432 "http://callider.kontur/site/index" "Mozilla/5.0 (Windows NT 6.1; WOW64) AppleWebKit/537.17 (KHTML, like Gecko) Chrome/24.0.1312.57 Safari/537.17" 15795
192.168.65.93 - - [17/Feb/2013:13:35:52 +0600] "GET / HTTP/1.1" 302 530 "-" "System Center 2012 - Operations Manager 7.0.9538.0" 15683
192.168.65.93 - - [17/Feb/2013:13:35:52 +0600] "GET /site/login HTTP/1.1" 200 2771 "-" "System Center 2012 - Operations Manager 7.0.9538.0" 24039
192.168.74.151 - - [17/Feb/2013:13:36:11 +0600] "GET /tv/useUser HTTP/1.1" 200 431 "http://callider.kontur/graph/general" "Mozilla/5.0 (Windows NT 6.1; WOW64; rv:18.0) Gecko/20100101 Firefox/18.0" 10951
192.168.74.151 - - [17/Feb/2013:13:36:14 +0600] "GET /tv/useUser HTTP/1.1" 200 432 "http://callider.kontur/pause/index" "Mozilla/5.0 (Windows NT 6.1; WOW64; rv:18.0) Gecko/20100101 Firefox/18.0" 13967
192.168.12.9 - - [17/Feb/2013:13:36:39 +0600] "GET /tv/useUser HTTP/1.1" 200 432 "http://callider.kontur/site/index" "Mozilla/5.0 (Windows NT 6.1; WOW64) AppleWebKit/537.17 (KHTML, like Gecko) Chrome/24.0.1312.57 Safari/537.17" 14538
192.168.64.119 - - [17/Feb/2013:13:37:01 +0600] "HEAD / HTTP/1.0" 302 435 "-" "WhatsUp/1.0" 12470
192.168.74.151 - - [17/Feb/2013:13:37:11 +0600] "GET /tv/useUser HTTP/1.1" 200 431 "http://callider.kontur/graph/general" "Mozilla/5.0 (Windows NT 6.1; WOW64; rv:18.0) Gecko/20100101 Firefox/18.0" 9773
192.168.74.151 - - [17/Feb/2013:13:37:14 +0600] "GET /tv/useUser HTTP/1.1" 200 432 "http://callider.kontur/pause/index" "Mozilla/5.0 (Windows NT 6.1; WOW64; rv:18.0) Gecko/20100101 Firefox/18.0" 35288
192.168.12.208 - - [17/Feb/2013:13:37:17 +0600] "POST /pause/pause HTTP/1.1" 302 450 "http://callider/pause/index" "Mozilla/5.0 (Windows NT 6.1; rv:18.0) Gecko/20100101 Firefox/18.0" 12893
192.168.12.208 - - [17/Feb/2013:13:37:18 +0600] "GET /pause/index HTTP/1.1" 200 3098 "http://callider/pause/index" "Mozilla/5.0 (Windows NT 6.1; rv:18.0) Gecko/20100101 Firefox/18.0" 17390
192.168.12.9 - - [17/Feb/2013:13:37:39 +0600] "GET /tv/useUser HTTP/1.1" 200 432 "http://callider.kontur/site/index" "Mozilla/5.0 (Windows NT 6.1; WOW64) AppleWebKit/537.17 (KHTML, like Gecko) Chrome/24.0.1312.57 Safari/537.17" 14348
192.168.74.151 - - [17/Feb/2013:13:38:11 +0600] "GET /tv/useUser HTTP/1.1" 200 431 "http://callider.kontur/graph/general" "Mozilla/5.0 (Windows NT 6.1; WOW64; rv:18.0) Gecko/20100101 Firefox/18.0" 15418
192.168.74.151 - - [17/Feb/2013:13:38:14 +0600] "GET /tv/useUser HTTP/1.1" 200 432 "http://callider.kontur/pause/index" "Mozilla/5.0 (Windows NT 6.1; WOW64; rv:18.0) Gecko/20100101 Firefox/18.0" 14557
192.168.12.9 - - [17/Feb/2013:13:38:39 +0600] "GET /tv/useUser HTTP/1.1" 200 432 "http://callider.kontur/site/index" "Mozilla/5.0 (Windows NT 6.1; WOW64) AppleWebKit/537.17 (KHTML, like Gecko) Chrome/24.0.1312.57 Safari/537.17" 17154
192.168.74.151 - - [17/Feb/2013:13:39:11 +0600] "GET /tv/useUser HTTP/1.1" 200 431 "http://callider.kontur/graph/general" "Mozilla/5.0 (Windows NT 6.1; WOW64; rv:18.0) Gecko/20100101 Firefox/18.0" 9932
192.168.74.151 - - [17/Feb/2013:13:39:14 +0600] "GET /tv/useUser HTTP/1.1" 200 432 "http://callider.kontur/pause/index" "Mozilla/5.0 (Windows NT 6.1; WOW64; rv:18.0) Gecko/20100101 Firefox/18.0" 15678
192.168.12.9 - - [17/Feb/2013:13:39:39 +0600] "GET /tv/useUser HTTP/1.1" 200 432 "http://callider.kontur/site/index" "Mozilla/5.0 (Windows NT 6.1; WOW64) AppleWebKit/537.17 (KHTML, like Gecko) Chrome/24.0.1312.57 Safari/537.17" 14511
192.168.64.119 - - [17/Feb/2013:13:40:00 +0600] "HEAD / HTTP/1.0" 302 435 "-" "WhatsUp/1.0" 14671
192.168.74.151 - - [17/Feb/2013:13:40:11 +0600] "GET /tv/useUser HTTP/1.1" 200 431 "http://callider.kontur/graph/general" "Mozilla/5.0 (Windows NT 6.1; WOW64; rv:18.0) Gecko/20100101 Firefox/18.0" 25615
192.168.74.151 - - [17/Feb/2013:13:40:14 +0600] "GET /tv/useUser HTTP/1.1" 200 431 "http://callider.kontur/pause/index" "Mozilla/5.0 (Windows NT 6.1; WOW64; rv:18.0) Gecko/20100101 Firefox/18.0" 8604
192.168.12.9 - - [17/Feb/2013:13:40:39 +0600] "GET /tv/useUser HTTP/1.1" 200 432 "http://callider.kontur/site/index" "Mozilla/5.0 (Windows NT 6.1; WOW64) AppleWebKit/537.17 (KHTML, like Gecko) Chrome/24.0.1312.57 Safari/537.17" 17363
192.168.65.93 - - [17/Feb/2013:13:40:52 +0600] "GET / HTTP/1.1" 302 530 "-" "System Center 2012 - Operations Manager 7.0.9538.0" 12722
192.168.65.93 - - [17/Feb/2013:13:40:52 +0600] "GET /site/login HTTP/1.1" 200 2771 "-" "System Center 2012 - Operations Manager 7.0.9538.0" 14940
192.168.74.151 - - [17/Feb/2013:13:41:11 +0600] "GET /tv/useUser HTTP/1.1" 200 431 "http://callider.kontur/graph/general" "Mozilla/5.0 (Windows NT 6.1; WOW64; rv:18.0) Gecko/20100101 Firefox/18.0" 9328
192.168.74.151 - - [17/Feb/2013:13:41:14 +0600] "GET /tv/useUser HTTP/1.1" 200 432 "http://callider.kontur/pause/index" "Mozilla/5.0 (Windows NT 6.1; WOW64; rv:18.0) Gecko/20100101 Firefox/18.0" 16020
192.168.12.9 - - [17/Feb/2013:13:41:39 +0600] "GET /tv/useUser HTTP/1.1" 200 432 "http://callider.kontur/site/index" "Mozilla/5.0 (Windows NT 6.1; WOW64) AppleWebKit/537.17 (KHTML, like Gecko) Chrome/24.0.1312.57 Safari/537.17" 15398
192.168.74.151 - - [17/Feb/2013:13:42:11 +0600] "GET /tv/useUser HTTP/1.1" 200 431 "http://callider.kontur/graph/general" "Mozilla/5.0 (Windows NT 6.1; WOW64; rv:18.0) Gecko/20100101 Firefox/18.0" 8593
192.168.74.151 - - [17/Feb/2013:13:42:14 +0600] "GET /tv/useUser HTTP/1.1" 200 432 "http://callider.kontur/pause/index" "Mozilla/5.0 (Windows NT 6.1; WOW64; rv:18.0) Gecko/20100101 Firefox/18.0" 15324
192.168.12.9 - - [17/Feb/2013:13:42:39 +0600] "GET /tv/useUser HTTP/1.1" 200 432 "http://callider.kontur/site/index" "Mozilla/5.0 (Windows NT 6.1; WOW64) AppleWebKit/537.17 (KHTML, like Gecko) Chrome/24.0.1312.57 Safari/537.17" 22105
192.168.64.119 - - [17/Feb/2013:13:43:00 +0600] "HEAD / HTTP/1.0" 302 435 "-" "WhatsUp/1.0" 12878
192.168.74.151 - - [17/Feb/2013:13:43:11 +0600] "GET /tv/useUser HTTP/1.1" 200 431 "http://callider.kontur/graph/general" "Mozilla/5.0 (Windows NT 6.1; WOW64; rv:18.0) Gecko/20100101 Firefox/18.0" 8378
192.168.74.151 - - [17/Feb/2013:13:43:14 +0600] "GET /tv/useUser HTTP/1.1" 200 432 "http://callider.kontur/pause/index" "Mozilla/5.0 (Windows NT 6.1; WOW64; rv:18.0) Gecko/20100101 Firefox/18.0" 17680
192.168.12.9 - - [17/Feb/2013:13:43:39 +0600] "GET /tv/useUser HTTP/1.1" 200 432 "http://callider.kontur/site/index" "Mozilla/5.0 (Windows NT 6.1; WOW64) AppleWebKit/537.17 (KHTML, like Gecko) Chrome/24.0.1312.57 Safari/537.17" 14934
192.168.74.151 - - [17/Feb/2013:13:44:11 +0600] "GET /tv/useUser HTTP/1.1" 200 431 "http://callider.kontur/graph/general" "Mozilla/5.0 (Windows NT 6.1; WOW64; rv:18.0) Gecko/20100101 Firefox/18.0" 9410
192.168.74.151 - - [17/Feb/2013:13:44:14 +0600] "GET /tv/useUser HTTP/1.1" 200 432 "http://callider.kontur/pause/index" "Mozilla/5.0 (Windows NT 6.1; WOW64; rv:18.0) Gecko/20100101 Firefox/18.0" 16894
192.168.12.9 - - [17/Feb/2013:13:44:39 +0600] "GET /tv/useUser HTTP/1.1" 200 432 "http://callider.kontur/site/index" "Mozilla/5.0 (Windows NT 6.1; WOW64) AppleWebKit/537.17 (KHTML, like Gecko) Chrome/24.0.1312.57 Safari/537.17" 14017
192.168.74.151 - - [17/Feb/2013:13:45:11 +0600] "GET /tv/useUser HTTP/1.1" 200 431 "http://callider.kontur/graph/general" "Mozilla/5.0 (Windows NT 6.1; WOW64; rv:18.0) Gecko/20100101 Firefox/18.0" 8088
192.168.74.151 - - [17/Feb/2013:13:45:14 +0600] "GET /tv/useUser HTTP/1.1" 200 432 "http://callider.kontur/pause/index" "Mozilla/5.0 (Windows NT 6.1; WOW64; rv:18.0) Gecko/20100101 Firefox/18.0" 15658
192.168.12.9 - - [17/Feb/2013:13:45:39 +0600] "GET /tv/useUser HTTP/1.1" 200 432 "http://callider.kontur/site/index" "Mozilla/5.0 (Windows NT 6.1; WOW64) AppleWebKit/537.17 (KHTML, like Gecko) Chrome/24.0.1312.57 Safari/537.17" 14511
